<html>
<body>
<pre>
<h1>µVision Build Log</h1>
<h2>Tool Versions:</h2>
IDE-Version: ¦ÌVision V5.25.2.0
Copyright (C) 2018 ARM Ltd and ARM Germany GmbH. All rights reserved.
License Information: Lieke Pencil, HUST, LIC=HN001-CG8NP-H8KFS-LBBJ4-HIEFX-JY5UG
 
Tool Versions:
Toolchain:       MDK-ARM Plus  Version: 5.25.2.0
Toolchain Path:  C:\Keil_v5\ARM\ARMCC\Bin
C Compiler:      Armcc.exe V5.06 update 6 (build 750)
Assembler:       Armasm.exe V5.06 update 6 (build 750)
Linker/Locator:  ArmLink.exe V5.06 update 6 (build 750)
Library Manager: ArmAr.exe V5.06 update 6 (build 750)
Hex Converter:   FromElf.exe V5.06 update 6 (build 750)
CPU DLL:         SARMCM3.DLL V5.25.2.0
Dialog DLL:      DCM.DLL V1.17.1.0
Target DLL:      CMSIS_AGDI.dll V1.29.10.0
Dialog DLL:      TCM.DLL V1.35.1.0
 
<h2>Project:</h2>
D:\File\Project\SoundDetect\MDK-ARM\SoundDetect.uvprojx
Project File Date:  07/12/2019

<h2>Output:</h2>
*** Using Compiler 'V5.06 update 6 (build 750)', folder: 'C:\Keil_v5\ARM\ARMCC\Bin'
Build target 'SoundDetect'
compiling dsp_filter.c...
../Inc/dsp_filter.h(535): warning:  #1295-D: Deprecated declaration dsp_filt - give arg types
  int dsp_filt();
..\Src\dsp_filter.c(27): warning:  #167-D: argument of type "volatile short *" is incompatible with parameter of type "uint16_t *"
  	dsp_ave(adc_buffer);
..\Src\dsp_filter.c(33): warning:  #167-D: argument of type "volatile float32_t *" is incompatible with parameter of type "float32_t *"
  		dsp_print(adc_ave0_buf0);
..\Src\dsp_filter.c(52): warning:  #940-D: missing return statement at end of non-void function "dsp_test" 
  }
..\Src\dsp_filter.c(57): warning:  #940-D: missing return statement at end of non-void function "dsp_init" 
  }
..\Src\dsp_filter.c(66): warning:  #940-D: missing return statement at end of non-void function "dsp_print" 
  }
..\Src\dsp_filter.c(74): warning:  #940-D: missing return statement at end of non-void function "dsp_print2" 
  	}
..\Src\dsp_filter.c(92): warning:  #940-D: missing return statement at end of non-void function "dsp_multi_frequency" 
  }
..\Src\dsp_filter.c(109): warning:  #940-D: missing return statement at end of non-void function "dsp_ave" 
  }
..\Src\dsp_filter.c(120): warning:  #167-D: argument of type "volatile float32_t *" is incompatible with parameter of type "float32_t *"
  		arm_fir_f32(&filter0_inst, adc_ave0_buf0 + (i * BLOCK_SIZE), adc_out_buf0 + (i * BLOCK_SIZE), BLOCK_SIZE);
..\Src\dsp_filter.c(120): warning:  #167-D: argument of type "volatile float32_t *" is incompatible with parameter of type "float32_t *"
  		arm_fir_f32(&filter0_inst, adc_ave0_buf0 + (i * BLOCK_SIZE), adc_out_buf0 + (i * BLOCK_SIZE), BLOCK_SIZE);
..\Src\dsp_filter.c(126): warning:  #940-D: missing return statement at end of non-void function "dsp_filt" 
  }
..\Src\dsp_filter.c(112): warning:  #177-D: variable "j"  was declared but never referenced
  	int i,j;
..\Src\dsp_filter.c(113): warning:  #177-D: variable "state"  was declared but never referenced
  	char state;
..\Src\dsp_filter.c: 14 warnings, 0 errors
linking...
Program Size: Code=32340 RO-data=1912 RW-data=540 ZI-data=93876  
FromELF: creating hex file...
"SoundDetect\SoundDetect.axf" - 0 Error(s), 14 Warning(s).

<h2>Software Packages used:</h2>

Package Vendor: ARM
                http://www.keil.com/pack/ARM.CMSIS.5.3.0.pack
                ARM.CMSIS.5.3.0
                CMSIS (Cortex Microcontroller Software Interface Standard)
   * Component: CORE Version: 5.1.1
   * Component: DSP Version: 1.5.2

Package Vendor: Keil
                http://www.keil.com/pack/Keil.STM32F4xx_DFP.2.7.0.pack
                Keil.STM32F4xx_DFP.2.7.0
                STMicroelectronics STM32F4 Series Device Support, Drivers and Examples

<h2>Collection of Component include folders:</h2>
  .\RTE\_SoundDetect
  C:\Keil_v5\ARM\PACK\ARM\CMSIS\5.3.0\CMSIS\Include
  C:\Keil_v5\ARM\PACK\Keil\STM32F4xx_DFP\2.7.0\Drivers\CMSIS\Device\ST\STM32F4xx\Include

<h2>Collection of Component Files used:</h2>

   * Component: ARM::CMSIS:CORE:5.1.1

   * Component: ARM::CMSIS:DSP:1.5.2
      Library file:  CMSIS\Lib\ARM\arm_cortexM4lf_math.lib
      Include file:  CMSIS\Include\arm_math.h
Build Time Elapsed:  00:00:01
</pre>
</body>
</html>
