Component: ARM Compiler 5.06 update 6 (build 750) Tool: armlink [4d35ed]

==============================================================================

Section Cross References

    startup_stm32f407xx.o(RESET) refers to startup_stm32f407xx.o(STACK) for __initial_sp
    startup_stm32f407xx.o(RESET) refers to startup_stm32f407xx.o(.text) for Reset_Handler
    startup_stm32f407xx.o(RESET) refers to stm32f4xx_it.o(i.NMI_Handler) for NMI_Handler
    startup_stm32f407xx.o(RESET) refers to stm32f4xx_it.o(i.HardFault_Handler) for HardFault_Handler
    startup_stm32f407xx.o(RESET) refers to stm32f4xx_it.o(i.MemManage_Handler) for MemManage_Handler
    startup_stm32f407xx.o(RESET) refers to stm32f4xx_it.o(i.BusFault_Handler) for BusFault_Handler
    startup_stm32f407xx.o(RESET) refers to stm32f4xx_it.o(i.UsageFault_Handler) for UsageFault_Handler
    startup_stm32f407xx.o(RESET) refers to port.o(.emb_text) for SVC_Handler
    startup_stm32f407xx.o(RESET) refers to stm32f4xx_it.o(i.DebugMon_Handler) for DebugMon_Handler
    startup_stm32f407xx.o(RESET) refers to port.o(i.SysTick_Handler) for SysTick_Handler
    startup_stm32f407xx.o(RESET) refers to stm32f4xx_it.o(i.TIM1_UP_TIM10_IRQHandler) for TIM1_UP_TIM10_IRQHandler
    startup_stm32f407xx.o(RESET) refers to stm32f4xx_it.o(i.TIM3_IRQHandler) for TIM3_IRQHandler
    startup_stm32f407xx.o(RESET) refers to stm32f4xx_it.o(i.TIM4_IRQHandler) for TIM4_IRQHandler
    startup_stm32f407xx.o(RESET) refers to stm32f4xx_it.o(i.USART1_IRQHandler) for USART1_IRQHandler
    startup_stm32f407xx.o(RESET) refers to stm32f4xx_it.o(i.USART2_IRQHandler) for USART2_IRQHandler
    startup_stm32f407xx.o(RESET) refers to stm32f4xx_it.o(i.USART3_IRQHandler) for USART3_IRQHandler
    startup_stm32f407xx.o(RESET) refers to stm32f4xx_it.o(i.TIM8_UP_TIM13_IRQHandler) for TIM8_UP_TIM13_IRQHandler
    startup_stm32f407xx.o(RESET) refers to stm32f4xx_it.o(i.DMA2_Stream0_IRQHandler) for DMA2_Stream0_IRQHandler
    startup_stm32f407xx.o(.text) refers to system_stm32f4xx.o(i.SystemInit) for SystemInit
    startup_stm32f407xx.o(.text) refers to entry.o(.ARM.Collect$$$$00000000) for __main
    msg.o(i.msg_msgProc) refers to heap_4.o(i.vPortFree) for vPortFree
    msg.o(i.msg_msgProc) refers to log.o(i.log_header) for log_header
    msg.o(i.msg_msgProc) refers to log.o(i.splitFileName) for splitFileName
    msg.o(i.msg_msgProc) refers to log.o(i.log_print) for log_print
    msg.o(i.msg_msgProc) refers to msg.o(.constdata) for __FUNCTION__
    msg.o(i.msg_sendCmd) refers to heap_4.o(i.pvPortMalloc) for pvPortMalloc
    msg.o(i.msg_sendCmd) refers to log.o(i.log_header) for log_header
    msg.o(i.msg_sendCmd) refers to log.o(i.splitFileName) for splitFileName
    msg.o(i.msg_sendCmd) refers to log.o(i.log_print) for log_print
    msg.o(i.msg_sendCmd) refers to queue.o(i.xQueueGenericSend) for xQueueGenericSend
    msg.o(i.msg_sendCmd) refers to msg.o(.constdata) for __FUNCTION__
    msg.o(i.msg_sendCmd) refers to main.o(.data) for mainQueueHandle
    msg.o(i.msg_sendCoreCmd) refers to queue.o(i.xQueueGenericSendFromISR) for xQueueGenericSendFromISR
    msg.o(i.msg_sendCoreCmd) refers to main.o(.data) for coreQueueHandle
    msg.o(i.msg_sendDSPCmd) refers to msg.o(i.msg_sendCmd) for msg_sendCmd
    msg.o(i.msg_sendData) refers to heap_4.o(i.pvPortMalloc) for pvPortMalloc
    msg.o(i.msg_sendData) refers to log.o(i.log_header) for log_header
    msg.o(i.msg_sendData) refers to log.o(i.splitFileName) for splitFileName
    msg.o(i.msg_sendData) refers to log.o(i.log_print) for log_print
    msg.o(i.msg_sendData) refers to memcpya.o(.text) for __aeabi_memcpy
    msg.o(i.msg_sendData) refers to queue.o(i.xQueueGenericSend) for xQueueGenericSend
    msg.o(i.msg_sendData) refers to msg.o(.constdata) for __FUNCTION__
    msg.o(i.msg_sendData) refers to main.o(.data) for mainQueueHandle
    log.o(i.get_currentTaskName) refers to tasks.o(i.xTaskGetCurrentTaskHandle) for xTaskGetCurrentTaskHandle
    log.o(i.get_currentTaskName) refers to tasks.o(i.pcTaskGetName) for pcTaskGetName
    log.o(i.log_binary) refers to log.o(i.log_print) for log_print
    log.o(i.log_header) refers to log.o(i.print_currentTime) for print_currentTime
    log.o(i.log_header) refers to log.o(i.getLevelString) for getLevelString
    log.o(i.log_header) refers to log.o(i.get_currentTaskName) for get_currentTaskName
    log.o(i.log_header) refers to log.o(i.log_print) for log_print
    log.o(i.log_hex) refers to log.o(i.log_print) for log_print
    log.o(i.log_print) refers to memseta.o(.text) for __aeabi_memclr4
    log.o(i.log_print) refers to printfa.o(i.__0vsnprintf) for vsnprintf
    log.o(i.log_print) refers to strlen.o(.text) for strlen
    log.o(i.log_print) refers to usart.o(i.usart_transmit_data) for usart_transmit_data
    log.o(i.log_print) refers to main.o(.bss) for huart1
    log.o(i.log_print2) refers to memseta.o(.text) for __aeabi_memclr4
    log.o(i.log_print2) refers to printfa.o(i.__0vsnprintf) for vsnprintf
[...]
    .constdata                               0x0800863c   Section       69  debug.o(.constdata)
    __FUNCTION__                             0x0800863c   Data           7  debug.o(.constdata)
    __FUNCTION__                             0x08008664   Data           9  debug.o(.constdata)
    __FUNCTION__                             0x0800866d   Data           9  debug.o(.constdata)
    __FUNCTION__                             0x08008676   Data          11  debug.o(.constdata)
    .constdata                               0x08008684   Section     1061  dsp_filter.o(.constdata)
    __FUNCTION__                             0x08008aa0   Data           9  dsp_filter.o(.constdata)
    .constdata                               0x08008aac   Section       92  main.o(.constdata)
    .constdata                               0x08008b08   Section        8  stm32f4xx_hal_dma.o(.constdata)
    flagBitshiftOffset                       0x08008b08   Data           8  stm32f4xx_hal_dma.o(.constdata)
    .constdata                               0x08008b10   Section       24  system_stm32f4xx.o(.constdata)
    .constdata                               0x08008b28   Section       12  localtime.o(.constdata)
    monlen                                   0x08008b28   Data          12  localtime.o(.constdata)
    .constdata                               0x08008b34   Section       64  ctype_c.o(.constdata)
    .conststring                             0x08008b74   Section       33  main.o(.conststring)
    .data                                    0x20000000   Section        4  timer.o(.data)
    count                                    0x20000000   Data           4  timer.o(.data)
    .data                                    0x20000004   Section       40  app_core.o(.data)
    core_msgMap                              0x20000004   Data          40  app_core.o(.data)
    .data                                    0x2000002c   Section       65  app_main.o(.data)
    main_msgMap                              0x2000002c   Data          56  app_main.o(.data)
    signalFlag                               0x20000064   Data           1  app_main.o(.data)
    timeCNT                                  0x20000066   Data           6  app_main.o(.data)
    cnt                                      0x2000006c   Data           1  app_main.o(.data)
    .data                                    0x20000070   Section        8  app_modem.o(.data)
    modem_msgMap                             0x20000070   Data           8  app_modem.o(.data)
    .data                                    0x20000078   Section      244  debug.o(.data)
    cmd_map                                  0x2000007c   Data         240  debug.o(.data)
    .data                                    0x2000016c   Section        7  timercapture.o(.data)
    .data                                    0x20000174   Section       12  dsp_filter.o(.data)
    z0                                       0x20000178   Data           4  dsp_filter.o(.data)
    z1                                       0x2000017c   Data           4  dsp_filter.o(.data)
    .data                                    0x20000180   Section       32  main.o(.data)
    .data                                    0x200001a0   Section        4  stm32f4xx_it.o(.data)
    timerCNT                                 0x200001a0   Data           2  stm32f4xx_it.o(.data)
    cnt                                      0x200001a2   Data           2  stm32f4xx_it.o(.data)
    .data                                    0x200001a4   Section        9  stm32f4xx_hal.o(.data)
    .data                                    0x200001b0   Section        4  system_stm32f4xx.o(.data)
    .data                                    0x200001b4   Section       60  tasks.o(.data)
    pxDelayedTaskList                        0x200001b8   Data           4  tasks.o(.data)
    pxOverflowDelayedTaskList                0x200001bc   Data           4  tasks.o(.data)
    uxDeletedTasksWaitingCleanUp             0x200001c0   Data           4  tasks.o(.data)
    uxCurrentNumberOfTasks                   0x200001c4   Data           4  tasks.o(.data)
    xTickCount                               0x200001c8   Data           4  tasks.o(.data)
    uxTopReadyPriority                       0x200001cc   Data           4  tasks.o(.data)
    xSchedulerRunning                        0x200001d0   Data           4  tasks.o(.data)
    uxPendedTicks                            0x200001d4   Data           4  tasks.o(.data)
    xYieldPending                            0x200001d8   Data           4  tasks.o(.data)
    xNumOfOverflows                          0x200001dc   Data           4  tasks.o(.data)
    uxTaskNumber                             0x200001e0   Data           4  tasks.o(.data)
    xNextTaskUnblockTime                     0x200001e4   Data           4  tasks.o(.data)
    xIdleTaskHandle                          0x200001e8   Data           4  tasks.o(.data)
    uxSchedulerSuspended                     0x200001ec   Data           4  tasks.o(.data)
    .data                                    0x200001f0   Section       20  timers.o(.data)
    pxCurrentTimerList                       0x200001f0   Data           4  timers.o(.data)
    pxOverflowTimerList                      0x200001f4   Data           4  timers.o(.data)
    xTimerQueue                              0x200001f8   Data           4  timers.o(.data)
    xTimerTaskHandle                         0x200001fc   Data           4  timers.o(.data)
    xLastTime                                0x20000200   Data           4  timers.o(.data)
    .data                                    0x20000204   Section       24  heap_4.o(.data)
    xStart                                   0x20000204   Data           8  heap_4.o(.data)
    pxEnd                                    0x2000020c   Data           4  heap_4.o(.data)
    xFreeBytesRemaining                      0x20000210   Data           4  heap_4.o(.data)
    xMinimumEverFreeBytesRemaining           0x20000214   Data           4  heap_4.o(.data)
    xBlockAllocatedBit                       0x20000218   Data           4  heap_4.o(.data)
    .data                                    0x2000021c   Section       12  port.o(.data)
    uxCriticalNesting                        0x2000021c   Data           4  port.o(.data)
    ucMaxSysCallPriority                     0x20000220   Data           1  port.o(.data)
    ulMaxPRIGROUPValue                       0x20000224   Data           4  port.o(.data)
    .bss                                     0x20000228   Section      603  usart.o(.bss)
    uart1_struct                             0x20000228   Data         201  usart.o(.bss)
    uart2_struct                             0x200002f1   Data         201  usart.o(.bss)
    uart3_struct                             0x200003ba   Data         201  usart.o(.bss)
    .bss                                     0x20000484   Section      208  timer.o(.bss)
    timer_handler                            0x20000484   Data         208  timer.o(.bss)
    .bss                                     0x20000554   Section    13328  dsp_filter.o(.bss)
    .bss                                     0x20003964   Section      640  main.o(.bss)
    .bss                                     0x20003be4   Section       64  stm32f4xx_hal_timebase_tim.o(.bss)
    .bss                                     0x20003c24   Section       64  queue.o(.bss)
    .bss                                     0x20003c64   Section      240  tasks.o(.bss)
    pxReadyTasksLists                        0x20003c64   Data         140  tasks.o(.bss)
    xDelayedTaskList1                        0x20003cf0   Data          20  tasks.o(.bss)
    xDelayedTaskList2                        0x20003d04   Data          20  tasks.o(.bss)
    xPendingReadyList                        0x20003d18   Data          20  tasks.o(.bss)
    xTasksWaitingTermination                 0x20003d2c   Data          20  tasks.o(.bss)
    xSuspendedTaskList                       0x20003d40   Data          20  tasks.o(.bss)
    .bss                                     0x20003d54   Section       40  timers.o(.bss)
    xActiveTimerList1                        0x20003d54   Data          20  timers.o(.bss)
    xActiveTimerList2                        0x20003d68   Data          20  timers.o(.bss)
    .bss                                     0x20003d7c   Section    50000  heap_4.o(.bss)
    ucHeap                                   0x20003d7c   Data       50000  heap_4.o(.bss)
    .bss                                     0x200100cc   Section       44  localtime.o(.bss)
    _tms                                     0x200100cc   Data          44  localtime.o(.bss)
    STACK                                    0x200100f8   Section     1024  startup_stm32f407xx.o(STACK)

    Global Symbols

    Symbol Name                              Value     Ov Type        Size  Object(Section)

    BuildAttributes$$THM_ISAv4$E$P$D$K$B$S$7EM$VFPi3$EXTD16$VFPS$VFMA$PE$A:L22UL41UL21$X:L11$S22US41US21$IEEE1$IW$USESV6$~STKCKD$USESV7$~SHL$OTIME$ROPI$IEEEX$EBA8$MICROLIB$REQ8$PRES8$EABIv2 0x00000000   Number         0  anon$$obj.o ABSOLUTE
    __ARM_use_no_argv                        0x00000000   Number         0  main.o ABSOLUTE
    __cpp_initialize__aeabi_                  - Undefined Weak Reference
    __cxa_finalize                            - Undefined Weak Reference
    _clock_init                               - Undefined Weak Reference
    _microlib_exit                            - Undefined Weak Reference
    _scanf_longlong                           - Undefined Weak Reference
    _scanf_real                               - Undefined Weak Reference
    _scanf_string                             - Undefined Weak Reference
    __Vectors_Size                           0x00000188   Number         0  startup_stm32f407xx.o ABSOLUTE
    __Vectors                                0x08000000   Data           4  startup_stm32f407xx.o(RESET)
    __Vectors_End                            0x08000188   Data           0  startup_stm32f407xx.o(RESET)
    __main                                   0x08000189   Thumb Code     0  entry.o(.ARM.Collect$$$$00000000)
    _main_stk                                0x08000189   Thumb Code     0  entry2.o(.ARM.Collect$$$$00000001)
    _main_scatterload                        0x0800018d   Thumb Code     0  entry5.o(.ARM.Collect$$$$00000004)
    __main_after_scatterload                 0x08000191   Thumb Code     0  entry5.o(.ARM.Collect$$$$00000004)
    _main_clock                              0x08000191   Thumb Code     0  entry7b.o(.ARM.Collect$$$$00000008)
    _main_cpp_init                           0x08000191   Thumb Code     0  entry8b.o(.ARM.Collect$$$$0000000A)
    _main_init                               0x08000191   Thumb Code     0  entry9a.o(.ARM.Collect$$$$0000000B)
    __rt_final_cpp                           0x08000199   Thumb Code     0  entry10a.o(.ARM.Collect$$$$0000000D)
    __rt_final_exit                          0x08000199   Thumb Code     0  entry11a.o(.ARM.Collect$$$$0000000F)
    SVC_Handler                              0x0800019d   Thumb Code    28  port.o(.emb_text)
    __asm___6_port_c_39a90d8d__prvStartFirstTask 0x080001bd   Thumb Code    36  port.o(.emb_text)
    __asm___6_port_c_39a90d8d__prvEnableVFP  0x080001e5   Thumb Code    16  port.o(.emb_text)
    PendSV_Handler                           0x080001f9   Thumb Code    88  port.o(.emb_text)
    vPortGetIPSR                             0x08000255   Thumb Code     6  port.o(.emb_text)
    Reset_Handler                            0x0800025d   Thumb Code     8  startup_stm32f407xx.o(.text)
    ADC_IRQHandler                           0x08000277   Thumb Code     0  startup_stm32f407xx.o(.text)
    CAN1_RX0_IRQHandler                      0x08000277   Thumb Code     0  startup_stm32f407xx.o(.text)
    CAN1_RX1_IRQHandler                      0x08000277   Thumb Code     0  startup_stm32f407xx.o(.text)
    CAN1_SCE_IRQHandler                      0x08000277   Thumb Code     0  startup_stm32f407xx.o(.text)
    CAN1_TX_IRQHandler                       0x08000277   Thumb Code     0  startup_stm32f407xx.o(.text)
    CAN2_RX0_IRQHandler                      0x08000277   Thumb Code     0  startup_stm32f407xx.o(.text)
    CAN2_RX1_IRQHandler                      0x08000277   Thumb Code     0  startup_stm32f407xx.o(.text)
    CAN2_SCE_IRQHandler                      0x08000277   Thumb Code     0  startup_stm32f407xx.o(.text)
    CAN2_TX_IRQHandler                       0x08000277   Thumb Code     0  startup_stm32f407xx.o(.text)
    DCMI_IRQHandler                          0x08000277   Thumb Code     0  startup_stm32f407xx.o(.text)
    DMA1_Stream0_IRQHandler                  0x08000277   Thumb Code     0  startup_stm32f407xx.o(.text)
    DMA1_Stream1_IRQHandler                  0x08000277   Thumb Code     0  startup_stm32f407xx.o(.text)
    DMA1_Stream2_IRQHandler                  0x08000277   Thumb Code     0  startup_stm32f407xx.o(.text)
    DMA1_Stream3_IRQHandler                  0x08000277   Thumb Code     0  startup_stm32f407xx.o(.text)
    DMA1_Stream4_IRQHandler                  0x08000277   Thumb Code     0  startup_stm32f407xx.o(.text)
    DMA1_Stream5_IRQHandler                  0x08000277   Thumb Code     0  startup_stm32f407xx.o(.text)
    DMA1_Stream6_IRQHandler                  0x08000277   Thumb Code     0  startup_stm32f407xx.o(.text)
    DMA1_Stream7_IRQHandler                  0x08000277   Thumb Code     0  startup_stm32f407xx.o(.text)
    DMA2_Stream1_IRQHandler                  0x08000277   Thumb Code     0  startup_stm32f407xx.o(.text)
    DMA2_Stream2_IRQHandler                  0x08000277   Thumb Code     0  startup_stm32f407xx.o(.text)
    DMA2_Stream3_IRQHandler                  0x08000277   Thumb Code     0  startup_stm32f407xx.o(.text)
    DMA2_Stream4_IRQHandler                  0x08000277   Thumb Code     0  startup_stm32f407xx.o(.text)
    DMA2_Stream5_IRQHandler                  0x08000277   Thumb Code     0  startup_stm32f407xx.o(.text)
    DMA2_Stream6_IRQHandler                  0x08000277   Thumb Code     0  startup_stm32f407xx.o(.text)
    DMA2_Stream7_IRQHandler                  0x08000277   Thumb Code     0  startup_stm32f407xx.o(.text)
    ETH_IRQHandler                           0x08000277   Thumb Code     0  startup_stm32f407xx.o(.text)
    ETH_WKUP_IRQHandler                      0x08000277   Thumb Code     0  startup_stm32f407xx.o(.text)
    EXTI0_IRQHandler                         0x08000277   Thumb Code     0  startup_stm32f407xx.o(.text)
    EXTI15_10_IRQHandler                     0x08000277   Thumb Code     0  startup_stm32f407xx.o(.text)
    EXTI1_IRQHandler                         0x08000277   Thumb Code     0  startup_stm32f407xx.o(.text)
    EXTI2_IRQHandler                         0x08000277   Thumb Code     0  startup_stm32f407xx.o(.text)
    EXTI3_IRQHandler                         0x08000277   Thumb Code     0  startup_stm32f407xx.o(.text)
    EXTI4_IRQHandler                         0x08000277   Thumb Code     0  startup_stm32f407xx.o(.text)
    EXTI9_5_IRQHandler                       0x08000277   Thumb Code     0  startup_stm32f407xx.o(.text)
    FLASH_IRQHandler                         0x08000277   Thumb Code     0  startup_stm32f407xx.o(.text)
    FMC_IRQHandler                           0x08000277   Thumb Code     0  startup_stm32f407xx.o(.text)
    FPU_IRQHandler                           0x08000277   Thumb Code     0  startup_stm32f407xx.o(.text)
    HASH_RNG_IRQHandler                      0x08000277   Thumb Code     0  startup_stm32f407xx.o(.text)
    I2C1_ER_IRQHandler                       0x08000277   Thumb Code     0  startup_stm32f407xx.o(.text)
    I2C1_EV_IRQHandler                       0x08000277   Thumb Code     0  startup_stm32f407xx.o(.text)
    I2C2_ER_IRQHandler                       0x08000277   Thumb Code     0  startup_stm32f407xx.o(.text)
    I2C2_EV_IRQHandler                       0x08000277   Thumb Code     0  startup_stm32f407xx.o(.text)
    I2C3_ER_IRQHandler                       0x08000277   Thumb Code     0  startup_stm32f407xx.o(.text)
    I2C3_EV_IRQHandler                       0x08000277   Thumb Code     0  startup_stm32f407xx.o(.text)
    OTG_FS_IRQHandler                        0x08000277   Thumb Code     0  startup_stm32f407xx.o(.text)
    OTG_FS_WKUP_IRQHandler                   0x08000277   Thumb Code     0  startup_stm32f407xx.o(.text)
    OTG_HS_EP1_IN_IRQHandler                 0x08000277   Thumb Code     0  startup_stm32f407xx.o(.text)
    OTG_HS_EP1_OUT_IRQHandler                0x08000277   Thumb Code     0  startup_stm32f407xx.o(.text)
    OTG_HS_IRQHandler                        0x08000277   Thumb Code     0  startup_stm32f407xx.o(.text)
    OTG_HS_WKUP_IRQHandler                   0x08000277   Thumb Code     0  startup_stm32f407xx.o(.text)
    PVD_IRQHandler                           0x08000277   Thumb Code     0  startup_stm32f407xx.o(.text)
    RCC_IRQHandler                           0x08000277   Thumb Code     0  startup_stm32f407xx.o(.text)
    RTC_Alarm_IRQHandler                     0x08000277   Thumb Code     0  startup_stm32f407xx.o(.text)
    RTC_WKUP_IRQHandler                      0x08000277   Thumb Code     0  startup_stm32f407xx.o(.text)
    SDIO_IRQHandler                          0x08000277   Thumb Code     0  startup_stm32f407xx.o(.text)
    SPI1_IRQHandler                          0x08000277   Thumb Code     0  startup_stm32f407xx.o(.text)
    SPI2_IRQHandler                          0x08000277   Thumb Code     0  startup_stm32f407xx.o(.text)
    SPI3_IRQHandler                          0x08000277   Thumb Code     0  startup_stm32f407xx.o(.text)
    TAMP_STAMP_IRQHandler                    0x08000277   Thumb Code     0  startup_stm32f407xx.o(.text)
    TIM1_BRK_TIM9_IRQHandler                 0x08000277   Thumb Code     0  startup_stm32f407xx.o(.text)
    TIM1_CC_IRQHandler                       0x08000277   Thumb Code     0  startup_stm32f407xx.o(.text)
    TIM1_TRG_COM_TIM11_IRQHandler            0x08000277   Thumb Code     0  startup_stm32f407xx.o(.text)
    TIM2_IRQHandler                          0x08000277   Thumb Code     0  startup_stm32f407xx.o(.text)
    TIM5_IRQHandler                          0x08000277   Thumb Code     0  startup_stm32f407xx.o(.text)
    TIM6_DAC_IRQHandler                      0x08000277   Thumb Code     0  startup_stm32f407xx.o(.text)
    TIM7_IRQHandler                          0x08000277   Thumb Code     0  startup_stm32f407xx.o(.text)
    TIM8_BRK_TIM12_IRQHandler                0x08000277   Thumb Code     0  startup_stm32f407xx.o(.text)
    TIM8_CC_IRQHandler                       0x08000277   Thumb Code     0  startup_stm32f407xx.o(.text)
    TIM8_TRG_COM_TIM14_IRQHandler            0x08000277   Thumb Code     0  startup_stm32f407xx.o(.text)
    UART4_IRQHandler                         0x08000277   Thumb Code     0  startup_stm32f407xx.o(.text)
    UART5_IRQHandler                         0x08000277   Thumb Code     0  startup_stm32f407xx.o(.text)
    USART6_IRQHandler                        0x08000277   Thumb Code     0  startup_stm32f407xx.o(.text)
    WWDG_IRQHandler                          0x08000277   Thumb Code     0  startup_stm32f407xx.o(.text)
    arm_mat_init_f32                         0x08000281   Thumb Code     8  arm_mat_init_f32.o(.text)
    arm_mat_mult_f32                         0x08000289   Thumb Code   312  arm_mat_mult_f32.o(.text)
    __aeabi_uldivmod                         0x080003c5   Thumb Code    98  uldiv.o(.text)
    localtime                                0x08000429   Thumb Code   138  localtime.o(.text)
    __aeabi_memcpy                           0x080004bd   Thumb Code    36  memcpya.o(.text)
    __aeabi_memcpy4                          0x080004bd   Thumb Code     0  memcpya.o(.text)
    __aeabi_memcpy8                          0x080004bd   Thumb Code     0  memcpya.o(.text)
    __aeabi_memset                           0x080004e1   Thumb Code    14  memseta.o(.text)
    __aeabi_memset4                          0x080004e1   Thumb Code     0  memseta.o(.text)
    __aeabi_memset8                          0x080004e1   Thumb Code     0  memseta.o(.text)
    __aeabi_memclr                           0x080004ef   Thumb Code     4  memseta.o(.text)
    __aeabi_memclr4                          0x080004ef   Thumb Code     0  memseta.o(.text)
    __aeabi_memclr8                          0x080004ef   Thumb Code     0  memseta.o(.text)
    memset                                   0x080004f3   Thumb Code    18  memseta.o(.text)
    strlen                                   0x08000505   Thumb Code    14  strlen.o(.text)
    strncmp                                  0x08000513   Thumb Code    30  strncmp.o(.text)
    strrchr                                  0x08000531   Thumb Code    32  strrchr.o(.text)
    __0sscanf                                0x08000551   Thumb Code    48  __0sscanf.o(.text)
    _scanf_int                               0x08000589   Thumb Code   332  _scanf_int.o(.text)
    __aeabi_dadd                             0x080006d5   Thumb Code   322  dadd.o(.text)
    __aeabi_dsub                             0x08000817   Thumb Code     6  dadd.o(.text)
    __aeabi_drsub                            0x0800081d   Thumb Code     6  dadd.o(.text)
    __aeabi_dmul                             0x08000823   Thumb Code   228  dmul.o(.text)
    __aeabi_ddiv                             0x08000907   Thumb Code   222  ddiv.o(.text)
    __aeabi_f2d                              0x080009e5   Thumb Code    38  f2d.o(.text)
    __aeabi_uidiv                            0x08000a0b   Thumb Code     0  uidiv.o(.text)
    __aeabi_uidivmod                         0x08000a0b   Thumb Code    44  uidiv.o(.text)
    __aeabi_llsl                             0x08000a37   Thumb Code    30  llshl.o(.text)
    _ll_shift_l                              0x08000a37   Thumb Code     0  llshl.o(.text)
    __aeabi_llsr                             0x08000a55   Thumb Code    32  llushr.o(.text)
    _ll_ushift_r                             0x08000a55   Thumb Code     0  llushr.o(.text)
    __aeabi_lasr                             0x08000a75   Thumb Code    36  llsshr.o(.text)
    _ll_sshift_r                             0x08000a75   Thumb Code     0  llsshr.o(.text)
    _chval                                   0x08000a99   Thumb Code    28  _chval.o(.text)
    __vfscanf_char                           0x08000ac1   Thumb Code    20  scanf_char.o(.text)
    _sgetc                                   0x08000add   Thumb Code    30  _sgetc.o(.text)
    _sbackspace                              0x08000afb   Thumb Code    34  _sgetc.o(.text)
    __I$use$fp                               0x08000b1d   Thumb Code     0  iusefp.o(.text)
    _double_round                            0x08000b1d   Thumb Code    30  depilogue.o(.text)
    _double_epilogue                         0x08000b3b   Thumb Code   156  depilogue.o(.text)
    __aeabi_d2ulz                            0x08000bd7   Thumb Code    48  dfixul.o(.text)
    __aeabi_cdrcmple                         0x08000c09   Thumb Code    48  cdrcmple.o(.text)
    __scatterload                            0x08000c39   Thumb Code    28  init.o(.text)
    __scatterload_rt2                        0x08000c39   Thumb Code     0  init.o(.text)
    isspace                                  0x08000c5d   Thumb Code    10  isspace_c.o(.text)
    __vfscanf                                0x08000c69   Thumb Code   808  _scanf.o(.text)
    __ctype_lookup                           0x08000f95   Thumb Code    34  ctype_c.o(.text)
    __decompress                             0x08000fbd   Thumb Code     0  __dczerorl2.o(.text)
    __decompress1                            0x08000fbd   Thumb Code    86  __dczerorl2.o(.text)
    BusFault_Handler                         0x08001219   Thumb Code     4  stm32f4xx_it.o(i.BusFault_Handler)
    DMA2_Stream0_IRQHandler                  0x0800121d   Thumb Code    62  stm32f4xx_it.o(i.DMA2_Stream0_IRQHandler)
    DebugMon_Handler                         0x08001377   Thumb Code     2  stm32f4xx_it.o(i.DebugMon_Handler)
    Error_Handler                            0x08001379   Thumb Code     2  main.o(i.Error_Handler)
    HAL_ADC_ConfigChannel                    0x0800137d   Thumb Code   380  stm32f4xx_hal_adc.o(i.HAL_ADC_ConfigChannel)
    HAL_ADC_ConvCpltCallback                 0x08001509   Thumb Code     2  stm32f4xx_hal_adc.o(i.HAL_ADC_ConvCpltCallback)
    HAL_ADC_ConvHalfCpltCallback             0x0800150b   Thumb Code     2  stm32f4xx_hal_adc.o(i.HAL_ADC_ConvHalfCpltCallback)
    HAL_ADC_ErrorCallback                    0x0800150d   Thumb Code     2  stm32f4xx_hal_adc.o(i.HAL_ADC_ErrorCallback)
    HAL_ADC_Init                             0x08001511   Thumb Code   100  stm32f4xx_hal_adc.o(i.HAL_ADC_Init)
    HAL_ADC_MspInit                          0x08001579   Thumb Code   176  stm32f4xx_hal_msp.o(i.HAL_ADC_MspInit)
    HAL_ADC_Start_DMA                        0x0800163d   Thumb Code   352  stm32f4xx_hal_adc.o(i.HAL_ADC_Start_DMA)
    HAL_DMA_Abort_IT                         0x080017c1   Thumb Code    40  stm32f4xx_hal_dma.o(i.HAL_DMA_Abort_IT)
    HAL_DMA_IRQHandler                       0x080017e9   Thumb Code   570  stm32f4xx_hal_dma.o(i.HAL_DMA_IRQHandler)
    HAL_DMA_Init                             0x08001a29   Thumb Code   232  stm32f4xx_hal_dma.o(i.HAL_DMA_Init)
    HAL_DMA_Start_IT                         0x08001b15   Thumb Code   158  stm32f4xx_hal_dma.o(i.HAL_DMA_Start_IT)
    HAL_GPIO_Init                            0x08001bb5   Thumb Code   466  stm32f4xx_hal_gpio.o(i.HAL_GPIO_Init)
    HAL_GPIO_WritePin                        0x08001db5   Thumb Code    12  stm32f4xx_hal_gpio.o(i.HAL_GPIO_WritePin)
    HAL_GetTick                              0x08001dc1   Thumb Code     6  stm32f4xx_hal.o(i.HAL_GetTick)
    HAL_IncTick                              0x08001dcd   Thumb Code    16  stm32f4xx_hal.o(i.HAL_IncTick)
    HAL_Init                                 0x08001de5   Thumb Code    54  stm32f4xx_hal.o(i.HAL_Init)
    HAL_InitTick                             0x08001e21   Thumb Code   122  stm32f4xx_hal_timebase_tim.o(i.HAL_InitTick)
    HAL_MspInit                              0x08001ead   Thumb Code    78  stm32f4xx_hal_msp.o(i.HAL_MspInit)
    HAL_NVIC_EnableIRQ                       0x08001f01   Thumb Code    32  stm32f4xx_hal_cortex.o(i.HAL_NVIC_EnableIRQ)
    HAL_NVIC_SetPriority                     0x08001f21   Thumb Code   124  stm32f4xx_hal_cortex.o(i.HAL_NVIC_SetPriority)
    HAL_NVIC_SetPriorityGrouping             0x08001f9d   Thumb Code    32  stm32f4xx_hal_cortex.o(i.HAL_NVIC_SetPriorityGrouping)
    HAL_RCC_ClockConfig                      0x08001fc5   Thumb Code   366  stm32f4xx_hal_rcc.o(i.HAL_RCC_ClockConfig)
    HAL_RCC_GetClockConfig                   0x08002145   Thumb Code    58  stm32f4xx_hal_rcc.o(i.HAL_RCC_GetClockConfig)
    HAL_RCC_GetHCLKFreq                      0x08002189   Thumb Code     6  stm32f4xx_hal_rcc.o(i.HAL_RCC_GetHCLKFreq)
    HAL_RCC_GetPCLK1Freq                     0x08002195   Thumb Code    22  stm32f4xx_hal_rcc.o(i.HAL_RCC_GetPCLK1Freq)
    HAL_RCC_GetPCLK2Freq                     0x080021b5   Thumb Code    22  stm32f4xx_hal_rcc.o(i.HAL_RCC_GetPCLK2Freq)
    HAL_RCC_GetSysClockFreq                  0x080021d5   Thumb Code   162  stm32f4xx_hal_rcc.o(i.HAL_RCC_GetSysClockFreq)
    HAL_RCC_OscConfig                        0x08002285   Thumb Code  1086  stm32f4xx_hal_rcc.o(i.HAL_RCC_OscConfig)
    HAL_SPI_Init                             0x080026cd   Thumb Code   140  stm32f4xx_hal_spi.o(i.HAL_SPI_Init)
    HAL_SPI_MspInit                          0x08002759   Thumb Code   122  stm32f4xx_hal_msp.o(i.HAL_SPI_MspInit)
    HAL_TIMEx_BreakCallback                  0x080027e1   Thumb Code     2  stm32f4xx_hal_tim_ex.o(i.HAL_TIMEx_BreakCallback)
    HAL_TIMEx_CommutCallback                 0x080027e3   Thumb Code     2  stm32f4xx_hal_tim_ex.o(i.HAL_TIMEx_CommutCallback)
    HAL_TIMEx_MasterConfigSynchronization    0x080027e5   Thumb Code    84  stm32f4xx_hal_tim_ex.o(i.HAL_TIMEx_MasterConfigSynchronization)
    HAL_TIM_Base_Init                        0x08002839   Thumb Code    52  stm32f4xx_hal_tim.o(i.HAL_TIM_Base_Init)
    HAL_TIM_Base_MspInit                     0x0800286d   Thumb Code   312  stm32f4xx_hal_msp.o(i.HAL_TIM_Base_MspInit)
    HAL_TIM_Base_Start_IT                    0x080029bd   Thumb Code    42  stm32f4xx_hal_tim.o(i.HAL_TIM_Base_Start_IT)
    HAL_TIM_ConfigClockSource                0x080029e7   Thumb Code   264  stm32f4xx_hal_tim.o(i.HAL_TIM_ConfigClockSource)
    HAL_TIM_IC_CaptureCallback               0x08002af1   Thumb Code   172  timercapture.o(i.HAL_TIM_IC_CaptureCallback)
    HAL_TIM_IC_ConfigChannel                 0x08002bd9   Thumb Code   224  stm32f4xx_hal_tim.o(i.HAL_TIM_IC_ConfigChannel)
    HAL_TIM_IC_Init                          0x08002cb9   Thumb Code    52  stm32f4xx_hal_tim.o(i.HAL_TIM_IC_Init)
    HAL_TIM_IC_MspInit                       0x08002ced   Thumb Code     2  stm32f4xx_hal_tim.o(i.HAL_TIM_IC_MspInit)
    HAL_TIM_IC_Start_IT                      0x08002cef   Thumb Code   120  stm32f4xx_hal_tim.o(i.HAL_TIM_IC_Start_IT)
    HAL_TIM_IRQHandler                       0x08002d67   Thumb Code   406  stm32f4xx_hal_tim.o(i.HAL_TIM_IRQHandler)
    HAL_TIM_OC_DelayElapsedCallback          0x08002efd   Thumb Code     2  stm32f4xx_hal_tim.o(i.HAL_TIM_OC_DelayElapsedCallback)
    HAL_TIM_PWM_PulseFinishedCallback        0x08002eff   Thumb Code     2  stm32f4xx_hal_tim.o(i.HAL_TIM_PWM_PulseFinishedCallback)
    HAL_TIM_PeriodElapsedCallback            0x08002f01   Thumb Code    18  main.o(i.HAL_TIM_PeriodElapsedCallback)
    HAL_TIM_TriggerCallback                  0x08002f19   Thumb Code     2  stm32f4xx_hal_tim.o(i.HAL_TIM_TriggerCallback)
    HAL_UART_AbortReceiveCpltCallback        0x08002f1b   Thumb Code     2  stm32f4xx_hal_uart.o(i.HAL_UART_AbortReceiveCpltCallback)
    HAL_UART_AbortReceive_IT                 0x08002f1d   Thumb Code   116  stm32f4xx_hal_uart.o(i.HAL_UART_AbortReceive_IT)
    HAL_UART_ErrorCallback                   0x08002f95   Thumb Code     2  stm32f4xx_hal_uart.o(i.HAL_UART_ErrorCallback)
    HAL_UART_IRQHandler                      0x08002f99   Thumb Code   328  stm32f4xx_hal_uart.o(i.HAL_UART_IRQHandler)
    HAL_UART_Init                            0x080030e5   Thumb Code   114  stm32f4xx_hal_uart.o(i.HAL_UART_Init)
    HAL_UART_MspInit                         0x08003159   Thumb Code   394  stm32f4xx_hal_msp.o(i.HAL_UART_MspInit)
    HAL_UART_Receive_IT                      0x08003301   Thumb Code   112  stm32f4xx_hal_uart.o(i.HAL_UART_Receive_IT)
    HAL_UART_RxCpltCallback                  0x08003371   Thumb Code     2  stm32f4xx_hal_uart.o(i.HAL_UART_RxCpltCallback)
    HAL_UART_Transmit                        0x08003373   Thumb Code   214  stm32f4xx_hal_uart.o(i.HAL_UART_Transmit)
    HAL_UART_TxCpltCallback                  0x08003449   Thumb Code     2  stm32f4xx_hal_uart.o(i.HAL_UART_TxCpltCallback)
    HardFault_Handler                        0x0800344b   Thumb Code     4  stm32f4xx_it.o(i.HardFault_Handler)
    MemManage_Handler                        0x080038b1   Thumb Code     4  stm32f4xx_it.o(i.MemManage_Handler)
    NMI_Handler                              0x080038b5   Thumb Code     2  stm32f4xx_it.o(i.NMI_Handler)
    SysTick_Handler                          0x080038b9   Thumb Code    46  port.o(i.SysTick_Handler)
    SystemClock_Config                       0x080038ed   Thumb Code   174  main.o(i.SystemClock_Config)
    SystemInit                               0x080039a5   Thumb Code    82  system_stm32f4xx.o(i.SystemInit)
    TIM1_UP_TIM10_IRQHandler                 0x08003a09   Thumb Code    10  stm32f4xx_it.o(i.TIM1_UP_TIM10_IRQHandler)
    TIM3_IRQHandler                          0x08003a19   Thumb Code    10  stm32f4xx_it.o(i.TIM3_IRQHandler)
    TIM4_IRQHandler                          0x08003a29   Thumb Code    10  stm32f4xx_it.o(i.TIM4_IRQHandler)
    TIM8_UP_TIM13_IRQHandler                 0x08003a39   Thumb Code    10  stm32f4xx_it.o(i.TIM8_UP_TIM13_IRQHandler)
    TIM_Base_SetConfig                       0x08003a49   Thumb Code   170  stm32f4xx_hal_tim.o(i.TIM_Base_SetConfig)
    TIM_CCxChannelCmd                        0x08003b21   Thumb Code    34  stm32f4xx_hal_tim.o(i.TIM_CCxChannelCmd)
    TIM_ETR_SetConfig                        0x08003b43   Thumb Code    22  stm32f4xx_hal_tim.o(i.TIM_ETR_SetConfig)
    TIM_TI1_SetConfig                        0x08003b91   Thumb Code   114  stm32f4xx_hal_tim.o(i.TIM_TI1_SetConfig)
    USART1_IRQHandler                        0x08004245   Thumb Code    28  stm32f4xx_it.o(i.USART1_IRQHandler)
    USART2_IRQHandler                        0x08004265   Thumb Code    28  stm32f4xx_it.o(i.USART2_IRQHandler)
    USART3_IRQHandler                        0x08004285   Thumb Code    28  stm32f4xx_it.o(i.USART3_IRQHandler)
    UsageFault_Handler                       0x080042a5   Thumb Code     4  stm32f4xx_it.o(i.UsageFault_Handler)
    __0vsnprintf                             0x080042a9   Thumb Code    40  printfa.o(i.__0vsnprintf)
    __1vsnprintf                             0x080042a9   Thumb Code     0  printfa.o(i.__0vsnprintf)
    __2vsnprintf                             0x080042a9   Thumb Code     0  printfa.o(i.__0vsnprintf)
    __c89vsnprintf                           0x080042a9   Thumb Code     0  printfa.o(i.__0vsnprintf)
    vsnprintf                                0x080042a9   Thumb Code     0  printfa.o(i.__0vsnprintf)
    __scatterload_copy                       0x0800430d   Thumb Code    14  handlers.o(i.__scatterload_copy)
    __scatterload_null                       0x0800431b   Thumb Code     2  handlers.o(i.__scatterload_null)
    __scatterload_zeroinit                   0x0800431d   Thumb Code    14  handlers.o(i.__scatterload_zeroinit)
    app_core                                 0x08004bf5   Thumb Code    62  app_core.o(i.app_core)
    app_main                                 0x08004c71   Thumb Code    64  app_main.o(i.app_main)
    app_modem                                0x08004cf1   Thumb Code    64  app_modem.o(i.app_modem)
    cmdSend                                  0x08004d71   Thumb Code    26  idiotelement.o(i.cmdSend)
    cmd_write                                0x0800519b   Thumb Code   110  idiotelement.o(i.cmd_write)
    config_write                             0x08005209   Thumb Code   122  idiotelement.o(i.config_write)
    debug_proc                               0x080053ad   Thumb Code   136  debug.o(i.debug_proc)
    dsp_ave                                  0x08005471   Thumb Code   100  dsp_filter.o(i.dsp_ave)
    dsp_filt                                 0x080054dd   Thumb Code    46  dsp_filter.o(i.dsp_filt)
    dsp_iir_2_cal_unit                       0x08005511   Thumb Code    78  dsp_filter.o(i.dsp_iir_2_cal_unit)
    dsp_print2                               0x08005575   Thumb Code    94  dsp_filter.o(i.dsp_print2)
    dsp_raising_detect                       0x080055dd   Thumb Code   122  dsp_filter.o(i.dsp_raising_detect)
    dsp_test                                 0x0800565d   Thumb Code   586  dsp_filter.o(i.dsp_test)
    log_header                               0x08005a49   Thumb Code    34  log.o(i.log_header)
    log_hex                                  0x08005a79   Thumb Code   234  log.o(i.log_hex)
    log_print                                0x08005b99   Thumb Code    66  log.o(i.log_print)
    log_print2                               0x08005be1   Thumb Code    66  log.o(i.log_print2)
    main                                     0x08005c29   Thumb Code   320  main.o(i.main)
    msg_msgProc                              0x080062b5   Thumb Code   162  msg.o(i.msg_msgProc)
    msg_sendCmd                              0x080063b1   Thumb Code   112  msg.o(i.msg_sendCmd)
    msg_sendCoreCmd                          0x08006461   Thumb Code    22  msg.o(i.msg_sendCoreCmd)
    msg_sendDSPCmd                           0x0800647d   Thumb Code    12  msg.o(i.msg_sendDSPCmd)
    msg_sendData                             0x08006489   Thumb Code   138  msg.o(i.msg_sendData)
    osKernelStart                            0x08006599   Thumb Code    10  cmsis_os.o(i.osKernelStart)
    osMessageCreate                          0x080065a3   Thumb Code    18  cmsis_os.o(i.osMessageCreate)
    osThreadCreate                           0x080065b5   Thumb Code    48  cmsis_os.o(i.osThreadCreate)
    osTimerCreate                            0x080065e5   Thumb Code    36  cmsis_os.o(i.osTimerCreate)
    osTimerStart                             0x0800660d   Thumb Code   100  cmsis_os.o(i.osTimerStart)
    pcTaskGetName                            0x08006675   Thumb Code    44  tasks.o(i.pcTaskGetName)
    pvPortMalloc                             0x0800707d   Thumb Code   296  heap_4.o(i.pvPortMalloc)
    pxPortInitialiseStack                    0x080071b9   Thumb Code    38  port.o(i.pxPortInitialiseStack)
    splitFileName                            0x080071e5   Thumb Code    58  log.o(i.splitFileName)
    stm32_init                               0x08007221   Thumb Code    20  app_main.o(i.stm32_init)
    timer1_cb                                0x08007239   Thumb Code    20  timer.o(i.timer1_cb)
    timer2_cb                                0x08007251   Thumb Code     2  main.o(i.timer2_cb)
    timer_start                              0x08007255   Thumb Code    44  timer.o(i.timer_start)
    timer_update_IT                          0x08007285   Thumb Code   108  timer.o(i.timer_update_IT)
    usart1_recvData_IT                       0x08007331   Thumb Code    14  usart.o(i.usart1_recvData_IT)
    usart2_recvData_IT                       0x0800737d   Thumb Code    14  usart.o(i.usart2_recvData_IT)
    usart3_recvData_IT                       0x080073c9   Thumb Code    14  usart.o(i.usart3_recvData_IT)
    usart_init                               0x08007415   Thumb Code    66  usart.o(i.usart_init)
    usart_transmit_data                      0x080074a1   Thumb Code    32  usart.o(i.usart_transmit_data)
    uxListRemove                             0x080074c1   Thumb Code    40  list.o(i.uxListRemove)
    vListInitialise                          0x080074e9   Thumb Code    26  list.o(i.vListInitialise)
    vListInitialiseItem                      0x08007503   Thumb Code     6  list.o(i.vListInitialiseItem)
    vListInsert                              0x08007509   Thumb Code    52  list.o(i.vListInsert)
    vListInsertEnd                           0x0800753d   Thumb Code    24  list.o(i.vListInsertEnd)
    vPortEnterCritical                       0x08007555   Thumb Code    76  port.o(i.vPortEnterCritical)
    vPortExitCritical                        0x080075a9   Thumb Code    56  port.o(i.vPortExitCritical)
    vPortFree                                0x080075e5   Thumb Code   140  heap_4.o(i.vPortFree)
    vPortSetupTimerInterrupt                 0x08007679   Thumb Code    36  port.o(i.vPortSetupTimerInterrupt)
    vPortValidateInterruptPriority           0x080076a1   Thumb Code   106  port.o(i.vPortValidateInterruptPriority)
    vQueueAddToRegistry                      0x08007719   Thumb Code    38  queue.o(i.vQueueAddToRegistry)
    vQueueWaitForMessageRestricted           0x08007745   Thumb Code    74  queue.o(i.vQueueWaitForMessageRestricted)
    vTaskInternalSetTimeOutState             0x08007791   Thumb Code    14  tasks.o(i.vTaskInternalSetTimeOutState)
    vTaskMissedYield                         0x080077a9   Thumb Code     8  tasks.o(i.vTaskMissedYield)
    vTaskPlaceOnEventList                    0x080077b5   Thumb Code    52  tasks.o(i.vTaskPlaceOnEventList)
    vTaskPlaceOnEventListRestricted          0x080077ed   Thumb Code    60  tasks.o(i.vTaskPlaceOnEventListRestricted)
    vTaskStartScheduler                      0x0800782d   Thumb Code   120  tasks.o(i.vTaskStartScheduler)
    vTaskSuspendAll                          0x080078c1   Thumb Code    12  tasks.o(i.vTaskSuspendAll)
    vTaskSwitchContext                       0x080078d1   Thumb Code   118  tasks.o(i.vTaskSwitchContext)
    xPortStartScheduler                      0x0800795d   Thumb Code   330  port.o(i.xPortStartScheduler)
    xQueueGenericCreate                      0x08007ac5   Thumb Code    88  queue.o(i.xQueueGenericCreate)
    xQueueGenericReset                       0x08007b1d   Thumb Code   146  queue.o(i.xQueueGenericReset)
    xQueueGenericSend                        0x08007bb5   Thumb Code   420  queue.o(i.xQueueGenericSend)
    xQueueGenericSendFromISR                 0x08007d5d   Thumb Code   248  queue.o(i.xQueueGenericSendFromISR)
    xQueueReceive                            0x08007e55   Thumb Code   356  queue.o(i.xQueueReceive)
    xTaskCheckForTimeOut                     0x08007fbd   Thumb Code   132  tasks.o(i.xTaskCheckForTimeOut)
    xTaskCreate                              0x08008049   Thumb Code    96  tasks.o(i.xTaskCreate)
    xTaskGetCurrentTaskHandle                0x080080a9   Thumb Code     6  tasks.o(i.xTaskGetCurrentTaskHandle)
    xTaskGetSchedulerState                   0x080080b5   Thumb Code    24  tasks.o(i.xTaskGetSchedulerState)
    xTaskGetTickCount                        0x080080d5   Thumb Code     6  tasks.o(i.xTaskGetTickCount)
    xTaskIncrementTick                       0x080080e1   Thumb Code   282  tasks.o(i.xTaskIncrementTick)
    xTaskPriorityDisinherit                  0x08008229   Thumb Code   188  tasks.o(i.xTaskPriorityDisinherit)
    xTaskRemoveFromEventList                 0x080082f1   Thumb Code   128  tasks.o(i.xTaskRemoveFromEventList)
    xTaskResumeAll                           0x08008389   Thumb Code   224  tasks.o(i.xTaskResumeAll)
    xTimerCreate                             0x0800848d   Thumb Code    48  timers.o(i.xTimerCreate)
    xTimerCreateTimerTask                    0x080084bd   Thumb Code    64  timers.o(i.xTimerCreateTimerTask)
    xTimerGenericCommand                     0x08008511   Thumb Code   126  timers.o(i.xTimerGenericCommand)
    sin_wave_12ADC                           0x08008684   Data        1024  dsp_filter.o(.constdata)
    IIR_n1                                   0x08008a84   Data           4  dsp_filter.o(.constdata)
    IIR_n2                                   0x08008a88   Data           4  dsp_filter.o(.constdata)
    IIR_d1                                   0x08008a8c   Data           4  dsp_filter.o(.constdata)
    IIR_d2                                   0x08008a90   Data           4  dsp_filter.o(.constdata)
    IIR_g                                    0x08008a94   Data           4  dsp_filter.o(.constdata)
    therehold_down                           0x08008a98   Data           4  dsp_filter.o(.constdata)
    therehold_up                             0x08008a9c   Data           4  dsp_filter.o(.constdata)
    AHBPrescTable                            0x08008b10   Data          16  system_stm32f4xx.o(.constdata)
    APBPrescTable                            0x08008b20   Data           8  system_stm32f4xx.o(.constdata)
    __ctype_categories                       0x08008b34   Data          64  ctype_c.o(.constdata)
    Region$$Table$$Base                      0x08008b98   Number         0  anon$$obj.o(Region$$Table)
    Region$$Table$$Limit                     0x08008bb8   Number         0  anon$$obj.o(Region$$Table)
    moving                                   0x20000078   Data           1  debug.o(.data)
    gyro                                     0x20000079   Data           1  debug.o(.data)
    data                                     0x2000016c   Data           6  timercapture.o(.data)
    captureFlag                              0x20000172   Data           1  timercapture.o(.data)
    point_per_period                         0x20000174   Data           2  dsp_filter.o(.data)
    coreTaskHandle                           0x20000180   Data           4  main.o(.data)
    mainTaskHandle                           0x20000184   Data           4  main.o(.data)
    modemTaskHandle                          0x20000188   Data           4  main.o(.data)
    coreQueueHandle                          0x2000018c   Data           4  main.o(.data)
    mainQueueHandle                          0x20000190   Data           4  main.o(.data)
    modemQueueHandle                         0x20000194   Data           4  main.o(.data)
    timer1Handle                             0x20000198   Data           4  main.o(.data)
    timer2Handle                             0x2000019c   Data           4  main.o(.data)
    uwTick                                   0x200001a4   Data           4  stm32f4xx_hal.o(.data)
    uwTickPrio                               0x200001a8   Data           4  stm32f4xx_hal.o(.data)
    uwTickFreq                               0x200001ac   Data           1  stm32f4xx_hal.o(.data)
    SystemCoreClock                          0x200001b0   Data           4  system_stm32f4xx.o(.data)
    pxCurrentTCB                             0x200001b4   Data           4  tasks.o(.data)
    adc_buffer                               0x20000554   Data        1536  dsp_filter.o(.bss)
    adc_ave0_buf0                            0x20000b54   Data        1024  dsp_filter.o(.bss)
    adc_ave0_buf1                            0x20000f54   Data        1024  dsp_filter.o(.bss)
    adc_ave0_buf2                            0x20001354   Data        1024  dsp_filter.o(.bss)
    adc_mult_buf0                            0x20001754   Data        1024  dsp_filter.o(.bss)
    adc_mult_buf1                            0x20001b54   Data        1024  dsp_filter.o(.bss)
    adc_mult_buf2                            0x20001f54   Data        1024  dsp_filter.o(.bss)
    adc_out_buf0                             0x20002354   Data        1024  dsp_filter.o(.bss)
    adc_out_buf1                             0x20002754   Data        1024  dsp_filter.o(.bss)
    adc_out_buf2                             0x20002b54   Data        1024  dsp_filter.o(.bss)
    adc_ch0                                  0x20002f54   Data         512  dsp_filter.o(.bss)
    adc_ch1                                  0x20003154   Data         512  dsp_filter.o(.bss)
    adc_ch2                                  0x20003354   Data         512  dsp_filter.o(.bss)
    adc_ave                                  0x20003554   Data          12  dsp_filter.o(.bss)
    first_state                              0x20003560   Data        1028  dsp_filter.o(.bss)
    hadc1                                    0x20003964   Data          72  main.o(.bss)
    hdma_adc1                                0x200039ac   Data          96  main.o(.bss)
    hspi1                                    0x20003a0c   Data          88  main.o(.bss)
    htim1                                    0x20003a64   Data          64  main.o(.bss)
    htim3                                    0x20003aa4   Data          64  main.o(.bss)
    htim8                                    0x20003ae4   Data          64  main.o(.bss)
    huart1                                   0x20003b24   Data          64  main.o(.bss)
    huart2                                   0x20003b64   Data          64  main.o(.bss)
    huart3                                   0x20003ba4   Data          64  main.o(.bss)
    htim4                                    0x20003be4   Data          64  stm32f4xx_hal_timebase_tim.o(.bss)
    xQueueRegistry                           0x20003c24   Data          64  queue.o(.bss)
    __initial_sp                             0x200104f8   Data           0  startup_stm32f407xx.o(STACK)



==============================================================================

Memory Map of the image

  Image Entry point : 0x08000189

  Load Region LR_IROM1 (Base: 0x08000000, Size: 0x00008de0, Max: 0x00100000, ABSOLUTE, COMPRESSED[0x00008c70])

    Execution Region ER_IROM1 (Exec base: 0x08000000, Load base: 0x08000000, Size: 0x00008bb8, Max: 0x00100000, ABSOLUTE)

    Exec Addr    Load Addr    Size         Type   Attr      Idx    E Section Name        Object

    0x08000000   0x08000000   0x00000188   Data   RO            3    RESET               startup_stm32f407xx.o
    0x08000188   0x08000188   0x00000000   Code   RO         5963  * .ARM.Collect$$$$00000000  mc_w.l(entry.o)
    0x08000188   0x08000188   0x00000004   Code   RO         6058    .ARM.Collect$$$$00000001  mc_w.l(entry2.o)
    0x0800018c   0x0800018c   0x00000004   Code   RO         6061    .ARM.Collect$$$$00000004  mc_w.l(entry5.o)
    0x08000190   0x08000190   0x00000000   Code   RO         6063    .ARM.Collect$$$$00000008  mc_w.l(entry7b.o)
    0x08000190   0x08000190   0x00000000   Code   RO         6065    .ARM.Collect$$$$0000000A  mc_w.l(entry8b.o)
    0x08000190   0x08000190   0x00000008   Code   RO         6066    .ARM.Collect$$$$0000000B  mc_w.l(entry9a.o)
    0x08000198   0x08000198   0x00000000   Code   RO         6068    .ARM.Collect$$$$0000000D  mc_w.l(entry10a.o)
    0x08000198   0x08000198   0x00000000   Code   RO         6070    .ARM.Collect$$$$0000000F  mc_w.l(entry11a.o)
    0x08000198   0x08000198   0x00000004   Code   RO         6059    .ARM.Collect$$$$00002712  mc_w.l(entry2.o)
    0x0800019c   0x0800019c   0x000000be   Code   RO         5780    .emb_text           port.o
    0x0800025a   0x0800025a   0x00000002   PAD
    0x0800025c   0x0800025c   0x00000024   Code   RO            4    .text               startup_stm32f407xx.o
    0x08000280   0x08000280   0x00000008   Code   RO         5860    .text               arm_cortexM4lf_math.lib(arm_mat_init_f32.o)
    0x08000288   0x08000288   0x0000013c   Code   RO         5906    .text               arm_cortexM4lf_math.lib(arm_mat_mult_f32.o)
    0x080003c4   0x080003c4   0x00000062   Code   RO         5966    .text               mc_w.l(uldiv.o)
    0x08000426   0x08000426   0x00000002   PAD
    0x08000428   0x08000428   0x00000094   Code   RO         5968    .text               mc_w.l(localtime.o)
    0x080004bc   0x080004bc   0x00000024   Code   RO         5972    .text               mc_w.l(memcpya.o)
    0x080004e0   0x080004e0   0x00000024   Code   RO         5976    .text               mc_w.l(memseta.o)
    0x08000504   0x08000504   0x0000000e   Code   RO         5978    .text               mc_w.l(strlen.o)
    0x08000512   0x08000512   0x0000001e   Code   RO         5980    .text               mc_w.l(strncmp.o)
    0x08000530   0x08000530   0x00000020   Code   RO         5982    .text               mc_w.l(strrchr.o)
    0x08000550   0x08000550   0x00000038   Code   RO         6014    .text               mc_w.l(__0sscanf.o)
    0x08000588   0x08000588   0x0000014c   Code   RO         6016    .text               mc_w.l(_scanf_int.o)
    0x080006d4   0x080006d4   0x0000014e   Code   RO         6018    .text               mf_w.l(dadd.o)
    0x08000822   0x08000822   0x000000e4   Code   RO         6020    .text               mf_w.l(dmul.o)
    0x08000906   0x08000906   0x000000de   Code   RO         6022    .text               mf_w.l(ddiv.o)
    0x080009e4   0x080009e4   0x00000026   Code   RO         6026    .text               mf_w.l(f2d.o)
    0x08000a0a   0x08000a0a   0x0000002c   Code   RO         6075    .text               mc_w.l(uidiv.o)
    0x08000a36   0x08000a36   0x0000001e   Code   RO         6077    .text               mc_w.l(llshl.o)
    0x08000a54   0x08000a54   0x00000020   Code   RO         6079    .text               mc_w.l(llushr.o)
    0x08000a74   0x08000a74   0x00000024   Code   RO         6081    .text               mc_w.l(llsshr.o)
    0x08000a98   0x08000a98   0x0000001c   Code   RO         6090    .text               mc_w.l(_chval.o)
    0x08000ab4   0x08000ab4   0x00000028   Code   RO         6092    .text               mc_w.l(scanf_char.o)
    0x08000adc   0x08000adc   0x00000040   Code   RO         6094    .text               mc_w.l(_sgetc.o)
    0x08000b1c   0x08000b1c   0x00000000   Code   RO         6096    .text               mc_w.l(iusefp.o)
    0x08000b1c   0x08000b1c   0x000000ba   Code   RO         6099    .text               mf_w.l(depilogue.o)
    0x08000bd6   0x08000bd6   0x00000030   Code   RO         6103    .text               mf_w.l(dfixul.o)
    0x08000c06   0x08000c06   0x00000002   PAD
    0x08000c08   0x08000c08   0x00000030   Code   RO         6107    .text               mf_w.l(cdrcmple.o)
    0x08000c38   0x08000c38   0x00000024   Code   RO         6119    .text               mc_w.l(init.o)
    0x08000c5c   0x08000c5c   0x0000000a   Code   RO         6122    .text               mc_w.l(isspace_c.o)
    0x08000c66   0x08000c66   0x00000002   PAD
    0x08000c68   0x08000c68   0x0000032c   Code   RO         6124    .text               mc_w.l(_scanf.o)
    0x08000f94   0x08000f94   0x00000028   Code   RO         6133    .text               mc_w.l(ctype_c.o)
    0x08000fbc   0x08000fbc   0x00000056   Code   RO         6144    .text               mc_w.l(__dczerorl2.o)
    0x08001012   0x08001012   0x0000007e   Code   RO         1403    i.ADC_DMAConvCplt   stm32f4xx_hal_adc.o
    0x08001090   0x08001090   0x0000001a   Code   RO         1404    i.ADC_DMAError      stm32f4xx_hal_adc.o
    0x080010aa   0x080010aa   0x0000000e   Code   RO         1405    i.ADC_DMAHalfConvCplt  stm32f4xx_hal_adc.o
    0x080010b8   0x080010b8   0x00000160   Code   RO         1406    i.ADC_Init          stm32f4xx_hal_adc.o
    0x08001218   0x08001218   0x00000004   Code   RO         1184    i.BusFault_Handler  stm32f4xx_it.o
    0x0800121c   0x0800121c   0x00000050   Code   RO         1185    i.DMA2_Stream0_IRQHandler  stm32f4xx_it.o
    0x0800126c   0x0800126c   0x00000034   Code   RO         3774    i.DMA_CalcBaseAndBitshift  stm32f4xx_hal_dma.o
    0x080012a0   0x080012a0   0x000000aa   Code   RO         3775    i.DMA_CheckFifoParam  stm32f4xx_hal_dma.o
    0x0800134a   0x0800134a   0x0000002c   Code   RO         3776    i.DMA_SetConfig     stm32f4xx_hal_dma.o
    0x08001376   0x08001376   0x00000002   Code   RO         1186    i.DebugMon_Handler  stm32f4xx_it.o
    0x08001378   0x08001378   0x00000002   Code   RO         1033    i.Error_Handler     main.o
    0x0800137a   0x0800137a   0x00000002   PAD
    0x0800137c   0x0800137c   0x0000018c   Code   RO         1408    i.HAL_ADC_ConfigChannel  stm32f4xx_hal_adc.o
    0x08001508   0x08001508   0x00000002   Code   RO         1409    i.HAL_ADC_ConvCpltCallback  stm32f4xx_hal_adc.o
    0x0800150a   0x0800150a   0x00000002   Code   RO         1410    i.HAL_ADC_ConvHalfCpltCallback  stm32f4xx_hal_adc.o
    0x0800150c   0x0800150c   0x00000002   Code   RO         1412    i.HAL_ADC_ErrorCallback  stm32f4xx_hal_adc.o
    0x0800150e   0x0800150e   0x00000002   PAD
    0x08001510   0x08001510   0x00000068   Code   RO         1417    i.HAL_ADC_Init      stm32f4xx_hal_adc.o
    0x08001578   0x08001578   0x000000c4   Code   RO         1292    i.HAL_ADC_MspInit   stm32f4xx_hal_msp.o
    0x0800163c   0x0800163c   0x00000184   Code   RO         1424    i.HAL_ADC_Start_DMA  stm32f4xx_hal_adc.o
    0x080017c0   0x080017c0   0x00000028   Code   RO         3778    i.HAL_DMA_Abort_IT  stm32f4xx_hal_dma.o
    0x080017e8   0x080017e8   0x00000240   Code   RO         3782    i.HAL_DMA_IRQHandler  stm32f4xx_hal_dma.o
    0x08001a28   0x08001a28   0x000000ec   Code   RO         3783    i.HAL_DMA_Init      stm32f4xx_hal_dma.o
    0x08001b14   0x08001b14   0x0000009e   Code   RO         3787    i.HAL_DMA_Start_IT  stm32f4xx_hal_dma.o
    0x08001bb2   0x08001bb2   0x00000002   PAD
    0x08001bb4   0x08001bb4   0x00000200   Code   RO         3670    i.HAL_GPIO_Init     stm32f4xx_hal_gpio.o
    0x08001db4   0x08001db4   0x0000000c   Code   RO         3674    i.HAL_GPIO_WritePin  stm32f4xx_hal_gpio.o
    0x08001dc0   0x08001dc0   0x0000000c   Code   RO         4207    i.HAL_GetTick       stm32f4xx_hal.o
    0x08001dcc   0x08001dcc   0x00000018   Code   RO         4213    i.HAL_IncTick       stm32f4xx_hal.o
    0x08001de4   0x08001de4   0x0000003c   Code   RO         4214    i.HAL_Init          stm32f4xx_hal.o
    0x08001e20   0x08001e20   0x0000008c   Code   RO         1364    i.HAL_InitTick      stm32f4xx_hal_timebase_tim.o
    0x08001eac   0x08001eac   0x00000054   Code   RO         1293    i.HAL_MspInit       stm32f4xx_hal_msp.o
    0x08001f00   0x08001f00   0x00000020   Code   RO         4059    i.HAL_NVIC_EnableIRQ  stm32f4xx_hal_cortex.o
    0x08001f20   0x08001f20   0x0000007c   Code   RO         4065    i.HAL_NVIC_SetPriority  stm32f4xx_hal_cortex.o
    0x08001f9c   0x08001f9c   0x00000028   Code   RO         4066    i.HAL_NVIC_SetPriorityGrouping  stm32f4xx_hal_cortex.o
    0x08001fc4   0x08001fc4   0x00000180   Code   RO         3271    i.HAL_RCC_ClockConfig  stm32f4xx_hal_rcc.o
    0x08002144   0x08002144   0x00000044   Code   RO         3275    i.HAL_RCC_GetClockConfig  stm32f4xx_hal_rcc.o
    0x08002188   0x08002188   0x0000000c   Code   RO         3276    i.HAL_RCC_GetHCLKFreq  stm32f4xx_hal_rcc.o
    0x08002194   0x08002194   0x00000020   Code   RO         3278    i.HAL_RCC_GetPCLK1Freq  stm32f4xx_hal_rcc.o
    0x080021b4   0x080021b4   0x00000020   Code   RO         3279    i.HAL_RCC_GetPCLK2Freq  stm32f4xx_hal_rcc.o
    0x080021d4   0x080021d4   0x000000b0   Code   RO         3280    i.HAL_RCC_GetSysClockFreq  stm32f4xx_hal_rcc.o
    0x08002284   0x08002284   0x00000448   Code   RO         3283    i.HAL_RCC_OscConfig  stm32f4xx_hal_rcc.o
    0x080026cc   0x080026cc   0x0000008c   Code   RO         1689    i.HAL_SPI_Init      stm32f4xx_hal_spi.o
    0x08002758   0x08002758   0x00000088   Code   RO         1295    i.HAL_SPI_MspInit   stm32f4xx_hal_msp.o
    0x080027e0   0x080027e0   0x00000002   Code   RO         2688    i.HAL_TIMEx_BreakCallback  stm32f4xx_hal_tim_ex.o
    0x080027e2   0x080027e2   0x00000002   Code   RO         2689    i.HAL_TIMEx_CommutCallback  stm32f4xx_hal_tim_ex.o
    0x080027e4   0x080027e4   0x00000054   Code   RO         2706    i.HAL_TIMEx_MasterConfigSynchronization  stm32f4xx_hal_tim_ex.o
    0x08002838   0x08002838   0x00000034   Code   RO         2002    i.HAL_TIM_Base_Init  stm32f4xx_hal_tim.o
    0x0800286c   0x0800286c   0x00000150   Code   RO         1297    i.HAL_TIM_Base_MspInit  stm32f4xx_hal_msp.o
    0x080029bc   0x080029bc   0x0000002a   Code   RO         2007    i.HAL_TIM_Base_Start_IT  stm32f4xx_hal_tim.o
    0x080029e6   0x080029e6   0x00000108   Code   RO         2011    i.HAL_TIM_ConfigClockSource  stm32f4xx_hal_tim.o
    0x08002aee   0x08002aee   0x00000002   PAD
    0x08002af0   0x08002af0   0x000000e8   Code   RO          873    i.HAL_TIM_IC_CaptureCallback  timercapture.o
    0x08002bd8   0x08002bd8   0x000000e0   Code   RO         2033    i.HAL_TIM_IC_ConfigChannel  stm32f4xx_hal_tim.o
    0x08002cb8   0x08002cb8   0x00000034   Code   RO         2036    i.HAL_TIM_IC_Init   stm32f4xx_hal_tim.o
    0x08002cec   0x08002cec   0x00000002   Code   RO         2038    i.HAL_TIM_IC_MspInit  stm32f4xx_hal_tim.o
    0x08002cee   0x08002cee   0x00000078   Code   RO         2041    i.HAL_TIM_IC_Start_IT  stm32f4xx_hal_tim.o
    0x08002d66   0x08002d66   0x00000196   Code   RO         2045    i.HAL_TIM_IRQHandler  stm32f4xx_hal_tim.o
    0x08002efc   0x08002efc   0x00000002   Code   RO         2048    i.HAL_TIM_OC_DelayElapsedCallback  stm32f4xx_hal_tim.o
    0x08002efe   0x08002efe   0x00000002   Code   RO         2075    i.HAL_TIM_PWM_PulseFinishedCallback  stm32f4xx_hal_tim.o
    0x08002f00   0x08002f00   0x00000018   Code   RO         1034    i.HAL_TIM_PeriodElapsedCallback  main.o
    0x08002f18   0x08002f18   0x00000002   Code   RO         2088    i.HAL_TIM_TriggerCallback  stm32f4xx_hal_tim.o
    0x08002f1a   0x08002f1a   0x00000002   Code   RO         2950    i.HAL_UART_AbortReceiveCpltCallback  stm32f4xx_hal_uart.o
    0x08002f1c   0x08002f1c   0x00000078   Code   RO         2951    i.HAL_UART_AbortReceive_IT  stm32f4xx_hal_uart.o
    0x08002f94   0x08002f94   0x00000002   Code   RO         2960    i.HAL_UART_ErrorCallback  stm32f4xx_hal_uart.o
    0x08002f96   0x08002f96   0x00000002   PAD
    0x08002f98   0x08002f98   0x0000014c   Code   RO         2963    i.HAL_UART_IRQHandler  stm32f4xx_hal_uart.o
    0x080030e4   0x080030e4   0x00000072   Code   RO         2964    i.HAL_UART_Init     stm32f4xx_hal_uart.o
    0x08003156   0x08003156   0x00000002   PAD
    0x08003158   0x08003158   0x000001a8   Code   RO         1299    i.HAL_UART_MspInit  stm32f4xx_hal_msp.o
    0x08003300   0x08003300   0x00000070   Code   RO         2969    i.HAL_UART_Receive_IT  stm32f4xx_hal_uart.o
    0x08003370   0x08003370   0x00000002   Code   RO         2970    i.HAL_UART_RxCpltCallback  stm32f4xx_hal_uart.o
    0x08003372   0x08003372   0x000000d6   Code   RO         2972    i.HAL_UART_Transmit  stm32f4xx_hal_uart.o
    0x08003448   0x08003448   0x00000002   Code   RO         2975    i.HAL_UART_TxCpltCallback  stm32f4xx_hal_uart.o
    0x0800344a   0x0800344a   0x00000004   Code   RO         1187    i.HardFault_Handler  stm32f4xx_it.o
    0x0800344e   0x0800344e   0x00000002   PAD
    0x08003450   0x08003450   0x000000a0   Code   RO         1035    i.MX_ADC1_Init      main.o
    0x080034f0   0x080034f0   0x00000038   Code   RO         1036    i.MX_DMA_Init       main.o
    0x08003528   0x08003528   0x000000f4   Code   RO         1037    i.MX_GPIO_Init      main.o
    0x0800361c   0x0800361c   0x00000044   Code   RO         1038    i.MX_SPI1_Init      main.o
    0x08003660   0x08003660   0x00000070   Code   RO         1039    i.MX_TIM1_Init      main.o
    0x080036d0   0x080036d0   0x000000c4   Code   RO         1040    i.MX_TIM3_Init      main.o
    0x08003794   0x08003794   0x00000074   Code   RO         1041    i.MX_TIM8_Init      main.o
    0x08003808   0x08003808   0x00000038   Code   RO         1042    i.MX_USART1_UART_Init  main.o
    0x08003840   0x08003840   0x00000038   Code   RO         1043    i.MX_USART2_UART_Init  main.o
    0x08003878   0x08003878   0x00000038   Code   RO         1044    i.MX_USART3_UART_Init  main.o
    0x080038b0   0x080038b0   0x00000004   Code   RO         1188    i.MemManage_Handler  stm32f4xx_it.o
    0x080038b4   0x080038b4   0x00000002   Code   RO         1189    i.NMI_Handler       stm32f4xx_it.o
    0x080038b6   0x080038b6   0x00000002   PAD
    0x080038b8   0x080038b8   0x00000034   Code   RO         5781    i.SysTick_Handler   port.o
    0x080038ec   0x080038ec   0x000000b8   Code   RO         1045    i.SystemClock_Config  main.o
    0x080039a4   0x080039a4   0x00000064   Code   RO         4450    i.SystemInit        system_stm32f4xx.o
    0x08003a08   0x08003a08   0x00000010   Code   RO         1190    i.TIM1_UP_TIM10_IRQHandler  stm32f4xx_it.o
    0x08003a18   0x08003a18   0x00000010   Code   RO         1191    i.TIM3_IRQHandler   stm32f4xx_it.o
    0x08003a28   0x08003a28   0x00000010   Code   RO         1192    i.TIM4_IRQHandler   stm32f4xx_it.o
    0x08003a38   0x08003a38   0x00000010   Code   RO         1193    i.TIM8_UP_TIM13_IRQHandler  stm32f4xx_it.o
    0x08003a48   0x08003a48   0x000000d8   Code   RO         2090    i.TIM_Base_SetConfig  stm32f4xx_hal_tim.o
    0x08003b20   0x08003b20   0x00000022   Code   RO         2091    i.TIM_CCxChannelCmd  stm32f4xx_hal_tim.o
    0x08003b42   0x08003b42   0x00000016   Code   RO         2101    i.TIM_ETR_SetConfig  stm32f4xx_hal_tim.o
    0x08003b58   0x08003b58   0x00000012   Code   RO         2102    i.TIM_ITRx_SetConfig  stm32f4xx_hal_tim.o
    0x08003b6a   0x08003b6a   0x00000026   Code   RO         2108    i.TIM_TI1_ConfigInputStage  stm32f4xx_hal_tim.o
    0x08003b90   0x08003b90   0x00000090   Code   RO         2109    i.TIM_TI1_SetConfig  stm32f4xx_hal_tim.o
    0x08003c20   0x08003c20   0x00000028   Code   RO         2110    i.TIM_TI2_ConfigInputStage  stm32f4xx_hal_tim.o
    0x08003c48   0x08003c48   0x0000003a   Code   RO         2111    i.TIM_TI2_SetConfig  stm32f4xx_hal_tim.o
    0x08003c82   0x08003c82   0x00000038   Code   RO         2112    i.TIM_TI3_SetConfig  stm32f4xx_hal_tim.o
    0x08003cba   0x08003cba   0x0000003c   Code   RO         2113    i.TIM_TI4_SetConfig  stm32f4xx_hal_tim.o
    0x08003cf6   0x08003cf6   0x00000014   Code   RO         2977    i.UART_DMAAbortOnError  stm32f4xx_hal_uart.o
    0x08003d0a   0x08003d0a   0x00000018   Code   RO         2982    i.UART_DMARxOnlyAbortCallback  stm32f4xx_hal_uart.o
    0x08003d22   0x08003d22   0x00000020   Code   RO         2987    i.UART_EndRxTransfer  stm32f4xx_hal_uart.o
    0x08003d42   0x08003d42   0x00000020   Code   RO         2988    i.UART_EndTransmit_IT  stm32f4xx_hal_uart.o
    0x08003d62   0x08003d62   0x000000a6   Code   RO         2990    i.UART_Receive_IT   stm32f4xx_hal_uart.o
    0x08003e08   0x08003e08   0x00000368   Code   RO         2991    i.UART_SetConfig    stm32f4xx_hal_uart.o
    0x08004170   0x08004170   0x00000068   Code   RO         2992    i.UART_Transmit_IT  stm32f4xx_hal_uart.o
    0x080041d8   0x080041d8   0x0000006c   Code   RO         2993    i.UART_WaitOnFlagUntilTimeout  stm32f4xx_hal_uart.o
    0x08004244   0x08004244   0x00000020   Code   RO         1194    i.USART1_IRQHandler  stm32f4xx_it.o
    0x08004264   0x08004264   0x00000020   Code   RO         1195    i.USART2_IRQHandler  stm32f4xx_it.o
    0x08004284   0x08004284   0x00000020   Code   RO         1196    i.USART3_IRQHandler  stm32f4xx_it.o
    0x080042a4   0x080042a4   0x00000004   Code   RO         1197    i.UsageFault_Handler  stm32f4xx_it.o
    0x080042a8   0x080042a8   0x0000002c   Code   RO         5992    i.__0vsnprintf      mc_w.l(printfa.o)
    0x080042d4   0x080042d4   0x00000010   Code   RO         4072    i.__NVIC_GetPriorityGrouping  stm32f4xx_hal_cortex.o
    0x080042e4   0x080042e4   0x00000028   Code   RO         4073    i.__NVIC_SetPriority  stm32f4xx_hal_cortex.o
    0x0800430c   0x0800430c   0x0000000e   Code   RO         6138    i.__scatterload_copy  mc_w.l(handlers.o)
    0x0800431a   0x0800431a   0x00000002   Code   RO         6139    i.__scatterload_null  mc_w.l(handlers.o)
    0x0800431c   0x0800431c   0x0000000e   Code   RO         6140    i.__scatterload_zeroinit  mc_w.l(handlers.o)
    0x0800432a   0x0800432a   0x00000002   PAD
    0x0800432c   0x0800432c   0x00000184   Code   RO         5994    i._fp_digits        mc_w.l(printfa.o)
    0x080044b0   0x080044b0   0x000006dc   Code   RO         5995    i._printf_core      mc_w.l(printfa.o)
    0x08004b8c   0x08004b8c   0x00000024   Code   RO         5996    i._printf_post_padding  mc_w.l(printfa.o)
    0x08004bb0   0x08004bb0   0x0000002e   Code   RO         5997    i._printf_pre_padding  mc_w.l(printfa.o)
    0x08004bde   0x08004bde   0x00000016   Code   RO         5998    i._snputc           mc_w.l(printfa.o)
    0x08004bf4   0x08004bf4   0x0000007c   Code   RO          491    i.app_core          app_core.o
    0x08004c70   0x08004c70   0x00000080   Code   RO          555    i.app_main          app_main.o
    0x08004cf0   0x08004cf0   0x00000080   Code   RO          650    i.app_modem         app_modem.o
    0x08004d70   0x08004d70   0x00000020   Code   RO          813    i.cmdSend           idiotelement.o
    0x08004d90   0x08004d90   0x00000054   Code   RO          686    i.cmd_AT            debug.o
    0x08004de4   0x08004de4   0x00000008   Code   RO          687    i.cmd_data          debug.o
    0x08004dec   0x08004dec   0x00000084   Code   RO          688    i.cmd_debug         debug.o
    0x08004e70   0x08004e70   0x00000008   Code   RO          689    i.cmd_dog           debug.o
    0x08004e78   0x08004e78   0x00000060   Code   RO          690    i.cmd_freqDiv       debug.o
    0x08004ed8   0x08004ed8   0x00000008   Code   RO          691    i.cmd_get           debug.o
    0x08004ee0   0x08004ee0   0x000000a0   Code   RO          692    i.cmd_gyro          debug.o
    0x08004f80   0x08004f80   0x00000008   Code   RO          693    i.cmd_led           debug.o
    0x08004f88   0x08004f88   0x00000114   Code   RO          694    i.cmd_math          debug.o
    0x0800509c   0x0800509c   0x000000f0   Code   RO          695    i.cmd_move          debug.o
    0x0800518c   0x0800518c   0x00000008   Code   RO          696    i.cmd_start         debug.o
    0x08005194   0x08005194   0x00000006   Code   RO          697    i.cmd_stop          debug.o
    0x0800519a   0x0800519a   0x0000006e   Code   RO          814    i.cmd_write         idiotelement.o
    0x08005208   0x08005208   0x00000094   Code   RO          815    i.config_write      idiotelement.o
    0x0800529c   0x0800529c   0x000000e8   Code   RO          492    i.core_msgHandler   app_core.o
    0x08005384   0x08005384   0x0000000a   Code   RO          493    i.core_usart1Idle_IT  app_core.o
    0x0800538e   0x0800538e   0x0000000a   Code   RO          494    i.core_usart2Idle_IT  app_core.o
    0x08005398   0x08005398   0x0000000a   Code   RO          495    i.core_usart3Idle_IT  app_core.o
    0x080053a2   0x080053a2   0x00000004   Code   RO          496    i.core_usart4Idle_IT  app_core.o
    0x080053a6   0x080053a6   0x00000004   Code   RO          497    i.core_usart5Idle_IT  app_core.o
    0x080053aa   0x080053aa   0x00000002   PAD
    0x080053ac   0x080053ac   0x000000c4   Code   RO          699    i.debug_proc        debug.o
    0x08005470   0x08005470   0x0000006c   Code   RO          952    i.dsp_ave           dsp_filter.o
    0x080054dc   0x080054dc   0x00000034   Code   RO          953    i.dsp_filt          dsp_filter.o
    0x08005510   0x08005510   0x00000064   Code   RO          954    i.dsp_iir_2_cal_unit  dsp_filter.o
    0x08005574   0x08005574   0x00000068   Code   RO          957    i.dsp_print2        dsp_filter.o
    0x080055dc   0x080055dc   0x00000080   Code   RO          958    i.dsp_raising_detect  dsp_filter.o
    0x0800565c   0x0800565c   0x000002e0   Code   RO          959    i.dsp_test          dsp_filter.o
    0x0800593c   0x0800593c   0x00000040   Code   RO          144    i.getLevelString    log.o
    0x0800597c   0x0800597c   0x0000001c   Code   RO          145    i.get_currentTaskName  log.o
    0x08005998   0x08005998   0x00000020   Code   RO          700    i.gyro_start        debug.o
    0x080059b8   0x080059b8   0x00000020   Code   RO          701    i.gyro_stop         debug.o
    0x080059d8   0x080059d8   0x00000060   Code   RO          702    i.heart_beat        debug.o
    0x08005a38   0x08005a38   0x00000010   Code   RO         5362    i.inHandlerMode     cmsis_os.o
    0x08005a48   0x08005a48   0x00000030   Code   RO          147    i.log_header        log.o
    0x08005a78   0x08005a78   0x00000120   Code   RO          148    i.log_hex           log.o
    0x08005b98   0x08005b98   0x00000048   Code   RO          149    i.log_print         log.o
    0x08005be0   0x08005be0   0x00000048   Code   RO          150    i.log_print2        log.o
    0x08005c28   0x08005c28   0x00000174   Code   RO         1049    i.main              main.o
    0x08005d9c   0x08005d9c   0x00000138   Code   RO          556    i.main_msgproc      app_main.o
    0x08005ed4   0x08005ed4   0x00000224   Code   RO          557    i.main_msgproc_d    app_main.o
    0x080060f8   0x080060f8   0x00000084   Code   RO          558    i.main_usart1Recv   app_main.o
    0x0800617c   0x0800617c   0x00000080   Code   RO          559    i.main_usart2Recv   app_main.o
    0x080061fc   0x080061fc   0x0000006c   Code   RO          560    i.main_usart3Recv   app_main.o
    0x08006268   0x08006268   0x00000006   Code   RO          561    i.main_usart4Recv   app_main.o
    0x0800626e   0x0800626e   0x00000006   Code   RO          562    i.main_usart5Recv   app_main.o
    0x08006274   0x08006274   0x0000000e   Code   RO         5364    i.makeFreeRtosPriority  cmsis_os.o
    0x08006282   0x08006282   0x0000000a   Code   RO          651    i.modem_dsp_start   app_modem.o
    0x0800628c   0x0800628c   0x00000028   Code   RO          703    i.moveover          debug.o
    0x080062b4   0x080062b4   0x000000fc   Code   RO           13    i.msg_msgProc       msg.o
    0x080063b0   0x080063b0   0x000000b0   Code   RO           14    i.msg_sendCmd       msg.o
    0x08006460   0x08006460   0x0000001c   Code   RO           15    i.msg_sendCoreCmd   msg.o
    0x0800647c   0x0800647c   0x0000000c   Code   RO           16    i.msg_sendDSPCmd    msg.o
    0x08006488   0x08006488   0x000000cc   Code   RO           17    i.msg_sendData      msg.o
    0x08006554   0x08006554   0x00000044   Code   RO          874    i.msgall_timeout    timercapture.o
    0x08006598   0x08006598   0x0000000a   Code   RO         5369    i.osKernelStart     cmsis_os.o
    0x080065a2   0x080065a2   0x00000012   Code   RO         5378    i.osMessageCreate   cmsis_os.o
    0x080065b4   0x080065b4   0x00000030   Code   RO         5403    i.osThreadCreate    cmsis_os.o
    0x080065e4   0x080065e4   0x00000028   Code   RO         5414    i.osTimerCreate     cmsis_os.o
    0x0800660c   0x0800660c   0x00000068   Code   RO         5416    i.osTimerStart      cmsis_os.o
    0x08006674   0x08006674   0x00000030   Code   RO         4924    i.pcTaskGetName     tasks.o
    0x080066a4   0x080066a4   0x00000038   Code   RO          152    i.print_currentTime  log.o
    0x080066dc   0x080066dc   0x00000098   Code   RO         4925    i.prvAddCurrentTaskToDelayedList  tasks.o
    0x08006774   0x08006774   0x000000b4   Code   RO         4926    i.prvAddNewTaskToReadyList  tasks.o
    0x08006828   0x08006828   0x00000064   Code   RO         5229    i.prvCheckForValidListAndQueue  timers.o
    0x0800688c   0x0800688c   0x00000048   Code   RO         4927    i.prvCheckTasksWaitingTermination  tasks.o
    0x080068d4   0x080068d4   0x0000002a   Code   RO         4621    i.prvCopyDataFromQueue  queue.o
    0x080068fe   0x080068fe   0x0000007c   Code   RO         4622    i.prvCopyDataToQueue  queue.o
    0x0800697a   0x0800697a   0x00000012   Code   RO         4928    i.prvDeleteTCB      tasks.o
    0x0800698c   0x0800698c   0x00000028   Code   RO         5230    i.prvGetNextExpireTime  timers.o
    0x080069b4   0x080069b4   0x0000007c   Code   RO         5731    i.prvHeapInit       heap_4.o
    0x08006a30   0x08006a30   0x00000028   Code   RO         4929    i.prvIdleTask       tasks.o
    0x08006a58   0x08006a58   0x00000026   Code   RO         4625    i.prvInitialiseNewQueue  queue.o
    0x08006a7e   0x08006a7e   0x000000aa   Code   RO         4930    i.prvInitialiseNewTask  tasks.o
    0x08006b28   0x08006b28   0x0000004e   Code   RO         5231    i.prvInitialiseNewTimer  timers.o
    0x08006b76   0x08006b76   0x00000002   PAD
    0x08006b78   0x08006b78   0x00000068   Code   RO         4931    i.prvInitialiseTaskLists  tasks.o
    0x08006be0   0x08006be0   0x00000068   Code   RO         5732    i.prvInsertBlockIntoFreeList  heap_4.o
    0x08006c48   0x08006c48   0x00000058   Code   RO         5232    i.prvInsertTimerInActiveList  timers.o
    0x08006ca0   0x08006ca0   0x0000001a   Code   RO         4626    i.prvIsQueueEmpty   queue.o
    0x08006cba   0x08006cba   0x0000001e   Code   RO         4627    i.prvIsQueueFull    queue.o
    0x08006cd8   0x08006cd8   0x00000064   Code   RO         5233    i.prvProcessExpiredTimer  timers.o
    0x08006d3c   0x08006d3c   0x000000f4   Code   RO         5234    i.prvProcessReceivedCommands  timers.o
    0x08006e30   0x08006e30   0x00000074   Code   RO         5235    i.prvProcessTimerOrBlockTask  timers.o
    0x08006ea4   0x08006ea4   0x00000034   Code   RO         4932    i.prvResetNextTaskUnblockTime  tasks.o
    0x08006ed8   0x08006ed8   0x0000002c   Code   RO         5236    i.prvSampleTimeNow  timers.o
    0x08006f04   0x08006f04   0x000000a0   Code   RO         5237    i.prvSwitchTimerLists  timers.o
    0x08006fa4   0x08006fa4   0x00000040   Code   RO         5782    i.prvTaskExitError  port.o
    0x08006fe4   0x08006fe4   0x0000001a   Code   RO         5238    i.prvTimerTask      timers.o
    0x08006ffe   0x08006ffe   0x0000007e   Code   RO         4628    i.prvUnlockQueue    queue.o
    0x0800707c   0x0800707c   0x0000013c   Code   RO         5733    i.pvPortMalloc      heap_4.o
    0x080071b8   0x080071b8   0x0000002c   Code   RO         5783    i.pxPortInitialiseStack  port.o
    0x080071e4   0x080071e4   0x0000003a   Code   RO          154    i.splitFileName     log.o
    0x0800721e   0x0800721e   0x00000002   PAD
    0x08007220   0x08007220   0x00000018   Code   RO          563    i.stm32_init        app_main.o
    0x08007238   0x08007238   0x00000018   Code   RO          434    i.timer1_cb         timer.o
    0x08007250   0x08007250   0x00000002   Code   RO         1051    i.timer2_cb         main.o
    0x08007252   0x08007252   0x00000002   PAD
    0x08007254   0x08007254   0x00000030   Code   RO          437    i.timer_start       timer.o
    0x08007284   0x08007284   0x00000070   Code   RO          439    i.timer_update_IT   timer.o
    0x080072f4   0x080072f4   0x00000014   Code   RO          321    i.uart1_recv_proc   usart.o
    0x08007308   0x08007308   0x00000014   Code   RO          322    i.uart2_recv_proc   usart.o
    0x0800731c   0x0800731c   0x00000014   Code   RO          323    i.uart3_recv_proc   usart.o
    0x08007330   0x08007330   0x00000014   Code   RO          324    i.usart1_recvData_IT  usart.o
    0x08007344   0x08007344   0x00000038   Code   RO          325    i.usart1_timeout    usart.o
    0x0800737c   0x0800737c   0x00000014   Code   RO          326    i.usart2_recvData_IT  usart.o
    0x08007390   0x08007390   0x00000038   Code   RO          327    i.usart2_timeout    usart.o
    0x080073c8   0x080073c8   0x00000014   Code   RO          328    i.usart3_recvData_IT  usart.o
    0x080073dc   0x080073dc   0x00000038   Code   RO          329    i.usart3_timeout    usart.o
    0x08007414   0x08007414   0x0000008c   Code   RO          331    i.usart_init        usart.o
    0x080074a0   0x080074a0   0x00000020   Code   RO          333    i.usart_transmit_data  usart.o
    0x080074c0   0x080074c0   0x00000028   Code   RO         4581    i.uxListRemove      list.o
    0x080074e8   0x080074e8   0x0000001a   Code   RO         4582    i.vListInitialise   list.o
    0x08007502   0x08007502   0x00000006   Code   RO         4583    i.vListInitialiseItem  list.o
    0x08007508   0x08007508   0x00000034   Code   RO         4584    i.vListInsert       list.o
    0x0800753c   0x0800753c   0x00000018   Code   RO         4585    i.vListInsertEnd    list.o
    0x08007554   0x08007554   0x00000054   Code   RO         5785    i.vPortEnterCritical  port.o
    0x080075a8   0x080075a8   0x0000003c   Code   RO         5786    i.vPortExitCritical  port.o
    0x080075e4   0x080075e4   0x00000094   Code   RO         5734    i.vPortFree         heap_4.o
    0x08007678   0x08007678   0x00000028   Code   RO         5787    i.vPortSetupTimerInterrupt  port.o
    0x080076a0   0x080076a0   0x00000078   Code   RO         5788    i.vPortValidateInterruptPriority  port.o
    0x08007718   0x08007718   0x0000002c   Code   RO         4632    i.vQueueAddToRegistry  queue.o
    0x08007744   0x08007744   0x0000004a   Code   RO         4635    i.vQueueWaitForMessageRestricted  queue.o
    0x0800778e   0x0800778e   0x00000002   PAD
    0x08007790   0x08007790   0x00000018   Code   RO         4943    i.vTaskInternalSetTimeOutState  tasks.o
    0x080077a8   0x080077a8   0x0000000c   Code   RO         4944    i.vTaskMissedYield  tasks.o
    0x080077b4   0x080077b4   0x00000038   Code   RO         4946    i.vTaskPlaceOnEventList  tasks.o
    0x080077ec   0x080077ec   0x00000040   Code   RO         4947    i.vTaskPlaceOnEventListRestricted  tasks.o
    0x0800782c   0x0800782c   0x00000094   Code   RO         4954    i.vTaskStartScheduler  tasks.o
    0x080078c0   0x080078c0   0x00000010   Code   RO         4956    i.vTaskSuspendAll   tasks.o
    0x080078d0   0x080078d0   0x0000008c   Code   RO         4957    i.vTaskSwitchContext  tasks.o
    0x0800795c   0x0800795c   0x00000168   Code   RO         5789    i.xPortStartScheduler  port.o
    0x08007ac4   0x08007ac4   0x00000058   Code   RO         4637    i.xQueueGenericCreate  queue.o
    0x08007b1c   0x08007b1c   0x00000098   Code   RO         4638    i.xQueueGenericReset  queue.o
    0x08007bb4   0x08007bb4   0x000001a8   Code   RO         4639    i.xQueueGenericSend  queue.o
    0x08007d5c   0x08007d5c   0x000000f8   Code   RO         4640    i.xQueueGenericSendFromISR  queue.o
    0x08007e54   0x08007e54   0x00000168   Code   RO         4646    i.xQueueReceive     queue.o
    0x08007fbc   0x08007fbc   0x0000008c   Code   RO         4958    i.xTaskCheckForTimeOut  tasks.o
    0x08008048   0x08008048   0x00000060   Code   RO         4959    i.xTaskCreate       tasks.o
    0x080080a8   0x080080a8   0x0000000c   Code   RO         4962    i.xTaskGetCurrentTaskHandle  tasks.o
    0x080080b4   0x080080b4   0x00000020   Code   RO         4963    i.xTaskGetSchedulerState  tasks.o
    0x080080d4   0x080080d4   0x0000000c   Code   RO         4964    i.xTaskGetTickCount  tasks.o
    0x080080e0   0x080080e0   0x00000148   Code   RO         4966    i.xTaskIncrementTick  tasks.o
    0x08008228   0x08008228   0x000000c8   Code   RO         4969    i.xTaskPriorityDisinherit  tasks.o
    0x080082f0   0x080082f0   0x00000098   Code   RO         4971    i.xTaskRemoveFromEventList  tasks.o
    0x08008388   0x08008388   0x00000104   Code   RO         4972    i.xTaskResumeAll    tasks.o
    0x0800848c   0x0800848c   0x00000030   Code   RO         5241    i.xTimerCreate      timers.o
    0x080084bc   0x080084bc   0x00000054   Code   RO         5242    i.xTimerCreateTimerTask  timers.o
    0x08008510   0x08008510   0x00000084   Code   RO         5243    i.xTimerGenericCommand  timers.o
    0x08008594   0x08008594   0x00000025   Data   RO           18    .constdata          msg.o
    0x080085b9   0x080085b9   0x0000000b   Data   RO          335    .constdata          usart.o
    0x080085c4   0x080085c4   0x00000019   Data   RO          498    .constdata          app_core.o
    0x080085dd   0x080085dd   0x00000055   Data   RO          565    .constdata          app_main.o
    0x08008632   0x08008632   0x0000000a   Data   RO          652    .constdata          app_modem.o
    0x0800863c   0x0800863c   0x00000045   Data   RO          704    .constdata          debug.o
    0x08008681   0x08008681   0x00000003   PAD
    0x08008684   0x08008684   0x00000425   Data   RO          961    .constdata          dsp_filter.o
    0x08008aa9   0x08008aa9   0x00000003   PAD
    0x08008aac   0x08008aac   0x0000005c   Data   RO         1053    .constdata          main.o
    0x08008b08   0x08008b08   0x00000008   Data   RO         3789    .constdata          stm32f4xx_hal_dma.o
    0x08008b10   0x08008b10   0x00000018   Data   RO         4451    .constdata          system_stm32f4xx.o
    0x08008b28   0x08008b28   0x0000000c   Data   RO         5970    .constdata          mc_w.l(localtime.o)
    0x08008b34   0x08008b34   0x00000040   Data   RO         6134    .constdata          mc_w.l(ctype_c.o)
    0x08008b74   0x08008b74   0x00000021   Data   RO         1054    .conststring        main.o
    0x08008b95   0x08008b95   0x00000003   PAD
    0x08008b98   0x08008b98   0x00000020   Data   RO         6136    Region$$Table       anon$$obj.o


    Execution Region RW_IRAM1 (Exec base: 0x20000000, Load base: 0x08008bb8, Size: 0x000104f8, Max: 0x00020000, ABSOLUTE, COMPRESSED[0x000000b8])

    Exec Addr    Load Addr    Size         Type   Attr      Idx    E Section Name        Object

    0x20000000   COMPRESSED   0x00000004   Data   RW          441    .data               timer.o
    0x20000004   COMPRESSED   0x00000028   Data   RW          499    .data               app_core.o
    0x2000002c   COMPRESSED   0x00000041   Data   RW          566    .data               app_main.o
    0x2000006d   COMPRESSED   0x00000003   PAD
    0x20000070   COMPRESSED   0x00000008   Data   RW          653    .data               app_modem.o
    0x20000078   COMPRESSED   0x000000f4   Data   RW          705    .data               debug.o
    0x2000016c   COMPRESSED   0x00000007   Data   RW          875    .data               timercapture.o
    0x20000173   COMPRESSED   0x00000001   PAD
    0x20000174   COMPRESSED   0x0000000c   Data   RW          962    .data               dsp_filter.o
    0x20000180   COMPRESSED   0x00000020   Data   RW         1055    .data               main.o
    0x200001a0   COMPRESSED   0x00000004   Data   RW         1198    .data               stm32f4xx_it.o
    0x200001a4   COMPRESSED   0x00000009   Data   RW         4221    .data               stm32f4xx_hal.o
    0x200001ad   COMPRESSED   0x00000003   PAD
    0x200001b0   COMPRESSED   0x00000004   Data   RW         4452    .data               system_stm32f4xx.o
    0x200001b4   COMPRESSED   0x0000003c   Data   RW         4975    .data               tasks.o
    0x200001f0   COMPRESSED   0x00000014   Data   RW         5249    .data               timers.o
    0x20000204   COMPRESSED   0x00000018   Data   RW         5739    .data               heap_4.o
    0x2000021c   COMPRESSED   0x0000000c   Data   RW         5790    .data               port.o
    0x20000228        -       0x0000025b   Zero   RW          334    .bss                usart.o
    0x20000483   COMPRESSED   0x00000001   PAD
    0x20000484        -       0x000000d0   Zero   RW          440    .bss                timer.o
    0x20000554        -       0x00003410   Zero   RW          960    .bss                dsp_filter.o
    0x20003964        -       0x00000280   Zero   RW         1052    .bss                main.o
    0x20003be4        -       0x00000040   Zero   RW         1367    .bss                stm32f4xx_hal_timebase_tim.o
    0x20003c24        -       0x00000040   Zero   RW         4649    .bss                queue.o
    0x20003c64        -       0x000000f0   Zero   RW         4974    .bss                tasks.o
    0x20003d54        -       0x00000028   Zero   RW         5248    .bss                timers.o
    0x20003d7c        -       0x0000c350   Zero   RW         5738    .bss                heap_4.o
    0x200100cc        -       0x0000002c   Zero   RW         5969    .bss                mc_w.l(localtime.o)
    0x200100f8        -       0x00000400   Zero   RW            1    STACK               startup_stm32f407xx.o


==============================================================================

Image component sizes


      Code (inc. data)   RO Data    RW Data    ZI Data      Debug   Object Name

       394        172         25         40          0       4173   app_core.o
      1392        490         85         65          0       6128   app_main.o
       138         64         10          8          0       1731   app_modem.o
       250          8          0          0          0      19610   cmsis_os.o
      1430        444         69        244          0      11668   debug.o
      1228        202       1061         12      13328       9321   dsp_filter.o
         0          0          0          0          0       9476   event_groups.o
       692         62          0         24      50000       4719   heap_4.o
       290         32          0          0          0       2137   idiotelement.o
       148          0          0          0          0       3510   list.o
       686        134          0          0          0     712103   log.o
      1704        158        125         32        640       9713   main.o
       672        226         37          0          0      45149   msg.o
      1014         92          0         12          0      11929   port.o
      1776         20          0          0         64      14066   queue.o
        36          8        392          0       1024        828   startup_stm32f407xx.o
        96         20          0          9          0       3194   stm32f4xx_hal.o
      1412         64          0          0          0       7249   stm32f4xx_hal_adc.o
       252         22          0          0          0      33618   stm32f4xx_hal_cortex.o
      1276         16          8          0          0       6122   stm32f4xx_hal_dma.o
       524         46          0          0          0       2284   stm32f4xx_hal_gpio.o
      1176         94          0          0          0       4232   stm32f4xx_hal_msp.o
      1800         94          0          0          0       6105   stm32f4xx_hal_rcc.o
       140          0          0          0          0       1147   stm32f4xx_hal_spi.o
      1854         76          0          0          0      15474   stm32f4xx_hal_tim.o
        88          0          0          0          0       2397   stm32f4xx_hal_tim_ex.o
       140         18          0          0         64       1419   stm32f4xx_hal_timebase_tim.o
      2258         16          0          0          0      12212   stm32f4xx_hal_uart.o
       260         54          0          4          0       6637   stm32f4xx_it.o
       100         18         24          4          0       1127   system_stm32f4xx.o
      2528        348          0         60        240      22901   tasks.o
       184         12          0          4        208       2148   timer.o
       300         74          0          7          0       1900   timercapture.o
      1260        114          0         20         40      19994   timers.o
       460        122         11          0        603       6978   usart.o

    ----------------------------------------------------------------------
     27986       3320       1888        552      66212    1023399   Object Totals
         0          0         32          0          0          0   (incl. Generated)
        28          0          9          7          1          0   (incl. Padding)

    ----------------------------------------------------------------------

      Code (inc. data)   RO Data    RW Data    ZI Data      Debug   Library Member Name

         8          0          0          0          0      17423   arm_mat_init_f32.o
       316          4          0          0          0       2375   arm_mat_mult_f32.o
        56          8          0          0          0         84   __0sscanf.o
        86          0          0          0          0          0   __dczerorl2.o
        28          0          0          0          0         68   _chval.o
       812          4          0          0          0        112   _scanf.o
       332          0          0          0          0         96   _scanf_int.o
        64          0          0          0          0         84   _sgetc.o
        40          6         64          0          0         68   ctype_c.o
         0          0          0          0          0          0   entry.o
         0          0          0          0          0          0   entry10a.o
         0          0          0          0          0          0   entry11a.o
         8          4          0          0          0          0   entry2.o
         4          0          0          0          0          0   entry5.o
         0          0          0          0          0          0   entry7b.o
         0          0          0          0          0          0   entry8b.o
         8          4          0          0          0          0   entry9a.o
        30          0          0          0          0          0   handlers.o
        36          8          0          0          0         68   init.o
        10          0          0          0          0         68   isspace_c.o
         0          0          0          0          0          0   iusefp.o
        30          0          0          0          0         68   llshl.o
        36          0          0          0          0         68   llsshr.o
        32          0          0          0          0         68   llushr.o
       148         10         12          0         44         76   localtime.o
        36          0          0          0          0         68   memcpya.o
        36          0          0          0          0        108   memseta.o
      2292         84          0          0          0        516   printfa.o
        40          8          0          0          0         84   scanf_char.o
        14          0          0          0          0         68   strlen.o
        30          0          0          0          0         80   strncmp.o
        32          0          0          0          0         68   strrchr.o
        44          0          0          0          0         80   uidiv.o
        98          0          0          0          0         92   uldiv.o
        48          0          0          0          0         68   cdrcmple.o
       334          0          0          0          0        148   dadd.o
       222          0          0          0          0        100   ddiv.o
       186          0          0          0          0        176   depilogue.o
        48          0          0          0          0         68   dfixul.o
       228          0          0          0          0         96   dmul.o
        38          0          0          0          0         68   f2d.o

    ----------------------------------------------------------------------
      5818        140         76          0         44      22614   Library Totals
         8          0          0          0          0          0   (incl. Padding)

    ----------------------------------------------------------------------

      Code (inc. data)   RO Data    RW Data    ZI Data      Debug   Library Name

       324          4          0          0          0      19798   arm_cortexM4lf_math.lib
      4382        136         76          0         44       2092   mc_w.l
      1104          0          0          0          0        724   mf_w.l

    ----------------------------------------------------------------------
      5818        140         76          0         44      22614   Library Totals

    ----------------------------------------------------------------------

==============================================================================


      Code (inc. data)   RO Data    RW Data    ZI Data      Debug   

     33804       3460       1964        552      66256    1019537   Grand Totals
     33804       3460       1964        184      66256    1019537   ELF Image Totals (compressed)
     33804       3460       1964        184          0          0   ROM Totals

==============================================================================

    Total RO  Size (Code + RO Data)                35768 (  34.93kB)
    Total RW  Size (RW Data + ZI Data)             66808 (  65.24kB)
    Total ROM Size (Code + RO Data + RW Data)      35952 (  35.11kB)

==============================================================================

