Component: ARM Compiler 5.06 update 6 (build 750) Tool: armlink [4d35ed]

==============================================================================

Section Cross References

    startup_stm32f407xx.o(RESET) refers to startup_stm32f407xx.o(STACK) for __initial_sp
    startup_stm32f407xx.o(RESET) refers to startup_stm32f407xx.o(.text) for Reset_Handler
    startup_stm32f407xx.o(RESET) refers to stm32f4xx_it.o(i.NMI_Handler) for NMI_Handler
    startup_stm32f407xx.o(RESET) refers to stm32f4xx_it.o(i.HardFault_Handler) for HardFault_Handler
    startup_stm32f407xx.o(RESET) refers to stm32f4xx_it.o(i.MemManage_Handler) for MemManage_Handler
    startup_stm32f407xx.o(RESET) refers to stm32f4xx_it.o(i.BusFault_Handler) for BusFault_Handler
    startup_stm32f407xx.o(RESET) refers to stm32f4xx_it.o(i.UsageFault_Handler) for UsageFault_Handler
    startup_stm32f407xx.o(RESET) refers to port.o(.emb_text) for SVC_Handler
    startup_stm32f407xx.o(RESET) refers to stm32f4xx_it.o(i.DebugMon_Handler) for DebugMon_Handler
    startup_stm32f407xx.o(RESET) refers to port.o(i.SysTick_Handler) for SysTick_Handler
    startup_stm32f407xx.o(RESET) refers to stm32f4xx_it.o(i.ADC_IRQHandler) for ADC_IRQHandler
    startup_stm32f407xx.o(RESET) refers to stm32f4xx_it.o(i.TIM3_IRQHandler) for TIM3_IRQHandler
    startup_stm32f407xx.o(RESET) refers to stm32f4xx_it.o(i.TIM4_IRQHandler) for TIM4_IRQHandler
    startup_stm32f407xx.o(RESET) refers to stm32f4xx_it.o(i.USART1_IRQHandler) for USART1_IRQHandler
    startup_stm32f407xx.o(RESET) refers to stm32f4xx_it.o(i.USART2_IRQHandler) for USART2_IRQHandler
    startup_stm32f407xx.o(RESET) refers to stm32f4xx_it.o(i.USART3_IRQHandler) for USART3_IRQHandler
    startup_stm32f407xx.o(.text) refers to system_stm32f4xx.o(i.SystemInit) for SystemInit
    startup_stm32f407xx.o(.text) refers to entry.o(.ARM.Collect$$$$00000000) for __main
    msg.o(i.msg_msgProc) refers to heap_4.o(i.vPortFree) for vPortFree
    msg.o(i.msg_msgProc) refers to log.o(i.log_header) for log_header
    msg.o(i.msg_msgProc) refers to log.o(i.splitFileName) for splitFileName
    msg.o(i.msg_msgProc) refers to log.o(i.log_print) for log_print
    msg.o(i.msg_msgProc) refers to msg.o(.constdata) for __FUNCTION__
    msg.o(i.msg_sendCmd) refers to heap_4.o(i.pvPortMalloc) for pvPortMalloc
    msg.o(i.msg_sendCmd) refers to log.o(i.log_header) for log_header
    msg.o(i.msg_sendCmd) refers to log.o(i.splitFileName) for splitFileName
    msg.o(i.msg_sendCmd) refers to log.o(i.log_print) for log_print
    msg.o(i.msg_sendCmd) refers to queue.o(i.xQueueGenericSend) for xQueueGenericSend
    msg.o(i.msg_sendCmd) refers to msg.o(.constdata) for __FUNCTION__
    msg.o(i.msg_sendCmd) refers to main.o(.data) for mainQueueHandle
    msg.o(i.msg_sendCoreCmd) refers to queue.o(i.xQueueGenericSendFromISR) for xQueueGenericSendFromISR
    msg.o(i.msg_sendCoreCmd) refers to main.o(.data) for coreQueueHandle
    msg.o(i.msg_sendData) refers to heap_4.o(i.pvPortMalloc) for pvPortMalloc
    msg.o(i.msg_sendData) refers to log.o(i.log_header) for log_header
    msg.o(i.msg_sendData) refers to log.o(i.splitFileName) for splitFileName
    msg.o(i.msg_sendData) refers to log.o(i.log_print) for log_print
    msg.o(i.msg_sendData) refers to memcpya.o(.text) for __aeabi_memcpy
    msg.o(i.msg_sendData) refers to queue.o(i.xQueueGenericSend) for xQueueGenericSend
    msg.o(i.msg_sendData) refers to msg.o(.constdata) for __FUNCTION__
    msg.o(i.msg_sendData) refers to main.o(.data) for mainQueueHandle
    log.o(i.get_currentTaskName) refers to tasks.o(i.xTaskGetCurrentTaskHandle) for xTaskGetCurrentTaskHandle
    log.o(i.get_currentTaskName) refers to tasks.o(i.pcTaskGetName) for pcTaskGetName
    log.o(i.log_binary) refers to log.o(i.log_print) for log_print
    log.o(i.log_header) refers to log.o(i.print_currentTime) for print_currentTime
    log.o(i.log_header) refers to log.o(i.getLevelString) for getLevelString
    log.o(i.log_header) refers to log.o(i.get_currentTaskName) for get_currentTaskName
    log.o(i.log_header) refers to log.o(i.log_print) for log_print
    log.o(i.log_hex) refers to log.o(i.log_print) for log_print
    log.o(i.log_print) refers to memseta.o(.text) for __aeabi_memclr4
    log.o(i.log_print) refers to printfa.o(i.__0vsnprintf) for vsnprintf
    log.o(i.log_print) refers to strlen.o(.text) for strlen
    log.o(i.log_print) refers to usart.o(i.usart_transmit_data) for usart_transmit_data
    log.o(i.log_print) refers to main.o(.bss) for huart1
    log.o(i.print_currentTime) refers to tasks.o(i.xTaskGetTickCount) for xTaskGetTickCount
    log.o(i.print_currentTime) refers to localtime.o(.text) for localtime
    log.o(i.print_currentTime) refers to log.o(i.log_print) for log_print
    log.o(i.splitFileName) refers to strrchr.o(.text) for strrchr
    usart.o(i.uart1_recv_proc) refers to msg.o(i.msg_sendData) for msg_sendData
    usart.o(i.uart2_recv_proc) refers to msg.o(i.msg_sendData) for msg_sendData
[...]
    i.prvTaskExitError                       0x08005d58   Section        0  port.o(i.prvTaskExitError)
    prvTaskExitError                         0x08005d59   Thumb Code    60  port.o(i.prvTaskExitError)
    i.prvTimerTask                           0x08005d98   Section        0  timers.o(i.prvTimerTask)
    prvTimerTask                             0x08005d99   Thumb Code    26  timers.o(i.prvTimerTask)
    i.prvUnlockQueue                         0x08005db2   Section        0  queue.o(i.prvUnlockQueue)
    prvUnlockQueue                           0x08005db3   Thumb Code   126  queue.o(i.prvUnlockQueue)
    i.pvPortMalloc                           0x08005e30   Section        0  heap_4.o(i.pvPortMalloc)
    i.pxPortInitialiseStack                  0x08005f6c   Section        0  port.o(i.pxPortInitialiseStack)
    i.splitFileName                          0x08005f98   Section        0  log.o(i.splitFileName)
    i.stm32_init                             0x08005fd4   Section        0  app_main.o(i.stm32_init)
    i.timer1_cb                              0x08005fec   Section        0  timer.o(i.timer1_cb)
    i.timer2_cb                              0x08006004   Section        0  main.o(i.timer2_cb)
    i.timer_start                            0x08006008   Section        0  timer.o(i.timer_start)
    i.timer_update_IT                        0x08006038   Section        0  timer.o(i.timer_update_IT)
    i.uart1_recv_proc                        0x080060a8   Section        0  usart.o(i.uart1_recv_proc)
    uart1_recv_proc                          0x080060a9   Thumb Code    20  usart.o(i.uart1_recv_proc)
    i.uart2_recv_proc                        0x080060bc   Section        0  usart.o(i.uart2_recv_proc)
    uart2_recv_proc                          0x080060bd   Thumb Code    20  usart.o(i.uart2_recv_proc)
    i.uart3_recv_proc                        0x080060d0   Section        0  usart.o(i.uart3_recv_proc)
    uart3_recv_proc                          0x080060d1   Thumb Code    20  usart.o(i.uart3_recv_proc)
    i.usart1_recvData_IT                     0x080060e4   Section        0  usart.o(i.usart1_recvData_IT)
    i.usart1_timeout                         0x080060f8   Section        0  usart.o(i.usart1_timeout)
    usart1_timeout                           0x080060f9   Thumb Code    46  usart.o(i.usart1_timeout)
    i.usart2_recvData_IT                     0x08006130   Section        0  usart.o(i.usart2_recvData_IT)
    i.usart2_timeout                         0x08006144   Section        0  usart.o(i.usart2_timeout)
    usart2_timeout                           0x08006145   Thumb Code    46  usart.o(i.usart2_timeout)
    i.usart3_recvData_IT                     0x0800617c   Section        0  usart.o(i.usart3_recvData_IT)
    i.usart3_timeout                         0x08006190   Section        0  usart.o(i.usart3_timeout)
    usart3_timeout                           0x08006191   Thumb Code    46  usart.o(i.usart3_timeout)
    i.usart_init                             0x080061c8   Section        0  usart.o(i.usart_init)
    i.usart_transmit_data                    0x08006254   Section        0  usart.o(i.usart_transmit_data)
    i.uxListRemove                           0x08006274   Section        0  list.o(i.uxListRemove)
    i.vListInitialise                        0x0800629c   Section        0  list.o(i.vListInitialise)
    i.vListInitialiseItem                    0x080062b6   Section        0  list.o(i.vListInitialiseItem)
    i.vListInsert                            0x080062bc   Section        0  list.o(i.vListInsert)
    i.vListInsertEnd                         0x080062f0   Section        0  list.o(i.vListInsertEnd)
    i.vPortEnterCritical                     0x08006308   Section        0  port.o(i.vPortEnterCritical)
    i.vPortExitCritical                      0x0800635c   Section        0  port.o(i.vPortExitCritical)
    i.vPortFree                              0x08006398   Section        0  heap_4.o(i.vPortFree)
    i.vPortSetupTimerInterrupt               0x0800642c   Section        0  port.o(i.vPortSetupTimerInterrupt)
    i.vPortValidateInterruptPriority         0x08006454   Section        0  port.o(i.vPortValidateInterruptPriority)
    i.vQueueAddToRegistry                    0x080064cc   Section        0  queue.o(i.vQueueAddToRegistry)
    i.vQueueWaitForMessageRestricted         0x080064f8   Section        0  queue.o(i.vQueueWaitForMessageRestricted)
    i.vTaskInternalSetTimeOutState           0x08006544   Section        0  tasks.o(i.vTaskInternalSetTimeOutState)
    i.vTaskMissedYield                       0x0800655c   Section        0  tasks.o(i.vTaskMissedYield)
    i.vTaskPlaceOnEventList                  0x08006568   Section        0  tasks.o(i.vTaskPlaceOnEventList)
    i.vTaskPlaceOnEventListRestricted        0x080065a0   Section        0  tasks.o(i.vTaskPlaceOnEventListRestricted)
    i.vTaskStartScheduler                    0x080065e0   Section        0  tasks.o(i.vTaskStartScheduler)
    i.vTaskSuspendAll                        0x08006674   Section        0  tasks.o(i.vTaskSuspendAll)
    i.vTaskSwitchContext                     0x08006684   Section        0  tasks.o(i.vTaskSwitchContext)
    i.xPortStartScheduler                    0x08006710   Section        0  port.o(i.xPortStartScheduler)
    i.xQueueGenericCreate                    0x08006878   Section        0  queue.o(i.xQueueGenericCreate)
    i.xQueueGenericReset                     0x080068d0   Section        0  queue.o(i.xQueueGenericReset)
    i.xQueueGenericSend                      0x08006968   Section        0  queue.o(i.xQueueGenericSend)
    i.xQueueGenericSendFromISR               0x08006b10   Section        0  queue.o(i.xQueueGenericSendFromISR)
    i.xQueueReceive                          0x08006c08   Section        0  queue.o(i.xQueueReceive)
    i.xTaskCheckForTimeOut                   0x08006d70   Section        0  tasks.o(i.xTaskCheckForTimeOut)
    i.xTaskCreate                            0x08006dfc   Section        0  tasks.o(i.xTaskCreate)
    i.xTaskGetCurrentTaskHandle              0x08006e5c   Section        0  tasks.o(i.xTaskGetCurrentTaskHandle)
    i.xTaskGetSchedulerState                 0x08006e68   Section        0  tasks.o(i.xTaskGetSchedulerState)
    i.xTaskGetTickCount                      0x08006e88   Section        0  tasks.o(i.xTaskGetTickCount)
    i.xTaskIncrementTick                     0x08006e94   Section        0  tasks.o(i.xTaskIncrementTick)
    i.xTaskPriorityDisinherit                0x08006fdc   Section        0  tasks.o(i.xTaskPriorityDisinherit)
    i.xTaskRemoveFromEventList               0x080070a4   Section        0  tasks.o(i.xTaskRemoveFromEventList)
    i.xTaskResumeAll                         0x0800713c   Section        0  tasks.o(i.xTaskResumeAll)
    i.xTimerCreate                           0x08007240   Section        0  timers.o(i.xTimerCreate)
    i.xTimerCreateTimerTask                  0x08007270   Section        0  timers.o(i.xTimerCreateTimerTask)
    i.xTimerGenericCommand                   0x080072c4   Section        0  timers.o(i.xTimerGenericCommand)
    .constdata                               0x08007348   Section       37  msg.o(.constdata)
    __FUNCTION__                             0x08007348   Data          12  msg.o(.constdata)
    __FUNCTION__                             0x08007354   Data          13  msg.o(.constdata)
    __FUNCTION__                             0x08007361   Data          12  msg.o(.constdata)
    .constdata                               0x0800736d   Section       11  usart.o(.constdata)
    __FUNCTION__                             0x0800736d   Data          11  usart.o(.constdata)
    .constdata                               0x08007378   Section       25  app_core.o(.constdata)
    __FUNCTION__                             0x08007378   Data          16  app_core.o(.constdata)
    __FUNCTION__                             0x08007388   Data           9  app_core.o(.constdata)
    .constdata                               0x08007391   Section       70  app_main.o(.constdata)
    __FUNCTION__                             0x08007391   Data          16  app_main.o(.constdata)
    __FUNCTION__                             0x080073a1   Data          16  app_main.o(.constdata)
    __FUNCTION__                             0x080073b1   Data          16  app_main.o(.constdata)
    __FUNCTION__                             0x080073c1   Data          13  app_main.o(.constdata)
    __FUNCTION__                             0x080073ce   Data           9  app_main.o(.constdata)
    .constdata                               0x080073d7   Section       10  app_modem.o(.constdata)
    __FUNCTION__                             0x080073d7   Data          10  app_modem.o(.constdata)
    .constdata                               0x080073e4   Section       60  debug.o(.constdata)
    __FUNCTION__                             0x080073e4   Data           7  debug.o(.constdata)
    __FUNCTION__                             0x0800740c   Data           9  debug.o(.constdata)
    __FUNCTION__                             0x08007415   Data          11  debug.o(.constdata)
    .constdata                               0x08007420   Section       92  main.o(.constdata)
    .constdata                               0x0800747c   Section       24  system_stm32f4xx.o(.constdata)
    .constdata                               0x08007494   Section       12  localtime.o(.constdata)
    monlen                                   0x08007494   Data          12  localtime.o(.constdata)
    .constdata                               0x080074a0   Section       64  ctype_c.o(.constdata)
    .conststring                             0x080074e0   Section       33  main.o(.conststring)
    .data                                    0x20000000   Section        4  timer.o(.data)
    count                                    0x20000000   Data           4  timer.o(.data)
    .data                                    0x20000004   Section       40  app_core.o(.data)
    core_msgMap                              0x20000004   Data          40  app_core.o(.data)
    .data                                    0x2000002c   Section       48  app_main.o(.data)
    main_msgMap                              0x2000002c   Data          48  app_main.o(.data)
    .data                                    0x2000005c   Section        8  app_modem.o(.data)
    modem_msgMap                             0x2000005c   Data           8  app_modem.o(.data)
    .data                                    0x20000064   Section      260  debug.o(.data)
    cmd_map                                  0x20000064   Data         260  debug.o(.data)
    .data                                    0x20000168   Section       32  main.o(.data)
    .data                                    0x20000188   Section        7  timercapture.o(.data)
    .data                                    0x20000190   Section        9  stm32f4xx_hal.o(.data)
    .data                                    0x2000019c   Section        4  system_stm32f4xx.o(.data)
    .data                                    0x200001a0   Section       60  tasks.o(.data)
    pxDelayedTaskList                        0x200001a4   Data           4  tasks.o(.data)
    pxOverflowDelayedTaskList                0x200001a8   Data           4  tasks.o(.data)
    uxDeletedTasksWaitingCleanUp             0x200001ac   Data           4  tasks.o(.data)
    uxCurrentNumberOfTasks                   0x200001b0   Data           4  tasks.o(.data)
    xTickCount                               0x200001b4   Data           4  tasks.o(.data)
    uxTopReadyPriority                       0x200001b8   Data           4  tasks.o(.data)
    xSchedulerRunning                        0x200001bc   Data           4  tasks.o(.data)
    uxPendedTicks                            0x200001c0   Data           4  tasks.o(.data)
    xYieldPending                            0x200001c4   Data           4  tasks.o(.data)
    xNumOfOverflows                          0x200001c8   Data           4  tasks.o(.data)
    uxTaskNumber                             0x200001cc   Data           4  tasks.o(.data)
    xNextTaskUnblockTime                     0x200001d0   Data           4  tasks.o(.data)
    xIdleTaskHandle                          0x200001d4   Data           4  tasks.o(.data)
    uxSchedulerSuspended                     0x200001d8   Data           4  tasks.o(.data)
    .data                                    0x200001dc   Section       20  timers.o(.data)
    pxCurrentTimerList                       0x200001dc   Data           4  timers.o(.data)
    pxOverflowTimerList                      0x200001e0   Data           4  timers.o(.data)
    xTimerQueue                              0x200001e4   Data           4  timers.o(.data)
    xTimerTaskHandle                         0x200001e8   Data           4  timers.o(.data)
    xLastTime                                0x200001ec   Data           4  timers.o(.data)
    .data                                    0x200001f0   Section       24  heap_4.o(.data)
    xStart                                   0x200001f0   Data           8  heap_4.o(.data)
    pxEnd                                    0x200001f8   Data           4  heap_4.o(.data)
    xFreeBytesRemaining                      0x200001fc   Data           4  heap_4.o(.data)
    xMinimumEverFreeBytesRemaining           0x20000200   Data           4  heap_4.o(.data)
    xBlockAllocatedBit                       0x20000204   Data           4  heap_4.o(.data)
    .data                                    0x20000208   Section       12  port.o(.data)
    uxCriticalNesting                        0x20000208   Data           4  port.o(.data)
    ucMaxSysCallPriority                     0x2000020c   Data           1  port.o(.data)
    ulMaxPRIGROUPValue                       0x20000210   Data           4  port.o(.data)
    .bss                                     0x20000214   Section      603  usart.o(.bss)
    uart1_struct                             0x20000214   Data         201  usart.o(.bss)
    uart2_struct                             0x200002dd   Data         201  usart.o(.bss)
    uart3_struct                             0x200003a6   Data         201  usart.o(.bss)
    .bss                                     0x20000470   Section      192  timer.o(.bss)
    timer_handler                            0x20000470   Data         192  timer.o(.bss)
    .bss                                     0x20000530   Section      416  main.o(.bss)
    .bss                                     0x200006d0   Section       64  stm32f4xx_hal_timebase_tim.o(.bss)
    .bss                                     0x20000710   Section       64  queue.o(.bss)
    .bss                                     0x20000750   Section      240  tasks.o(.bss)
    pxReadyTasksLists                        0x20000750   Data         140  tasks.o(.bss)
    xDelayedTaskList1                        0x200007dc   Data          20  tasks.o(.bss)
    xDelayedTaskList2                        0x200007f0   Data          20  tasks.o(.bss)
    xPendingReadyList                        0x20000804   Data          20  tasks.o(.bss)
    xTasksWaitingTermination                 0x20000818   Data          20  tasks.o(.bss)
    xSuspendedTaskList                       0x2000082c   Data          20  tasks.o(.bss)
    .bss                                     0x20000840   Section       40  timers.o(.bss)
    xActiveTimerList1                        0x20000840   Data          20  timers.o(.bss)
    xActiveTimerList2                        0x20000854   Data          20  timers.o(.bss)
    .bss                                     0x20000868   Section    50000  heap_4.o(.bss)
    ucHeap                                   0x20000868   Data       50000  heap_4.o(.bss)
    .bss                                     0x2000cbb8   Section       44  localtime.o(.bss)
    _tms                                     0x2000cbb8   Data          44  localtime.o(.bss)
    STACK                                    0x2000cbe8   Section     1024  startup_stm32f407xx.o(STACK)

    Global Symbols

    Symbol Name                              Value     Ov Type        Size  Object(Section)

    BuildAttributes$$THM_ISAv4$E$P$D$K$B$S$7EM$VFPi3$EXTD16$VFPS$VFMA$PE$A:L22UL41UL21$X:L11$S22US41US21$IEEE1$IW$USESV6$~STKCKD$USESV7$~SHL$OTIME$ROPI$IEEEX$EBA8$MICROLIB$REQ8$PRES8$EABIv2 0x00000000   Number         0  anon$$obj.o ABSOLUTE
    __ARM_use_no_argv                        0x00000000   Number         0  main.o ABSOLUTE
    __cpp_initialize__aeabi_                  - Undefined Weak Reference
    __cxa_finalize                            - Undefined Weak Reference
    _clock_init                               - Undefined Weak Reference
    _microlib_exit                            - Undefined Weak Reference
    _scanf_longlong                           - Undefined Weak Reference
    _scanf_real                               - Undefined Weak Reference
    _scanf_string                             - Undefined Weak Reference
    __Vectors_Size                           0x00000188   Number         0  startup_stm32f407xx.o ABSOLUTE
    __Vectors                                0x08000000   Data           4  startup_stm32f407xx.o(RESET)
    __Vectors_End                            0x08000188   Data           0  startup_stm32f407xx.o(RESET)
    __main                                   0x08000189   Thumb Code     0  entry.o(.ARM.Collect$$$$00000000)
    _main_stk                                0x08000189   Thumb Code     0  entry2.o(.ARM.Collect$$$$00000001)
    _main_scatterload                        0x0800018d   Thumb Code     0  entry5.o(.ARM.Collect$$$$00000004)
    __main_after_scatterload                 0x08000191   Thumb Code     0  entry5.o(.ARM.Collect$$$$00000004)
    _main_clock                              0x08000191   Thumb Code     0  entry7b.o(.ARM.Collect$$$$00000008)
    _main_cpp_init                           0x08000191   Thumb Code     0  entry8b.o(.ARM.Collect$$$$0000000A)
    _main_init                               0x08000191   Thumb Code     0  entry9a.o(.ARM.Collect$$$$0000000B)
    __rt_final_cpp                           0x08000199   Thumb Code     0  entry10a.o(.ARM.Collect$$$$0000000D)
    __rt_final_exit                          0x08000199   Thumb Code     0  entry11a.o(.ARM.Collect$$$$0000000F)
    SVC_Handler                              0x0800019d   Thumb Code    28  port.o(.emb_text)
    __asm___6_port_c_39a90d8d__prvStartFirstTask 0x080001bd   Thumb Code    36  port.o(.emb_text)
    __asm___6_port_c_39a90d8d__prvEnableVFP  0x080001e5   Thumb Code    16  port.o(.emb_text)
    PendSV_Handler                           0x080001f9   Thumb Code    88  port.o(.emb_text)
    vPortGetIPSR                             0x08000255   Thumb Code     6  port.o(.emb_text)
    Reset_Handler                            0x0800025d   Thumb Code     8  startup_stm32f407xx.o(.text)
    CAN1_RX0_IRQHandler                      0x08000277   Thumb Code     0  startup_stm32f407xx.o(.text)
    CAN1_RX1_IRQHandler                      0x08000277   Thumb Code     0  startup_stm32f407xx.o(.text)
    CAN1_SCE_IRQHandler                      0x08000277   Thumb Code     0  startup_stm32f407xx.o(.text)
    CAN1_TX_IRQHandler                       0x08000277   Thumb Code     0  startup_stm32f407xx.o(.text)
    CAN2_RX0_IRQHandler                      0x08000277   Thumb Code     0  startup_stm32f407xx.o(.text)
    CAN2_RX1_IRQHandler                      0x08000277   Thumb Code     0  startup_stm32f407xx.o(.text)
    CAN2_SCE_IRQHandler                      0x08000277   Thumb Code     0  startup_stm32f407xx.o(.text)
    CAN2_TX_IRQHandler                       0x08000277   Thumb Code     0  startup_stm32f407xx.o(.text)
    DCMI_IRQHandler                          0x08000277   Thumb Code     0  startup_stm32f407xx.o(.text)
    DMA1_Stream0_IRQHandler                  0x08000277   Thumb Code     0  startup_stm32f407xx.o(.text)
    DMA1_Stream1_IRQHandler                  0x08000277   Thumb Code     0  startup_stm32f407xx.o(.text)
    DMA1_Stream2_IRQHandler                  0x08000277   Thumb Code     0  startup_stm32f407xx.o(.text)
    DMA1_Stream3_IRQHandler                  0x08000277   Thumb Code     0  startup_stm32f407xx.o(.text)
    DMA1_Stream4_IRQHandler                  0x08000277   Thumb Code     0  startup_stm32f407xx.o(.text)
    DMA1_Stream5_IRQHandler                  0x08000277   Thumb Code     0  startup_stm32f407xx.o(.text)
    DMA1_Stream6_IRQHandler                  0x08000277   Thumb Code     0  startup_stm32f407xx.o(.text)
    DMA1_Stream7_IRQHandler                  0x08000277   Thumb Code     0  startup_stm32f407xx.o(.text)
    DMA2_Stream0_IRQHandler                  0x08000277   Thumb Code     0  startup_stm32f407xx.o(.text)
    DMA2_Stream1_IRQHandler                  0x08000277   Thumb Code     0  startup_stm32f407xx.o(.text)
    DMA2_Stream2_IRQHandler                  0x08000277   Thumb Code     0  startup_stm32f407xx.o(.text)
    DMA2_Stream3_IRQHandler                  0x08000277   Thumb Code     0  startup_stm32f407xx.o(.text)
    DMA2_Stream4_IRQHandler                  0x08000277   Thumb Code     0  startup_stm32f407xx.o(.text)
    DMA2_Stream5_IRQHandler                  0x08000277   Thumb Code     0  startup_stm32f407xx.o(.text)
    DMA2_Stream6_IRQHandler                  0x08000277   Thumb Code     0  startup_stm32f407xx.o(.text)
    DMA2_Stream7_IRQHandler                  0x08000277   Thumb Code     0  startup_stm32f407xx.o(.text)
    ETH_IRQHandler                           0x08000277   Thumb Code     0  startup_stm32f407xx.o(.text)
    ETH_WKUP_IRQHandler                      0x08000277   Thumb Code     0  startup_stm32f407xx.o(.text)
    EXTI0_IRQHandler                         0x08000277   Thumb Code     0  startup_stm32f407xx.o(.text)
    EXTI15_10_IRQHandler                     0x08000277   Thumb Code     0  startup_stm32f407xx.o(.text)
    EXTI1_IRQHandler                         0x08000277   Thumb Code     0  startup_stm32f407xx.o(.text)
    EXTI2_IRQHandler                         0x08000277   Thumb Code     0  startup_stm32f407xx.o(.text)
    EXTI3_IRQHandler                         0x08000277   Thumb Code     0  startup_stm32f407xx.o(.text)
    EXTI4_IRQHandler                         0x08000277   Thumb Code     0  startup_stm32f407xx.o(.text)
    EXTI9_5_IRQHandler                       0x08000277   Thumb Code     0  startup_stm32f407xx.o(.text)
    FLASH_IRQHandler                         0x08000277   Thumb Code     0  startup_stm32f407xx.o(.text)
    FMC_IRQHandler                           0x08000277   Thumb Code     0  startup_stm32f407xx.o(.text)
    FPU_IRQHandler                           0x08000277   Thumb Code     0  startup_stm32f407xx.o(.text)
    HASH_RNG_IRQHandler                      0x08000277   Thumb Code     0  startup_stm32f407xx.o(.text)
    I2C1_ER_IRQHandler                       0x08000277   Thumb Code     0  startup_stm32f407xx.o(.text)
    I2C1_EV_IRQHandler                       0x08000277   Thumb Code     0  startup_stm32f407xx.o(.text)
    I2C2_ER_IRQHandler                       0x08000277   Thumb Code     0  startup_stm32f407xx.o(.text)
    I2C2_EV_IRQHandler                       0x08000277   Thumb Code     0  startup_stm32f407xx.o(.text)
    I2C3_ER_IRQHandler                       0x08000277   Thumb Code     0  startup_stm32f407xx.o(.text)
    I2C3_EV_IRQHandler                       0x08000277   Thumb Code     0  startup_stm32f407xx.o(.text)
    OTG_FS_IRQHandler                        0x08000277   Thumb Code     0  startup_stm32f407xx.o(.text)
    OTG_FS_WKUP_IRQHandler                   0x08000277   Thumb Code     0  startup_stm32f407xx.o(.text)
    OTG_HS_EP1_IN_IRQHandler                 0x08000277   Thumb Code     0  startup_stm32f407xx.o(.text)
    OTG_HS_EP1_OUT_IRQHandler                0x08000277   Thumb Code     0  startup_stm32f407xx.o(.text)
    OTG_HS_IRQHandler                        0x08000277   Thumb Code     0  startup_stm32f407xx.o(.text)
    OTG_HS_WKUP_IRQHandler                   0x08000277   Thumb Code     0  startup_stm32f407xx.o(.text)
    PVD_IRQHandler                           0x08000277   Thumb Code     0  startup_stm32f407xx.o(.text)
    RCC_IRQHandler                           0x08000277   Thumb Code     0  startup_stm32f407xx.o(.text)
    RTC_Alarm_IRQHandler                     0x08000277   Thumb Code     0  startup_stm32f407xx.o(.text)
    RTC_WKUP_IRQHandler                      0x08000277   Thumb Code     0  startup_stm32f407xx.o(.text)
    SDIO_IRQHandler                          0x08000277   Thumb Code     0  startup_stm32f407xx.o(.text)
    SPI1_IRQHandler                          0x08000277   Thumb Code     0  startup_stm32f407xx.o(.text)
    SPI2_IRQHandler                          0x08000277   Thumb Code     0  startup_stm32f407xx.o(.text)
    SPI3_IRQHandler                          0x08000277   Thumb Code     0  startup_stm32f407xx.o(.text)
    TAMP_STAMP_IRQHandler                    0x08000277   Thumb Code     0  startup_stm32f407xx.o(.text)
    TIM1_BRK_TIM9_IRQHandler                 0x08000277   Thumb Code     0  startup_stm32f407xx.o(.text)
    TIM1_CC_IRQHandler                       0x08000277   Thumb Code     0  startup_stm32f407xx.o(.text)
    TIM1_TRG_COM_TIM11_IRQHandler            0x08000277   Thumb Code     0  startup_stm32f407xx.o(.text)
    TIM1_UP_TIM10_IRQHandler                 0x08000277   Thumb Code     0  startup_stm32f407xx.o(.text)
    TIM2_IRQHandler                          0x08000277   Thumb Code     0  startup_stm32f407xx.o(.text)
    TIM5_IRQHandler                          0x08000277   Thumb Code     0  startup_stm32f407xx.o(.text)
    TIM6_DAC_IRQHandler                      0x08000277   Thumb Code     0  startup_stm32f407xx.o(.text)
    TIM7_IRQHandler                          0x08000277   Thumb Code     0  startup_stm32f407xx.o(.text)
    TIM8_BRK_TIM12_IRQHandler                0x08000277   Thumb Code     0  startup_stm32f407xx.o(.text)
    TIM8_CC_IRQHandler                       0x08000277   Thumb Code     0  startup_stm32f407xx.o(.text)
    TIM8_TRG_COM_TIM14_IRQHandler            0x08000277   Thumb Code     0  startup_stm32f407xx.o(.text)
    TIM8_UP_TIM13_IRQHandler                 0x08000277   Thumb Code     0  startup_stm32f407xx.o(.text)
    UART4_IRQHandler                         0x08000277   Thumb Code     0  startup_stm32f407xx.o(.text)
    UART5_IRQHandler                         0x08000277   Thumb Code     0  startup_stm32f407xx.o(.text)
    USART6_IRQHandler                        0x08000277   Thumb Code     0  startup_stm32f407xx.o(.text)
    WWDG_IRQHandler                          0x08000277   Thumb Code     0  startup_stm32f407xx.o(.text)
    arm_mat_init_f32                         0x08000281   Thumb Code     8  arm_mat_init_f32.o(.text)
    arm_mat_mult_f32                         0x08000289   Thumb Code   312  arm_mat_mult_f32.o(.text)
    __aeabi_uldivmod                         0x080003c5   Thumb Code    98  uldiv.o(.text)
    localtime                                0x08000429   Thumb Code   138  localtime.o(.text)
    __aeabi_memcpy                           0x080004bd   Thumb Code    36  memcpya.o(.text)
    __aeabi_memcpy4                          0x080004bd   Thumb Code     0  memcpya.o(.text)
    __aeabi_memcpy8                          0x080004bd   Thumb Code     0  memcpya.o(.text)
    __aeabi_memset                           0x080004e1   Thumb Code    14  memseta.o(.text)
    __aeabi_memset4                          0x080004e1   Thumb Code     0  memseta.o(.text)
    __aeabi_memset8                          0x080004e1   Thumb Code     0  memseta.o(.text)
    __aeabi_memclr                           0x080004ef   Thumb Code     4  memseta.o(.text)
    __aeabi_memclr4                          0x080004ef   Thumb Code     0  memseta.o(.text)
    __aeabi_memclr8                          0x080004ef   Thumb Code     0  memseta.o(.text)
    memset                                   0x080004f3   Thumb Code    18  memseta.o(.text)
    strlen                                   0x08000505   Thumb Code    14  strlen.o(.text)
    strncmp                                  0x08000513   Thumb Code    30  strncmp.o(.text)
    strrchr                                  0x08000531   Thumb Code    32  strrchr.o(.text)
    __0sscanf                                0x08000551   Thumb Code    48  __0sscanf.o(.text)
    _scanf_int                               0x08000589   Thumb Code   332  _scanf_int.o(.text)
    __aeabi_dadd                             0x080006d5   Thumb Code   322  dadd.o(.text)
    __aeabi_dsub                             0x08000817   Thumb Code     6  dadd.o(.text)
    __aeabi_drsub                            0x0800081d   Thumb Code     6  dadd.o(.text)
    __aeabi_dmul                             0x08000823   Thumb Code   228  dmul.o(.text)
    __aeabi_ddiv                             0x08000907   Thumb Code   222  ddiv.o(.text)
    __aeabi_f2d                              0x080009e5   Thumb Code    38  f2d.o(.text)
    __aeabi_uidiv                            0x08000a0b   Thumb Code     0  uidiv.o(.text)
    __aeabi_uidivmod                         0x08000a0b   Thumb Code    44  uidiv.o(.text)
    __aeabi_llsl                             0x08000a37   Thumb Code    30  llshl.o(.text)
    _ll_shift_l                              0x08000a37   Thumb Code     0  llshl.o(.text)
    __aeabi_llsr                             0x08000a55   Thumb Code    32  llushr.o(.text)
    _ll_ushift_r                             0x08000a55   Thumb Code     0  llushr.o(.text)
    __aeabi_lasr                             0x08000a75   Thumb Code    36  llsshr.o(.text)
    _ll_sshift_r                             0x08000a75   Thumb Code     0  llsshr.o(.text)
    _chval                                   0x08000a99   Thumb Code    28  _chval.o(.text)
    __vfscanf_char                           0x08000ac1   Thumb Code    20  scanf_char.o(.text)
    _sgetc                                   0x08000add   Thumb Code    30  _sgetc.o(.text)
    _sbackspace                              0x08000afb   Thumb Code    34  _sgetc.o(.text)
    __I$use$fp                               0x08000b1d   Thumb Code     0  iusefp.o(.text)
    _double_round                            0x08000b1d   Thumb Code    30  depilogue.o(.text)
    _double_epilogue                         0x08000b3b   Thumb Code   156  depilogue.o(.text)
    __aeabi_d2ulz                            0x08000bd7   Thumb Code    48  dfixul.o(.text)
    __aeabi_cdrcmple                         0x08000c09   Thumb Code    48  cdrcmple.o(.text)
    __scatterload                            0x08000c39   Thumb Code    28  init.o(.text)
    __scatterload_rt2                        0x08000c39   Thumb Code     0  init.o(.text)
    isspace                                  0x08000c5d   Thumb Code    10  isspace_c.o(.text)
    __vfscanf                                0x08000c69   Thumb Code   808  _scanf.o(.text)
    __ctype_lookup                           0x08000f95   Thumb Code    34  ctype_c.o(.text)
    __decompress                             0x08000fbd   Thumb Code     0  __dczerorl2.o(.text)
    __decompress1                            0x08000fbd   Thumb Code    86  __dczerorl2.o(.text)
    ADC_IRQHandler                           0x08001015   Thumb Code    10  stm32f4xx_it.o(i.ADC_IRQHandler)
    BusFault_Handler                         0x08001185   Thumb Code     4  stm32f4xx_it.o(i.BusFault_Handler)
    DebugMon_Handler                         0x08001189   Thumb Code     2  stm32f4xx_it.o(i.DebugMon_Handler)
    Error_Handler                            0x0800118b   Thumb Code     2  main.o(i.Error_Handler)
    HAL_ADCEx_InjectedConvCpltCallback       0x0800118d   Thumb Code     2  stm32f4xx_hal_adc_ex.o(i.HAL_ADCEx_InjectedConvCpltCallback)
    HAL_ADC_ConfigChannel                    0x08001191   Thumb Code   380  stm32f4xx_hal_adc.o(i.HAL_ADC_ConfigChannel)
    HAL_ADC_ConvCpltCallback                 0x0800131d   Thumb Code     2  stm32f4xx_hal_adc.o(i.HAL_ADC_ConvCpltCallback)
    HAL_ADC_ErrorCallback                    0x0800131f   Thumb Code     2  stm32f4xx_hal_adc.o(i.HAL_ADC_ErrorCallback)
    HAL_ADC_IRQHandler                       0x08001321   Thumb Code   372  stm32f4xx_hal_adc.o(i.HAL_ADC_IRQHandler)
    HAL_ADC_Init                             0x08001495   Thumb Code   100  stm32f4xx_hal_adc.o(i.HAL_ADC_Init)
    HAL_ADC_LevelOutOfWindowCallback         0x080014fd   Thumb Code     2  stm32f4xx_hal_adc.o(i.HAL_ADC_LevelOutOfWindowCallback)
    HAL_ADC_MspInit                          0x08001501   Thumb Code   130  stm32f4xx_hal_msp.o(i.HAL_ADC_MspInit)
    HAL_DMA_Abort_IT                         0x08001591   Thumb Code    40  stm32f4xx_hal_dma.o(i.HAL_DMA_Abort_IT)
    HAL_GPIO_Init                            0x080015b9   Thumb Code   466  stm32f4xx_hal_gpio.o(i.HAL_GPIO_Init)
    HAL_GPIO_WritePin                        0x080017b9   Thumb Code    12  stm32f4xx_hal_gpio.o(i.HAL_GPIO_WritePin)
    HAL_GetTick                              0x080017c5   Thumb Code     6  stm32f4xx_hal.o(i.HAL_GetTick)
    HAL_IncTick                              0x080017d1   Thumb Code    16  stm32f4xx_hal.o(i.HAL_IncTick)
    HAL_Init                                 0x080017e9   Thumb Code    54  stm32f4xx_hal.o(i.HAL_Init)
    HAL_InitTick                             0x08001825   Thumb Code   122  stm32f4xx_hal_timebase_tim.o(i.HAL_InitTick)
    HAL_MspInit                              0x080018b1   Thumb Code    78  stm32f4xx_hal_msp.o(i.HAL_MspInit)
    HAL_NVIC_EnableIRQ                       0x08001905   Thumb Code    32  stm32f4xx_hal_cortex.o(i.HAL_NVIC_EnableIRQ)
    HAL_NVIC_SetPriority                     0x08001925   Thumb Code   124  stm32f4xx_hal_cortex.o(i.HAL_NVIC_SetPriority)
    HAL_NVIC_SetPriorityGrouping             0x080019a1   Thumb Code    32  stm32f4xx_hal_cortex.o(i.HAL_NVIC_SetPriorityGrouping)
    HAL_RCC_ClockConfig                      0x080019c9   Thumb Code   366  stm32f4xx_hal_rcc.o(i.HAL_RCC_ClockConfig)
    HAL_RCC_GetClockConfig                   0x08001b49   Thumb Code    58  stm32f4xx_hal_rcc.o(i.HAL_RCC_GetClockConfig)
    HAL_RCC_GetHCLKFreq                      0x08001b8d   Thumb Code     6  stm32f4xx_hal_rcc.o(i.HAL_RCC_GetHCLKFreq)
    HAL_RCC_GetPCLK1Freq                     0x08001b99   Thumb Code    22  stm32f4xx_hal_rcc.o(i.HAL_RCC_GetPCLK1Freq)
    HAL_RCC_GetPCLK2Freq                     0x08001bb9   Thumb Code    22  stm32f4xx_hal_rcc.o(i.HAL_RCC_GetPCLK2Freq)
    HAL_RCC_GetSysClockFreq                  0x08001bd9   Thumb Code   162  stm32f4xx_hal_rcc.o(i.HAL_RCC_GetSysClockFreq)
    HAL_RCC_OscConfig                        0x08001c89   Thumb Code  1086  stm32f4xx_hal_rcc.o(i.HAL_RCC_OscConfig)
    HAL_SPI_Init                             0x080020d1   Thumb Code   140  stm32f4xx_hal_spi.o(i.HAL_SPI_Init)
    HAL_SPI_MspInit                          0x0800215d   Thumb Code   122  stm32f4xx_hal_msp.o(i.HAL_SPI_MspInit)
    HAL_TIMEx_BreakCallback                  0x080021e5   Thumb Code     2  stm32f4xx_hal_tim_ex.o(i.HAL_TIMEx_BreakCallback)
    HAL_TIMEx_CommutCallback                 0x080021e7   Thumb Code     2  stm32f4xx_hal_tim_ex.o(i.HAL_TIMEx_CommutCallback)
    HAL_TIMEx_MasterConfigSynchronization    0x080021e9   Thumb Code    84  stm32f4xx_hal_tim_ex.o(i.HAL_TIMEx_MasterConfigSynchronization)
    HAL_TIM_Base_Init                        0x0800223d   Thumb Code    52  stm32f4xx_hal_tim.o(i.HAL_TIM_Base_Init)
    HAL_TIM_Base_MspInit                     0x08002271   Thumb Code   192  stm32f4xx_hal_msp.o(i.HAL_TIM_Base_MspInit)
    HAL_TIM_Base_Start_IT                    0x08002341   Thumb Code    42  stm32f4xx_hal_tim.o(i.HAL_TIM_Base_Start_IT)
    HAL_TIM_ConfigClockSource                0x0800236b   Thumb Code   264  stm32f4xx_hal_tim.o(i.HAL_TIM_ConfigClockSource)
    HAL_TIM_IC_CaptureCallback               0x08002475   Thumb Code   172  timercapture.o(i.HAL_TIM_IC_CaptureCallback)
    HAL_TIM_IC_ConfigChannel                 0x0800255d   Thumb Code   224  stm32f4xx_hal_tim.o(i.HAL_TIM_IC_ConfigChannel)
    HAL_TIM_IC_Init                          0x0800263d   Thumb Code    52  stm32f4xx_hal_tim.o(i.HAL_TIM_IC_Init)
    HAL_TIM_IC_MspInit                       0x08002671   Thumb Code     2  stm32f4xx_hal_tim.o(i.HAL_TIM_IC_MspInit)
    HAL_TIM_IC_Start_IT                      0x08002673   Thumb Code   120  stm32f4xx_hal_tim.o(i.HAL_TIM_IC_Start_IT)
    HAL_TIM_IRQHandler                       0x080026eb   Thumb Code   406  stm32f4xx_hal_tim.o(i.HAL_TIM_IRQHandler)
    HAL_TIM_OC_DelayElapsedCallback          0x08002881   Thumb Code     2  stm32f4xx_hal_tim.o(i.HAL_TIM_OC_DelayElapsedCallback)
    HAL_TIM_PWM_PulseFinishedCallback        0x08002883   Thumb Code     2  stm32f4xx_hal_tim.o(i.HAL_TIM_PWM_PulseFinishedCallback)
    HAL_TIM_PeriodElapsedCallback            0x08002885   Thumb Code    18  main.o(i.HAL_TIM_PeriodElapsedCallback)
    HAL_TIM_TriggerCallback                  0x0800289d   Thumb Code     2  stm32f4xx_hal_tim.o(i.HAL_TIM_TriggerCallback)
    HAL_UART_AbortReceiveCpltCallback        0x0800289f   Thumb Code     2  stm32f4xx_hal_uart.o(i.HAL_UART_AbortReceiveCpltCallback)
    HAL_UART_AbortReceive_IT                 0x080028a1   Thumb Code   116  stm32f4xx_hal_uart.o(i.HAL_UART_AbortReceive_IT)
    HAL_UART_ErrorCallback                   0x08002919   Thumb Code     2  stm32f4xx_hal_uart.o(i.HAL_UART_ErrorCallback)
    HAL_UART_IRQHandler                      0x0800291d   Thumb Code   328  stm32f4xx_hal_uart.o(i.HAL_UART_IRQHandler)
    HAL_UART_Init                            0x08002a69   Thumb Code   114  stm32f4xx_hal_uart.o(i.HAL_UART_Init)
    HAL_UART_MspInit                         0x08002add   Thumb Code   452  stm32f4xx_hal_msp.o(i.HAL_UART_MspInit)
    HAL_UART_Receive_IT                      0x08002cbd   Thumb Code   112  stm32f4xx_hal_uart.o(i.HAL_UART_Receive_IT)
    HAL_UART_RxCpltCallback                  0x08002d2d   Thumb Code     2  stm32f4xx_hal_uart.o(i.HAL_UART_RxCpltCallback)
    HAL_UART_Transmit                        0x08002d2f   Thumb Code   214  stm32f4xx_hal_uart.o(i.HAL_UART_Transmit)
    HAL_UART_TxCpltCallback                  0x08002e05   Thumb Code     2  stm32f4xx_hal_uart.o(i.HAL_UART_TxCpltCallback)
    HardFault_Handler                        0x08002e07   Thumb Code     4  stm32f4xx_it.o(i.HardFault_Handler)
    MemManage_Handler                        0x0800311d   Thumb Code     4  stm32f4xx_it.o(i.MemManage_Handler)
    NMI_Handler                              0x08003121   Thumb Code     2  stm32f4xx_it.o(i.NMI_Handler)
    SysTick_Handler                          0x08003125   Thumb Code    46  port.o(i.SysTick_Handler)
    SystemClock_Config                       0x08003159   Thumb Code   174  main.o(i.SystemClock_Config)
    SystemInit                               0x08003211   Thumb Code    82  system_stm32f4xx.o(i.SystemInit)
    TIM3_IRQHandler                          0x08003275   Thumb Code    10  stm32f4xx_it.o(i.TIM3_IRQHandler)
    TIM4_IRQHandler                          0x08003285   Thumb Code    10  stm32f4xx_it.o(i.TIM4_IRQHandler)
    TIM_Base_SetConfig                       0x08003295   Thumb Code   170  stm32f4xx_hal_tim.o(i.TIM_Base_SetConfig)
    TIM_CCxChannelCmd                        0x0800336d   Thumb Code    34  stm32f4xx_hal_tim.o(i.TIM_CCxChannelCmd)
    TIM_ETR_SetConfig                        0x0800338f   Thumb Code    22  stm32f4xx_hal_tim.o(i.TIM_ETR_SetConfig)
    TIM_TI1_SetConfig                        0x080033dd   Thumb Code   114  stm32f4xx_hal_tim.o(i.TIM_TI1_SetConfig)
    USART1_IRQHandler                        0x08003a91   Thumb Code    28  stm32f4xx_it.o(i.USART1_IRQHandler)
    USART2_IRQHandler                        0x08003ab1   Thumb Code    28  stm32f4xx_it.o(i.USART2_IRQHandler)
    USART3_IRQHandler                        0x08003ad1   Thumb Code    28  stm32f4xx_it.o(i.USART3_IRQHandler)
    UsageFault_Handler                       0x08003af1   Thumb Code     4  stm32f4xx_it.o(i.UsageFault_Handler)
    __0vsnprintf                             0x08003af5   Thumb Code    40  printfa.o(i.__0vsnprintf)
    __1vsnprintf                             0x08003af5   Thumb Code     0  printfa.o(i.__0vsnprintf)
    __2vsnprintf                             0x08003af5   Thumb Code     0  printfa.o(i.__0vsnprintf)
    __c89vsnprintf                           0x08003af5   Thumb Code     0  printfa.o(i.__0vsnprintf)
    vsnprintf                                0x08003af5   Thumb Code     0  printfa.o(i.__0vsnprintf)
    __scatterload_copy                       0x08003b59   Thumb Code    14  handlers.o(i.__scatterload_copy)
    __scatterload_null                       0x08003b67   Thumb Code     2  handlers.o(i.__scatterload_null)
    __scatterload_zeroinit                   0x08003b69   Thumb Code    14  handlers.o(i.__scatterload_zeroinit)
    app_core                                 0x08004441   Thumb Code    62  app_core.o(i.app_core)
    app_main                                 0x080044bd   Thumb Code    64  app_main.o(i.app_main)
    app_modem                                0x0800453d   Thumb Code    64  app_modem.o(i.app_modem)
    cmdSend                                  0x080045bd   Thumb Code    24  idiotelement.o(i.cmdSend)
    cmd_write                                0x080048cb   Thumb Code   110  idiotelement.o(i.cmd_write)
    debug_proc                               0x08004a49   Thumb Code   134  debug.o(i.debug_proc)
    log_header                               0x08004b79   Thumb Code    34  log.o(i.log_header)
    log_hex                                  0x08004ba9   Thumb Code   234  log.o(i.log_hex)
    log_print                                0x08004cc9   Thumb Code    66  log.o(i.log_print)
    main                                     0x08004d11   Thumb Code   290  main.o(i.main)
    msg_msgProc                              0x08005125   Thumb Code   162  msg.o(i.msg_msgProc)
    msg_sendCoreCmd                          0x08005221   Thumb Code    22  msg.o(i.msg_sendCoreCmd)
    msg_sendData                             0x0800523d   Thumb Code   138  msg.o(i.msg_sendData)
    osKernelStart                            0x0800534d   Thumb Code    10  cmsis_os.o(i.osKernelStart)
    osMessageCreate                          0x08005357   Thumb Code    18  cmsis_os.o(i.osMessageCreate)
    osThreadCreate                           0x08005369   Thumb Code    48  cmsis_os.o(i.osThreadCreate)
    osTimerCreate                            0x08005399   Thumb Code    36  cmsis_os.o(i.osTimerCreate)
    osTimerStart                             0x080053c1   Thumb Code   100  cmsis_os.o(i.osTimerStart)
    pcTaskGetName                            0x08005429   Thumb Code    44  tasks.o(i.pcTaskGetName)
    pvPortMalloc                             0x08005e31   Thumb Code   296  heap_4.o(i.pvPortMalloc)
    pxPortInitialiseStack                    0x08005f6d   Thumb Code    38  port.o(i.pxPortInitialiseStack)
    splitFileName                            0x08005f99   Thumb Code    58  log.o(i.splitFileName)
    stm32_init                               0x08005fd5   Thumb Code    20  app_main.o(i.stm32_init)
    timer1_cb                                0x08005fed   Thumb Code    20  timer.o(i.timer1_cb)
    timer2_cb                                0x08006005   Thumb Code     2  main.o(i.timer2_cb)
    timer_start                              0x08006009   Thumb Code    44  timer.o(i.timer_start)
    timer_update_IT                          0x08006039   Thumb Code   108  timer.o(i.timer_update_IT)
    usart1_recvData_IT                       0x080060e5   Thumb Code    14  usart.o(i.usart1_recvData_IT)
    usart2_recvData_IT                       0x08006131   Thumb Code    14  usart.o(i.usart2_recvData_IT)
    usart3_recvData_IT                       0x0800617d   Thumb Code    14  usart.o(i.usart3_recvData_IT)
    usart_init                               0x080061c9   Thumb Code    66  usart.o(i.usart_init)
    usart_transmit_data                      0x08006255   Thumb Code    32  usart.o(i.usart_transmit_data)
    uxListRemove                             0x08006275   Thumb Code    40  list.o(i.uxListRemove)
    vListInitialise                          0x0800629d   Thumb Code    26  list.o(i.vListInitialise)
    vListInitialiseItem                      0x080062b7   Thumb Code     6  list.o(i.vListInitialiseItem)
    vListInsert                              0x080062bd   Thumb Code    52  list.o(i.vListInsert)
    vListInsertEnd                           0x080062f1   Thumb Code    24  list.o(i.vListInsertEnd)
    vPortEnterCritical                       0x08006309   Thumb Code    76  port.o(i.vPortEnterCritical)
    vPortExitCritical                        0x0800635d   Thumb Code    56  port.o(i.vPortExitCritical)
    vPortFree                                0x08006399   Thumb Code   140  heap_4.o(i.vPortFree)
    vPortSetupTimerInterrupt                 0x0800642d   Thumb Code    36  port.o(i.vPortSetupTimerInterrupt)
    vPortValidateInterruptPriority           0x08006455   Thumb Code   106  port.o(i.vPortValidateInterruptPriority)
    vQueueAddToRegistry                      0x080064cd   Thumb Code    38  queue.o(i.vQueueAddToRegistry)
    vQueueWaitForMessageRestricted           0x080064f9   Thumb Code    74  queue.o(i.vQueueWaitForMessageRestricted)
    vTaskInternalSetTimeOutState             0x08006545   Thumb Code    14  tasks.o(i.vTaskInternalSetTimeOutState)
    vTaskMissedYield                         0x0800655d   Thumb Code     8  tasks.o(i.vTaskMissedYield)
    vTaskPlaceOnEventList                    0x08006569   Thumb Code    52  tasks.o(i.vTaskPlaceOnEventList)
    vTaskPlaceOnEventListRestricted          0x080065a1   Thumb Code    60  tasks.o(i.vTaskPlaceOnEventListRestricted)
    vTaskStartScheduler                      0x080065e1   Thumb Code   120  tasks.o(i.vTaskStartScheduler)
    vTaskSuspendAll                          0x08006675   Thumb Code    12  tasks.o(i.vTaskSuspendAll)
    vTaskSwitchContext                       0x08006685   Thumb Code   118  tasks.o(i.vTaskSwitchContext)
    xPortStartScheduler                      0x08006711   Thumb Code   330  port.o(i.xPortStartScheduler)
    xQueueGenericCreate                      0x08006879   Thumb Code    88  queue.o(i.xQueueGenericCreate)
    xQueueGenericReset                       0x080068d1   Thumb Code   146  queue.o(i.xQueueGenericReset)
    xQueueGenericSend                        0x08006969   Thumb Code   420  queue.o(i.xQueueGenericSend)
    xQueueGenericSendFromISR                 0x08006b11   Thumb Code   248  queue.o(i.xQueueGenericSendFromISR)
    xQueueReceive                            0x08006c09   Thumb Code   356  queue.o(i.xQueueReceive)
    xTaskCheckForTimeOut                     0x08006d71   Thumb Code   132  tasks.o(i.xTaskCheckForTimeOut)
    xTaskCreate                              0x08006dfd   Thumb Code    96  tasks.o(i.xTaskCreate)
    xTaskGetCurrentTaskHandle                0x08006e5d   Thumb Code     6  tasks.o(i.xTaskGetCurrentTaskHandle)
    xTaskGetSchedulerState                   0x08006e69   Thumb Code    24  tasks.o(i.xTaskGetSchedulerState)
    xTaskGetTickCount                        0x08006e89   Thumb Code     6  tasks.o(i.xTaskGetTickCount)
    xTaskIncrementTick                       0x08006e95   Thumb Code   282  tasks.o(i.xTaskIncrementTick)
    xTaskPriorityDisinherit                  0x08006fdd   Thumb Code   188  tasks.o(i.xTaskPriorityDisinherit)
    xTaskRemoveFromEventList                 0x080070a5   Thumb Code   128  tasks.o(i.xTaskRemoveFromEventList)
    xTaskResumeAll                           0x0800713d   Thumb Code   224  tasks.o(i.xTaskResumeAll)
    xTimerCreate                             0x08007241   Thumb Code    48  timers.o(i.xTimerCreate)
    xTimerCreateTimerTask                    0x08007271   Thumb Code    64  timers.o(i.xTimerCreateTimerTask)
    xTimerGenericCommand                     0x080072c5   Thumb Code   126  timers.o(i.xTimerGenericCommand)
    AHBPrescTable                            0x0800747c   Data          16  system_stm32f4xx.o(.constdata)
    APBPrescTable                            0x0800748c   Data           8  system_stm32f4xx.o(.constdata)
    __ctype_categories                       0x080074a0   Data          64  ctype_c.o(.constdata)
    Region$$Table$$Base                      0x08007504   Number         0  anon$$obj.o(Region$$Table)
    Region$$Table$$Limit                     0x08007524   Number         0  anon$$obj.o(Region$$Table)
    coreTaskHandle                           0x20000168   Data           4  main.o(.data)
    mainTaskHandle                           0x2000016c   Data           4  main.o(.data)
    modemTaskHandle                          0x20000170   Data           4  main.o(.data)
    coreQueueHandle                          0x20000174   Data           4  main.o(.data)
    mainQueueHandle                          0x20000178   Data           4  main.o(.data)
    modemQueueHandle                         0x2000017c   Data           4  main.o(.data)
    timer1Handle                             0x20000180   Data           4  main.o(.data)
    timer2Handle                             0x20000184   Data           4  main.o(.data)
    data                                     0x20000188   Data           6  timercapture.o(.data)
    captureFlag                              0x2000018e   Data           1  timercapture.o(.data)
    uwTick                                   0x20000190   Data           4  stm32f4xx_hal.o(.data)
    uwTickPrio                               0x20000194   Data           4  stm32f4xx_hal.o(.data)
    uwTickFreq                               0x20000198   Data           1  stm32f4xx_hal.o(.data)
    SystemCoreClock                          0x2000019c   Data           4  system_stm32f4xx.o(.data)
    pxCurrentTCB                             0x200001a0   Data           4  tasks.o(.data)
    hadc1                                    0x20000530   Data          72  main.o(.bss)
    hspi1                                    0x20000578   Data          88  main.o(.bss)
    htim3                                    0x200005d0   Data          64  main.o(.bss)
    huart1                                   0x20000610   Data          64  main.o(.bss)
    huart2                                   0x20000650   Data          64  main.o(.bss)
    huart3                                   0x20000690   Data          64  main.o(.bss)
    htim4                                    0x200006d0   Data          64  stm32f4xx_hal_timebase_tim.o(.bss)
    xQueueRegistry                           0x20000710   Data          64  queue.o(.bss)
    __initial_sp                             0x2000cfe8   Data           0  startup_stm32f407xx.o(STACK)



==============================================================================

Memory Map of the image

  Image Entry point : 0x08000189

  Load Region LR_IROM1 (Base: 0x08000000, Size: 0x00007738, Max: 0x00100000, ABSOLUTE, COMPRESSED[0x000075d8])

    Execution Region ER_IROM1 (Exec base: 0x08000000, Load base: 0x08000000, Size: 0x00007524, Max: 0x00100000, ABSOLUTE)

    Exec Addr    Load Addr    Size         Type   Attr      Idx    E Section Name        Object

    0x08000000   0x08000000   0x00000188   Data   RO            3    RESET               startup_stm32f407xx.o
    0x08000188   0x08000188   0x00000000   Code   RO         5721  * .ARM.Collect$$$$00000000  mc_w.l(entry.o)
    0x08000188   0x08000188   0x00000004   Code   RO         5786    .ARM.Collect$$$$00000001  mc_w.l(entry2.o)
    0x0800018c   0x0800018c   0x00000004   Code   RO         5789    .ARM.Collect$$$$00000004  mc_w.l(entry5.o)
    0x08000190   0x08000190   0x00000000   Code   RO         5791    .ARM.Collect$$$$00000008  mc_w.l(entry7b.o)
    0x08000190   0x08000190   0x00000000   Code   RO         5793    .ARM.Collect$$$$0000000A  mc_w.l(entry8b.o)
    0x08000190   0x08000190   0x00000008   Code   RO         5794    .ARM.Collect$$$$0000000B  mc_w.l(entry9a.o)
    0x08000198   0x08000198   0x00000000   Code   RO         5796    .ARM.Collect$$$$0000000D  mc_w.l(entry10a.o)
    0x08000198   0x08000198   0x00000000   Code   RO         5798    .ARM.Collect$$$$0000000F  mc_w.l(entry11a.o)
    0x08000198   0x08000198   0x00000004   Code   RO         5787    .ARM.Collect$$$$00002712  mc_w.l(entry2.o)
    0x0800019c   0x0800019c   0x000000be   Code   RO         5562    .emb_text           port.o
    0x0800025a   0x0800025a   0x00000002   PAD
    0x0800025c   0x0800025c   0x00000024   Code   RO            4    .text               startup_stm32f407xx.o
    0x08000280   0x08000280   0x00000008   Code   RO         5642    .text               arm_cortexM4lf_math.lib(arm_mat_init_f32.o)
    0x08000288   0x08000288   0x0000013c   Code   RO         5688    .text               arm_cortexM4lf_math.lib(arm_mat_mult_f32.o)
    0x080003c4   0x080003c4   0x00000062   Code   RO         5724    .text               mc_w.l(uldiv.o)
    0x08000426   0x08000426   0x00000002   PAD
    0x08000428   0x08000428   0x00000094   Code   RO         5726    .text               mc_w.l(localtime.o)
    0x080004bc   0x080004bc   0x00000024   Code   RO         5730    .text               mc_w.l(memcpya.o)
    0x080004e0   0x080004e0   0x00000024   Code   RO         5734    .text               mc_w.l(memseta.o)
    0x08000504   0x08000504   0x0000000e   Code   RO         5736    .text               mc_w.l(strlen.o)
    0x08000512   0x08000512   0x0000001e   Code   RO         5738    .text               mc_w.l(strncmp.o)
    0x08000530   0x08000530   0x00000020   Code   RO         5740    .text               mc_w.l(strrchr.o)
    0x08000550   0x08000550   0x00000038   Code   RO         5772    .text               mc_w.l(__0sscanf.o)
    0x08000588   0x08000588   0x0000014c   Code   RO         5774    .text               mc_w.l(_scanf_int.o)
    0x080006d4   0x080006d4   0x0000014e   Code   RO         5776    .text               mf_w.l(dadd.o)
    0x08000822   0x08000822   0x000000e4   Code   RO         5778    .text               mf_w.l(dmul.o)
    0x08000906   0x08000906   0x000000de   Code   RO         5780    .text               mf_w.l(ddiv.o)
    0x080009e4   0x080009e4   0x00000026   Code   RO         5782    .text               mf_w.l(f2d.o)
    0x08000a0a   0x08000a0a   0x0000002c   Code   RO         5803    .text               mc_w.l(uidiv.o)
    0x08000a36   0x08000a36   0x0000001e   Code   RO         5805    .text               mc_w.l(llshl.o)
    0x08000a54   0x08000a54   0x00000020   Code   RO         5807    .text               mc_w.l(llushr.o)
    0x08000a74   0x08000a74   0x00000024   Code   RO         5809    .text               mc_w.l(llsshr.o)
    0x08000a98   0x08000a98   0x0000001c   Code   RO         5818    .text               mc_w.l(_chval.o)
    0x08000ab4   0x08000ab4   0x00000028   Code   RO         5820    .text               mc_w.l(scanf_char.o)
    0x08000adc   0x08000adc   0x00000040   Code   RO         5822    .text               mc_w.l(_sgetc.o)
    0x08000b1c   0x08000b1c   0x00000000   Code   RO         5824    .text               mc_w.l(iusefp.o)
    0x08000b1c   0x08000b1c   0x000000ba   Code   RO         5827    .text               mf_w.l(depilogue.o)
    0x08000bd6   0x08000bd6   0x00000030   Code   RO         5831    .text               mf_w.l(dfixul.o)
    0x08000c06   0x08000c06   0x00000002   PAD
    0x08000c08   0x08000c08   0x00000030   Code   RO         5835    .text               mf_w.l(cdrcmple.o)
    0x08000c38   0x08000c38   0x00000024   Code   RO         5837    .text               mc_w.l(init.o)
    0x08000c5c   0x08000c5c   0x0000000a   Code   RO         5840    .text               mc_w.l(isspace_c.o)
    0x08000c66   0x08000c66   0x00000002   PAD
    0x08000c68   0x08000c68   0x0000032c   Code   RO         5842    .text               mc_w.l(_scanf.o)
    0x08000f94   0x08000f94   0x00000028   Code   RO         5845    .text               mc_w.l(ctype_c.o)
    0x08000fbc   0x08000fbc   0x00000056   Code   RO         5856    .text               mc_w.l(__dczerorl2.o)
    0x08001012   0x08001012   0x00000002   PAD
    0x08001014   0x08001014   0x00000010   Code   RO          896    i.ADC_IRQHandler    stm32f4xx_it.o
    0x08001024   0x08001024   0x00000160   Code   RO         1188    i.ADC_Init          stm32f4xx_hal_adc.o
    0x08001184   0x08001184   0x00000004   Code   RO          897    i.BusFault_Handler  stm32f4xx_it.o
    0x08001188   0x08001188   0x00000002   Code   RO          898    i.DebugMon_Handler  stm32f4xx_it.o
    0x0800118a   0x0800118a   0x00000002   Code   RO          762    i.Error_Handler     main.o
    0x0800118c   0x0800118c   0x00000002   Code   RO         1359    i.HAL_ADCEx_InjectedConvCpltCallback  stm32f4xx_hal_adc_ex.o
    0x0800118e   0x0800118e   0x00000002   PAD
    0x08001190   0x08001190   0x0000018c   Code   RO         1190    i.HAL_ADC_ConfigChannel  stm32f4xx_hal_adc.o
    0x0800131c   0x0800131c   0x00000002   Code   RO         1191    i.HAL_ADC_ConvCpltCallback  stm32f4xx_hal_adc.o
    0x0800131e   0x0800131e   0x00000002   Code   RO         1194    i.HAL_ADC_ErrorCallback  stm32f4xx_hal_adc.o
    0x08001320   0x08001320   0x00000174   Code   RO         1198    i.HAL_ADC_IRQHandler  stm32f4xx_hal_adc.o
    0x08001494   0x08001494   0x00000068   Code   RO         1199    i.HAL_ADC_Init      stm32f4xx_hal_adc.o
    0x080014fc   0x080014fc   0x00000002   Code   RO         1200    i.HAL_ADC_LevelOutOfWindowCallback  stm32f4xx_hal_adc.o
    0x080014fe   0x080014fe   0x00000002   PAD
    0x08001500   0x08001500   0x00000090   Code   RO          991    i.HAL_ADC_MspInit   stm32f4xx_hal_msp.o
    0x08001590   0x08001590   0x00000028   Code   RO         3560    i.HAL_DMA_Abort_IT  stm32f4xx_hal_dma.o
    0x080015b8   0x080015b8   0x00000200   Code   RO         3452    i.HAL_GPIO_Init     stm32f4xx_hal_gpio.o
    0x080017b8   0x080017b8   0x0000000c   Code   RO         3456    i.HAL_GPIO_WritePin  stm32f4xx_hal_gpio.o
    0x080017c4   0x080017c4   0x0000000c   Code   RO         3989    i.HAL_GetTick       stm32f4xx_hal.o
    0x080017d0   0x080017d0   0x00000018   Code   RO         3995    i.HAL_IncTick       stm32f4xx_hal.o
    0x080017e8   0x080017e8   0x0000003c   Code   RO         3996    i.HAL_Init          stm32f4xx_hal.o
    0x08001824   0x08001824   0x0000008c   Code   RO         1062    i.HAL_InitTick      stm32f4xx_hal_timebase_tim.o
    0x080018b0   0x080018b0   0x00000054   Code   RO          992    i.HAL_MspInit       stm32f4xx_hal_msp.o
    0x08001904   0x08001904   0x00000020   Code   RO         3841    i.HAL_NVIC_EnableIRQ  stm32f4xx_hal_cortex.o
    0x08001924   0x08001924   0x0000007c   Code   RO         3847    i.HAL_NVIC_SetPriority  stm32f4xx_hal_cortex.o
    0x080019a0   0x080019a0   0x00000028   Code   RO         3848    i.HAL_NVIC_SetPriorityGrouping  stm32f4xx_hal_cortex.o
    0x080019c8   0x080019c8   0x00000180   Code   RO         3053    i.HAL_RCC_ClockConfig  stm32f4xx_hal_rcc.o
    0x08001b48   0x08001b48   0x00000044   Code   RO         3057    i.HAL_RCC_GetClockConfig  stm32f4xx_hal_rcc.o
    0x08001b8c   0x08001b8c   0x0000000c   Code   RO         3058    i.HAL_RCC_GetHCLKFreq  stm32f4xx_hal_rcc.o
    0x08001b98   0x08001b98   0x00000020   Code   RO         3060    i.HAL_RCC_GetPCLK1Freq  stm32f4xx_hal_rcc.o
    0x08001bb8   0x08001bb8   0x00000020   Code   RO         3061    i.HAL_RCC_GetPCLK2Freq  stm32f4xx_hal_rcc.o
    0x08001bd8   0x08001bd8   0x000000b0   Code   RO         3062    i.HAL_RCC_GetSysClockFreq  stm32f4xx_hal_rcc.o
    0x08001c88   0x08001c88   0x00000448   Code   RO         3065    i.HAL_RCC_OscConfig  stm32f4xx_hal_rcc.o
    0x080020d0   0x080020d0   0x0000008c   Code   RO         1471    i.HAL_SPI_Init      stm32f4xx_hal_spi.o
    0x0800215c   0x0800215c   0x00000088   Code   RO          994    i.HAL_SPI_MspInit   stm32f4xx_hal_msp.o
    0x080021e4   0x080021e4   0x00000002   Code   RO         2470    i.HAL_TIMEx_BreakCallback  stm32f4xx_hal_tim_ex.o
    0x080021e6   0x080021e6   0x00000002   Code   RO         2471    i.HAL_TIMEx_CommutCallback  stm32f4xx_hal_tim_ex.o
    0x080021e8   0x080021e8   0x00000054   Code   RO         2488    i.HAL_TIMEx_MasterConfigSynchronization  stm32f4xx_hal_tim_ex.o
    0x0800223c   0x0800223c   0x00000034   Code   RO         1784    i.HAL_TIM_Base_Init  stm32f4xx_hal_tim.o
    0x08002270   0x08002270   0x000000d0   Code   RO          996    i.HAL_TIM_Base_MspInit  stm32f4xx_hal_msp.o
    0x08002340   0x08002340   0x0000002a   Code   RO         1789    i.HAL_TIM_Base_Start_IT  stm32f4xx_hal_tim.o
    0x0800236a   0x0800236a   0x00000108   Code   RO         1793    i.HAL_TIM_ConfigClockSource  stm32f4xx_hal_tim.o
    0x08002472   0x08002472   0x00000002   PAD
    0x08002474   0x08002474   0x000000e8   Code   RO         1119    i.HAL_TIM_IC_CaptureCallback  timercapture.o
    0x0800255c   0x0800255c   0x000000e0   Code   RO         1815    i.HAL_TIM_IC_ConfigChannel  stm32f4xx_hal_tim.o
    0x0800263c   0x0800263c   0x00000034   Code   RO         1818    i.HAL_TIM_IC_Init   stm32f4xx_hal_tim.o
    0x08002670   0x08002670   0x00000002   Code   RO         1820    i.HAL_TIM_IC_MspInit  stm32f4xx_hal_tim.o
    0x08002672   0x08002672   0x00000078   Code   RO         1823    i.HAL_TIM_IC_Start_IT  stm32f4xx_hal_tim.o
    0x080026ea   0x080026ea   0x00000196   Code   RO         1827    i.HAL_TIM_IRQHandler  stm32f4xx_hal_tim.o
    0x08002880   0x08002880   0x00000002   Code   RO         1830    i.HAL_TIM_OC_DelayElapsedCallback  stm32f4xx_hal_tim.o
    0x08002882   0x08002882   0x00000002   Code   RO         1857    i.HAL_TIM_PWM_PulseFinishedCallback  stm32f4xx_hal_tim.o
    0x08002884   0x08002884   0x00000018   Code   RO          763    i.HAL_TIM_PeriodElapsedCallback  main.o
    0x0800289c   0x0800289c   0x00000002   Code   RO         1870    i.HAL_TIM_TriggerCallback  stm32f4xx_hal_tim.o
    0x0800289e   0x0800289e   0x00000002   Code   RO         2732    i.HAL_UART_AbortReceiveCpltCallback  stm32f4xx_hal_uart.o
    0x080028a0   0x080028a0   0x00000078   Code   RO         2733    i.HAL_UART_AbortReceive_IT  stm32f4xx_hal_uart.o
    0x08002918   0x08002918   0x00000002   Code   RO         2742    i.HAL_UART_ErrorCallback  stm32f4xx_hal_uart.o
    0x0800291a   0x0800291a   0x00000002   PAD
    0x0800291c   0x0800291c   0x0000014c   Code   RO         2745    i.HAL_UART_IRQHandler  stm32f4xx_hal_uart.o
    0x08002a68   0x08002a68   0x00000072   Code   RO         2746    i.HAL_UART_Init     stm32f4xx_hal_uart.o
    0x08002ada   0x08002ada   0x00000002   PAD
    0x08002adc   0x08002adc   0x000001e0   Code   RO          998    i.HAL_UART_MspInit  stm32f4xx_hal_msp.o
    0x08002cbc   0x08002cbc   0x00000070   Code   RO         2751    i.HAL_UART_Receive_IT  stm32f4xx_hal_uart.o
    0x08002d2c   0x08002d2c   0x00000002   Code   RO         2752    i.HAL_UART_RxCpltCallback  stm32f4xx_hal_uart.o
    0x08002d2e   0x08002d2e   0x000000d6   Code   RO         2754    i.HAL_UART_Transmit  stm32f4xx_hal_uart.o
    0x08002e04   0x08002e04   0x00000002   Code   RO         2757    i.HAL_UART_TxCpltCallback  stm32f4xx_hal_uart.o
    0x08002e06   0x08002e06   0x00000004   Code   RO          899    i.HardFault_Handler  stm32f4xx_it.o
    0x08002e0a   0x08002e0a   0x00000002   PAD
    0x08002e0c   0x08002e0c   0x00000070   Code   RO          764    i.MX_ADC1_Init      main.o
    0x08002e7c   0x08002e7c   0x000000f4   Code   RO          765    i.MX_GPIO_Init      main.o
    0x08002f70   0x08002f70   0x00000044   Code   RO          766    i.MX_SPI1_Init      main.o
    0x08002fb4   0x08002fb4   0x000000c0   Code   RO          767    i.MX_TIM3_Init      main.o
    0x08003074   0x08003074   0x00000038   Code   RO          768    i.MX_USART1_UART_Init  main.o
    0x080030ac   0x080030ac   0x00000038   Code   RO          769    i.MX_USART2_UART_Init  main.o
    0x080030e4   0x080030e4   0x00000038   Code   RO          770    i.MX_USART3_UART_Init  main.o
    0x0800311c   0x0800311c   0x00000004   Code   RO          900    i.MemManage_Handler  stm32f4xx_it.o
    0x08003120   0x08003120   0x00000002   Code   RO          901    i.NMI_Handler       stm32f4xx_it.o
    0x08003122   0x08003122   0x00000002   PAD
    0x08003124   0x08003124   0x00000034   Code   RO         5563    i.SysTick_Handler   port.o
    0x08003158   0x08003158   0x000000b8   Code   RO          771    i.SystemClock_Config  main.o
    0x08003210   0x08003210   0x00000064   Code   RO         4232    i.SystemInit        system_stm32f4xx.o
    0x08003274   0x08003274   0x00000010   Code   RO          902    i.TIM3_IRQHandler   stm32f4xx_it.o
    0x08003284   0x08003284   0x00000010   Code   RO          903    i.TIM4_IRQHandler   stm32f4xx_it.o
    0x08003294   0x08003294   0x000000d8   Code   RO         1872    i.TIM_Base_SetConfig  stm32f4xx_hal_tim.o
    0x0800336c   0x0800336c   0x00000022   Code   RO         1873    i.TIM_CCxChannelCmd  stm32f4xx_hal_tim.o
    0x0800338e   0x0800338e   0x00000016   Code   RO         1883    i.TIM_ETR_SetConfig  stm32f4xx_hal_tim.o
    0x080033a4   0x080033a4   0x00000012   Code   RO         1884    i.TIM_ITRx_SetConfig  stm32f4xx_hal_tim.o
    0x080033b6   0x080033b6   0x00000026   Code   RO         1890    i.TIM_TI1_ConfigInputStage  stm32f4xx_hal_tim.o
    0x080033dc   0x080033dc   0x00000090   Code   RO         1891    i.TIM_TI1_SetConfig  stm32f4xx_hal_tim.o
    0x0800346c   0x0800346c   0x00000028   Code   RO         1892    i.TIM_TI2_ConfigInputStage  stm32f4xx_hal_tim.o
    0x08003494   0x08003494   0x0000003a   Code   RO         1893    i.TIM_TI2_SetConfig  stm32f4xx_hal_tim.o
    0x080034ce   0x080034ce   0x00000038   Code   RO         1894    i.TIM_TI3_SetConfig  stm32f4xx_hal_tim.o
    0x08003506   0x08003506   0x0000003c   Code   RO         1895    i.TIM_TI4_SetConfig  stm32f4xx_hal_tim.o
    0x08003542   0x08003542   0x00000014   Code   RO         2759    i.UART_DMAAbortOnError  stm32f4xx_hal_uart.o
    0x08003556   0x08003556   0x00000018   Code   RO         2764    i.UART_DMARxOnlyAbortCallback  stm32f4xx_hal_uart.o
    0x0800356e   0x0800356e   0x00000020   Code   RO         2769    i.UART_EndRxTransfer  stm32f4xx_hal_uart.o
    0x0800358e   0x0800358e   0x00000020   Code   RO         2770    i.UART_EndTransmit_IT  stm32f4xx_hal_uart.o
    0x080035ae   0x080035ae   0x000000a6   Code   RO         2772    i.UART_Receive_IT   stm32f4xx_hal_uart.o
    0x08003654   0x08003654   0x00000368   Code   RO         2773    i.UART_SetConfig    stm32f4xx_hal_uart.o
    0x080039bc   0x080039bc   0x00000068   Code   RO         2774    i.UART_Transmit_IT  stm32f4xx_hal_uart.o
    0x08003a24   0x08003a24   0x0000006c   Code   RO         2775    i.UART_WaitOnFlagUntilTimeout  stm32f4xx_hal_uart.o
    0x08003a90   0x08003a90   0x00000020   Code   RO          904    i.USART1_IRQHandler  stm32f4xx_it.o
    0x08003ab0   0x08003ab0   0x00000020   Code   RO          905    i.USART2_IRQHandler  stm32f4xx_it.o
    0x08003ad0   0x08003ad0   0x00000020   Code   RO          906    i.USART3_IRQHandler  stm32f4xx_it.o
    0x08003af0   0x08003af0   0x00000004   Code   RO          907    i.UsageFault_Handler  stm32f4xx_it.o
    0x08003af4   0x08003af4   0x0000002c   Code   RO         5750    i.__0vsnprintf      mc_w.l(printfa.o)
    0x08003b20   0x08003b20   0x00000010   Code   RO         3854    i.__NVIC_GetPriorityGrouping  stm32f4xx_hal_cortex.o
    0x08003b30   0x08003b30   0x00000028   Code   RO         3855    i.__NVIC_SetPriority  stm32f4xx_hal_cortex.o
    0x08003b58   0x08003b58   0x0000000e   Code   RO         5850    i.__scatterload_copy  mc_w.l(handlers.o)
    0x08003b66   0x08003b66   0x00000002   Code   RO         5851    i.__scatterload_null  mc_w.l(handlers.o)
    0x08003b68   0x08003b68   0x0000000e   Code   RO         5852    i.__scatterload_zeroinit  mc_w.l(handlers.o)
    0x08003b76   0x08003b76   0x00000002   PAD
    0x08003b78   0x08003b78   0x00000184   Code   RO         5752    i._fp_digits        mc_w.l(printfa.o)
    0x08003cfc   0x08003cfc   0x000006dc   Code   RO         5753    i._printf_core      mc_w.l(printfa.o)
    0x080043d8   0x080043d8   0x00000024   Code   RO         5754    i._printf_post_padding  mc_w.l(printfa.o)
    0x080043fc   0x080043fc   0x0000002e   Code   RO         5755    i._printf_pre_padding  mc_w.l(printfa.o)
    0x0800442a   0x0800442a   0x00000016   Code   RO         5756    i._snputc           mc_w.l(printfa.o)
    0x08004440   0x08004440   0x0000007c   Code   RO          432    i.app_core          app_core.o
    0x080044bc   0x080044bc   0x00000080   Code   RO          496    i.app_main          app_main.o
    0x0800453c   0x0800453c   0x00000080   Code   RO          578    i.app_modem         app_modem.o
    0x080045bc   0x080045bc   0x0000001c   Code   RO          726    i.cmdSend           idiotelement.o
    0x080045d8   0x080045d8   0x00000054   Code   RO          620    i.cmd_AT            debug.o
    0x0800462c   0x0800462c   0x00000008   Code   RO          621    i.cmd_data          debug.o
    0x08004634   0x08004634   0x00000008   Code   RO          622    i.cmd_dds           debug.o
    0x0800463c   0x0800463c   0x00000084   Code   RO          623    i.cmd_debug         debug.o
    0x080046c0   0x080046c0   0x00000008   Code   RO          624    i.cmd_dog           debug.o
    0x080046c8   0x080046c8   0x00000008   Code   RO          625    i.cmd_flash         debug.o
    0x080046d0   0x080046d0   0x00000008   Code   RO          626    i.cmd_get           debug.o
    0x080046d8   0x080046d8   0x00000008   Code   RO          627    i.cmd_led           debug.o
    0x080046e0   0x080046e0   0x00000114   Code   RO          628    i.cmd_math          debug.o
    0x080047f4   0x080047f4   0x000000c0   Code   RO          629    i.cmd_move          debug.o
    0x080048b4   0x080048b4   0x00000008   Code   RO          630    i.cmd_setting       debug.o
    0x080048bc   0x080048bc   0x00000008   Code   RO          631    i.cmd_start         debug.o
    0x080048c4   0x080048c4   0x00000006   Code   RO          632    i.cmd_stop          debug.o
    0x080048ca   0x080048ca   0x0000006e   Code   RO          727    i.cmd_write         idiotelement.o
    0x08004938   0x08004938   0x000000e8   Code   RO          433    i.core_msgHandler   app_core.o
    0x08004a20   0x08004a20   0x0000000a   Code   RO          434    i.core_usart1Idle_IT  app_core.o
    0x08004a2a   0x08004a2a   0x0000000a   Code   RO          435    i.core_usart2Idle_IT  app_core.o
    0x08004a34   0x08004a34   0x0000000a   Code   RO          436    i.core_usart3Idle_IT  app_core.o
    0x08004a3e   0x08004a3e   0x00000004   Code   RO          437    i.core_usart4Idle_IT  app_core.o
    0x08004a42   0x08004a42   0x00000004   Code   RO          438    i.core_usart5Idle_IT  app_core.o
    0x08004a46   0x08004a46   0x00000002   PAD
    0x08004a48   0x08004a48   0x000000c4   Code   RO          633    i.debug_proc        debug.o
    0x08004b0c   0x08004b0c   0x00000040   Code   RO          107    i.getLevelString    log.o
    0x08004b4c   0x08004b4c   0x0000001c   Code   RO          108    i.get_currentTaskName  log.o
    0x08004b68   0x08004b68   0x00000010   Code   RO         5144    i.inHandlerMode     cmsis_os.o
    0x08004b78   0x08004b78   0x00000030   Code   RO          110    i.log_header        log.o
    0x08004ba8   0x08004ba8   0x00000120   Code   RO          111    i.log_hex           log.o
    0x08004cc8   0x08004cc8   0x00000048   Code   RO          112    i.log_print         log.o
    0x08004d10   0x08004d10   0x0000014c   Code   RO          775    i.main              main.o
    0x08004e5c   0x08004e5c   0x00000138   Code   RO          497    i.main_msgproc      app_main.o
    0x08004f94   0x08004f94   0x00000084   Code   RO          498    i.main_usart1Recv   app_main.o
    0x08005018   0x08005018   0x00000080   Code   RO          499    i.main_usart2Recv   app_main.o
    0x08005098   0x08005098   0x0000006c   Code   RO          500    i.main_usart3Recv   app_main.o
    0x08005104   0x08005104   0x00000006   Code   RO          501    i.main_usart4Recv   app_main.o
    0x0800510a   0x0800510a   0x00000006   Code   RO          502    i.main_usart5Recv   app_main.o
    0x08005110   0x08005110   0x0000000e   Code   RO         5146    i.makeFreeRtosPriority  cmsis_os.o
    0x0800511e   0x0800511e   0x00000006   Code   RO          579    i.modem_getMeasureData  app_modem.o
    0x08005124   0x08005124   0x000000fc   Code   RO           10    i.msg_msgProc       msg.o
    0x08005220   0x08005220   0x0000001c   Code   RO           12    i.msg_sendCoreCmd   msg.o
    0x0800523c   0x0800523c   0x000000cc   Code   RO           13    i.msg_sendData      msg.o
    0x08005308   0x08005308   0x00000044   Code   RO         1120    i.msgall_timeout    timercapture.o
    0x0800534c   0x0800534c   0x0000000a   Code   RO         5151    i.osKernelStart     cmsis_os.o
    0x08005356   0x08005356   0x00000012   Code   RO         5160    i.osMessageCreate   cmsis_os.o
    0x08005368   0x08005368   0x00000030   Code   RO         5185    i.osThreadCreate    cmsis_os.o
    0x08005398   0x08005398   0x00000028   Code   RO         5196    i.osTimerCreate     cmsis_os.o
    0x080053c0   0x080053c0   0x00000068   Code   RO         5198    i.osTimerStart      cmsis_os.o
    0x08005428   0x08005428   0x00000030   Code   RO         4706    i.pcTaskGetName     tasks.o
    0x08005458   0x08005458   0x00000038   Code   RO          113    i.print_currentTime  log.o
    0x08005490   0x08005490   0x00000098   Code   RO         4707    i.prvAddCurrentTaskToDelayedList  tasks.o
    0x08005528   0x08005528   0x000000b4   Code   RO         4708    i.prvAddNewTaskToReadyList  tasks.o
    0x080055dc   0x080055dc   0x00000064   Code   RO         5011    i.prvCheckForValidListAndQueue  timers.o
    0x08005640   0x08005640   0x00000048   Code   RO         4709    i.prvCheckTasksWaitingTermination  tasks.o
    0x08005688   0x08005688   0x0000002a   Code   RO         4403    i.prvCopyDataFromQueue  queue.o
    0x080056b2   0x080056b2   0x0000007c   Code   RO         4404    i.prvCopyDataToQueue  queue.o
    0x0800572e   0x0800572e   0x00000012   Code   RO         4710    i.prvDeleteTCB      tasks.o
    0x08005740   0x08005740   0x00000028   Code   RO         5012    i.prvGetNextExpireTime  timers.o
    0x08005768   0x08005768   0x0000007c   Code   RO         5513    i.prvHeapInit       heap_4.o
    0x080057e4   0x080057e4   0x00000028   Code   RO         4711    i.prvIdleTask       tasks.o
    0x0800580c   0x0800580c   0x00000026   Code   RO         4407    i.prvInitialiseNewQueue  queue.o
    0x08005832   0x08005832   0x000000aa   Code   RO         4712    i.prvInitialiseNewTask  tasks.o
    0x080058dc   0x080058dc   0x0000004e   Code   RO         5013    i.prvInitialiseNewTimer  timers.o
    0x0800592a   0x0800592a   0x00000002   PAD
    0x0800592c   0x0800592c   0x00000068   Code   RO         4713    i.prvInitialiseTaskLists  tasks.o
    0x08005994   0x08005994   0x00000068   Code   RO         5514    i.prvInsertBlockIntoFreeList  heap_4.o
    0x080059fc   0x080059fc   0x00000058   Code   RO         5014    i.prvInsertTimerInActiveList  timers.o
    0x08005a54   0x08005a54   0x0000001a   Code   RO         4408    i.prvIsQueueEmpty   queue.o
    0x08005a6e   0x08005a6e   0x0000001e   Code   RO         4409    i.prvIsQueueFull    queue.o
    0x08005a8c   0x08005a8c   0x00000064   Code   RO         5015    i.prvProcessExpiredTimer  timers.o
    0x08005af0   0x08005af0   0x000000f4   Code   RO         5016    i.prvProcessReceivedCommands  timers.o
    0x08005be4   0x08005be4   0x00000074   Code   RO         5017    i.prvProcessTimerOrBlockTask  timers.o
    0x08005c58   0x08005c58   0x00000034   Code   RO         4714    i.prvResetNextTaskUnblockTime  tasks.o
    0x08005c8c   0x08005c8c   0x0000002c   Code   RO         5018    i.prvSampleTimeNow  timers.o
    0x08005cb8   0x08005cb8   0x000000a0   Code   RO         5019    i.prvSwitchTimerLists  timers.o
    0x08005d58   0x08005d58   0x00000040   Code   RO         5564    i.prvTaskExitError  port.o
    0x08005d98   0x08005d98   0x0000001a   Code   RO         5020    i.prvTimerTask      timers.o
    0x08005db2   0x08005db2   0x0000007e   Code   RO         4410    i.prvUnlockQueue    queue.o
    0x08005e30   0x08005e30   0x0000013c   Code   RO         5515    i.pvPortMalloc      heap_4.o
    0x08005f6c   0x08005f6c   0x0000002c   Code   RO         5565    i.pxPortInitialiseStack  port.o
    0x08005f98   0x08005f98   0x0000003a   Code   RO          114    i.splitFileName     log.o
    0x08005fd2   0x08005fd2   0x00000002   PAD
    0x08005fd4   0x08005fd4   0x00000018   Code   RO          503    i.stm32_init        app_main.o
    0x08005fec   0x08005fec   0x00000018   Code   RO          384    i.timer1_cb         timer.o
    0x08006004   0x08006004   0x00000002   Code   RO          777    i.timer2_cb         main.o
    0x08006006   0x08006006   0x00000002   PAD
    0x08006008   0x08006008   0x00000030   Code   RO          387    i.timer_start       timer.o
    0x08006038   0x08006038   0x00000070   Code   RO          389    i.timer_update_IT   timer.o
    0x080060a8   0x080060a8   0x00000014   Code   RO          287    i.uart1_recv_proc   usart.o
    0x080060bc   0x080060bc   0x00000014   Code   RO          288    i.uart2_recv_proc   usart.o
    0x080060d0   0x080060d0   0x00000014   Code   RO          289    i.uart3_recv_proc   usart.o
    0x080060e4   0x080060e4   0x00000014   Code   RO          290    i.usart1_recvData_IT  usart.o
    0x080060f8   0x080060f8   0x00000038   Code   RO          291    i.usart1_timeout    usart.o
    0x08006130   0x08006130   0x00000014   Code   RO          292    i.usart2_recvData_IT  usart.o
    0x08006144   0x08006144   0x00000038   Code   RO          293    i.usart2_timeout    usart.o
    0x0800617c   0x0800617c   0x00000014   Code   RO          294    i.usart3_recvData_IT  usart.o
    0x08006190   0x08006190   0x00000038   Code   RO          295    i.usart3_timeout    usart.o
    0x080061c8   0x080061c8   0x0000008c   Code   RO          297    i.usart_init        usart.o
    0x08006254   0x08006254   0x00000020   Code   RO          299    i.usart_transmit_data  usart.o
    0x08006274   0x08006274   0x00000028   Code   RO         4363    i.uxListRemove      list.o
    0x0800629c   0x0800629c   0x0000001a   Code   RO         4364    i.vListInitialise   list.o
    0x080062b6   0x080062b6   0x00000006   Code   RO         4365    i.vListInitialiseItem  list.o
    0x080062bc   0x080062bc   0x00000034   Code   RO         4366    i.vListInsert       list.o
    0x080062f0   0x080062f0   0x00000018   Code   RO         4367    i.vListInsertEnd    list.o
    0x08006308   0x08006308   0x00000054   Code   RO         5567    i.vPortEnterCritical  port.o
    0x0800635c   0x0800635c   0x0000003c   Code   RO         5568    i.vPortExitCritical  port.o
    0x08006398   0x08006398   0x00000094   Code   RO         5516    i.vPortFree         heap_4.o
    0x0800642c   0x0800642c   0x00000028   Code   RO         5569    i.vPortSetupTimerInterrupt  port.o
    0x08006454   0x08006454   0x00000078   Code   RO         5570    i.vPortValidateInterruptPriority  port.o
    0x080064cc   0x080064cc   0x0000002c   Code   RO         4414    i.vQueueAddToRegistry  queue.o
    0x080064f8   0x080064f8   0x0000004a   Code   RO         4417    i.vQueueWaitForMessageRestricted  queue.o
    0x08006542   0x08006542   0x00000002   PAD
    0x08006544   0x08006544   0x00000018   Code   RO         4725    i.vTaskInternalSetTimeOutState  tasks.o
    0x0800655c   0x0800655c   0x0000000c   Code   RO         4726    i.vTaskMissedYield  tasks.o
    0x08006568   0x08006568   0x00000038   Code   RO         4728    i.vTaskPlaceOnEventList  tasks.o
    0x080065a0   0x080065a0   0x00000040   Code   RO         4729    i.vTaskPlaceOnEventListRestricted  tasks.o
    0x080065e0   0x080065e0   0x00000094   Code   RO         4736    i.vTaskStartScheduler  tasks.o
    0x08006674   0x08006674   0x00000010   Code   RO         4738    i.vTaskSuspendAll   tasks.o
    0x08006684   0x08006684   0x0000008c   Code   RO         4739    i.vTaskSwitchContext  tasks.o
    0x08006710   0x08006710   0x00000168   Code   RO         5571    i.xPortStartScheduler  port.o
    0x08006878   0x08006878   0x00000058   Code   RO         4419    i.xQueueGenericCreate  queue.o
    0x080068d0   0x080068d0   0x00000098   Code   RO         4420    i.xQueueGenericReset  queue.o
    0x08006968   0x08006968   0x000001a8   Code   RO         4421    i.xQueueGenericSend  queue.o
    0x08006b10   0x08006b10   0x000000f8   Code   RO         4422    i.xQueueGenericSendFromISR  queue.o
    0x08006c08   0x08006c08   0x00000168   Code   RO         4428    i.xQueueReceive     queue.o
    0x08006d70   0x08006d70   0x0000008c   Code   RO         4740    i.xTaskCheckForTimeOut  tasks.o
    0x08006dfc   0x08006dfc   0x00000060   Code   RO         4741    i.xTaskCreate       tasks.o
    0x08006e5c   0x08006e5c   0x0000000c   Code   RO         4744    i.xTaskGetCurrentTaskHandle  tasks.o
    0x08006e68   0x08006e68   0x00000020   Code   RO         4745    i.xTaskGetSchedulerState  tasks.o
    0x08006e88   0x08006e88   0x0000000c   Code   RO         4746    i.xTaskGetTickCount  tasks.o
    0x08006e94   0x08006e94   0x00000148   Code   RO         4748    i.xTaskIncrementTick  tasks.o
    0x08006fdc   0x08006fdc   0x000000c8   Code   RO         4751    i.xTaskPriorityDisinherit  tasks.o
    0x080070a4   0x080070a4   0x00000098   Code   RO         4753    i.xTaskRemoveFromEventList  tasks.o
    0x0800713c   0x0800713c   0x00000104   Code   RO         4754    i.xTaskResumeAll    tasks.o
    0x08007240   0x08007240   0x00000030   Code   RO         5023    i.xTimerCreate      timers.o
    0x08007270   0x08007270   0x00000054   Code   RO         5024    i.xTimerCreateTimerTask  timers.o
    0x080072c4   0x080072c4   0x00000084   Code   RO         5025    i.xTimerGenericCommand  timers.o
    0x08007348   0x08007348   0x00000025   Data   RO           14    .constdata          msg.o
    0x0800736d   0x0800736d   0x0000000b   Data   RO          301    .constdata          usart.o
    0x08007378   0x08007378   0x00000019   Data   RO          439    .constdata          app_core.o
    0x08007391   0x08007391   0x00000046   Data   RO          505    .constdata          app_main.o
    0x080073d7   0x080073d7   0x0000000a   Data   RO          583    .constdata          app_modem.o
    0x080073e1   0x080073e1   0x00000003   PAD
    0x080073e4   0x080073e4   0x0000003c   Data   RO          634    .constdata          debug.o
    0x08007420   0x08007420   0x0000005c   Data   RO          779    .constdata          main.o
    0x0800747c   0x0800747c   0x00000018   Data   RO         4233    .constdata          system_stm32f4xx.o
    0x08007494   0x08007494   0x0000000c   Data   RO         5728    .constdata          mc_w.l(localtime.o)
    0x080074a0   0x080074a0   0x00000040   Data   RO         5846    .constdata          mc_w.l(ctype_c.o)
    0x080074e0   0x080074e0   0x00000021   Data   RO          780    .conststring        main.o
    0x08007501   0x08007501   0x00000003   PAD
    0x08007504   0x08007504   0x00000020   Data   RO         5848    Region$$Table       anon$$obj.o


    Execution Region RW_IRAM1 (Exec base: 0x20000000, Load base: 0x08007524, Size: 0x0000cfe8, Max: 0x00020000, ABSOLUTE, COMPRESSED[0x000000b4])

    Exec Addr    Load Addr    Size         Type   Attr      Idx    E Section Name        Object

    0x20000000   COMPRESSED   0x00000004   Data   RW          391    .data               timer.o
    0x20000004   COMPRESSED   0x00000028   Data   RW          440    .data               app_core.o
    0x2000002c   COMPRESSED   0x00000030   Data   RW          506    .data               app_main.o
    0x2000005c   COMPRESSED   0x00000008   Data   RW          584    .data               app_modem.o
    0x20000064   COMPRESSED   0x00000104   Data   RW          635    .data               debug.o
    0x20000168   COMPRESSED   0x00000020   Data   RW          781    .data               main.o
    0x20000188   COMPRESSED   0x00000007   Data   RW         1121    .data               timercapture.o
    0x2000018f   COMPRESSED   0x00000001   PAD
    0x20000190   COMPRESSED   0x00000009   Data   RW         4003    .data               stm32f4xx_hal.o
    0x20000199   COMPRESSED   0x00000003   PAD
    0x2000019c   COMPRESSED   0x00000004   Data   RW         4234    .data               system_stm32f4xx.o
    0x200001a0   COMPRESSED   0x0000003c   Data   RW         4757    .data               tasks.o
    0x200001dc   COMPRESSED   0x00000014   Data   RW         5031    .data               timers.o
    0x200001f0   COMPRESSED   0x00000018   Data   RW         5521    .data               heap_4.o
    0x20000208   COMPRESSED   0x0000000c   Data   RW         5572    .data               port.o
    0x20000214        -       0x0000025b   Zero   RW          300    .bss                usart.o
    0x2000046f   COMPRESSED   0x00000001   PAD
    0x20000470        -       0x000000c0   Zero   RW          390    .bss                timer.o
    0x20000530        -       0x000001a0   Zero   RW          778    .bss                main.o
    0x200006d0        -       0x00000040   Zero   RW         1065    .bss                stm32f4xx_hal_timebase_tim.o
    0x20000710        -       0x00000040   Zero   RW         4431    .bss                queue.o
    0x20000750        -       0x000000f0   Zero   RW         4756    .bss                tasks.o
    0x20000840        -       0x00000028   Zero   RW         5030    .bss                timers.o
    0x20000868        -       0x0000c350   Zero   RW         5520    .bss                heap_4.o
    0x2000cbb8        -       0x0000002c   Zero   RW         5727    .bss                mc_w.l(localtime.o)
    0x2000cbe4   COMPRESSED   0x00000004   PAD
    0x2000cbe8        -       0x00000400   Zero   RW            1    STACK               startup_stm32f407xx.o


==============================================================================

Image component sizes


      Code (inc. data)   RO Data    RW Data    ZI Data      Debug   Object Name

       394        172         25         40          0       4173   app_core.o
       844        386         70         48          0      18466   app_main.o
       134         64         10          8          0       1715   app_modem.o
       250          8          0          0          0      19610   cmsis_os.o
       950        290         60        260          0       9733   debug.o
         0          0          0          0          0       9476   event_groups.o
       692         62          0         24      50000       4719   heap_4.o
       138          4          0          0          0       1378   idiotelement.o
       148          0          0          0          0       3510   list.o
       614        128          0          0          0     717518   log.o
      1328        126        125         32        416       7854   main.o
       484        162         37          0          0      31128   msg.o
      1014         92          0         12          0      11929   port.o
      1776         20          0          0         64      14066   queue.o
        36          8        392          0       1024        828   startup_stm32f407xx.o
        96         20          0          9          0       3194   stm32f4xx_hal.o
      1230         28          0          0          0       5330   stm32f4xx_hal_adc.o
         2          0          0          0          0        989   stm32f4xx_hal_adc_ex.o
       252         22          0          0          0      33618   stm32f4xx_hal_cortex.o
        40          0          0          0          0       1107   stm32f4xx_hal_dma.o
       524         46          0          0          0       2284   stm32f4xx_hal_gpio.o
      1052         78          0          0          0       4088   stm32f4xx_hal_msp.o
      1800         94          0          0          0       6105   stm32f4xx_hal_rcc.o
       140          0          0          0          0       1147   stm32f4xx_hal_spi.o
      1854         76          0          0          0      15474   stm32f4xx_hal_tim.o
        88          0          0          0          0       2397   stm32f4xx_hal_tim_ex.o
       140         18          0          0         64       1419   stm32f4xx_hal_timebase_tim.o
      2258         16          0          0          0      12212   stm32f4xx_hal_uart.o
       164         30          0          0          0       5566   stm32f4xx_it.o
       100         18         24          4          0       1127   system_stm32f4xx.o
      2528        348          0         60        240      22901   tasks.o
       184         12          0          4        192       2148   timer.o
       300         74          0          7          0       1880   timercapture.o
      1260        114          0         20         40      19994   timers.o
       460        122         11          0        603       6866   usart.o

    ----------------------------------------------------------------------
     23300       2638        792        532      52644    1005949   Object Totals
         0          0         32          0          0          0   (incl. Generated)
        26          0          6          4          1          0   (incl. Padding)

    ----------------------------------------------------------------------

      Code (inc. data)   RO Data    RW Data    ZI Data      Debug   Library Member Name

         8          0          0          0          0      17423   arm_mat_init_f32.o
       316          4          0          0          0       2375   arm_mat_mult_f32.o
        56          8          0          0          0         84   __0sscanf.o
        86          0          0          0          0          0   __dczerorl2.o
        28          0          0          0          0         68   _chval.o
       812          4          0          0          0        112   _scanf.o
       332          0          0          0          0         96   _scanf_int.o
        64          0          0          0          0         84   _sgetc.o
        40          6         64          0          0         68   ctype_c.o
         0          0          0          0          0          0   entry.o
         0          0          0          0          0          0   entry10a.o
         0          0          0          0          0          0   entry11a.o
         8          4          0          0          0          0   entry2.o
         4          0          0          0          0          0   entry5.o
         0          0          0          0          0          0   entry7b.o
         0          0          0          0          0          0   entry8b.o
         8          4          0          0          0          0   entry9a.o
        30          0          0          0          0          0   handlers.o
        36          8          0          0          0         68   init.o
        10          0          0          0          0         68   isspace_c.o
         0          0          0          0          0          0   iusefp.o
        30          0          0          0          0         68   llshl.o
        36          0          0          0          0         68   llsshr.o
        32          0          0          0          0         68   llushr.o
       148         10         12          0         44         76   localtime.o
        36          0          0          0          0         68   memcpya.o
        36          0          0          0          0        108   memseta.o
      2292         84          0          0          0        516   printfa.o
        40          8          0          0          0         84   scanf_char.o
        14          0          0          0          0         68   strlen.o
        30          0          0          0          0         80   strncmp.o
        32          0          0          0          0         68   strrchr.o
        44          0          0          0          0         80   uidiv.o
        98          0          0          0          0         92   uldiv.o
        48          0          0          0          0         68   cdrcmple.o
       334          0          0          0          0        148   dadd.o
       222          0          0          0          0        100   ddiv.o
       186          0          0          0          0        176   depilogue.o
        48          0          0          0          0         68   dfixul.o
       228          0          0          0          0         96   dmul.o
        38          0          0          0          0         68   f2d.o

    ----------------------------------------------------------------------
      5820        140         76          0         48      22614   Library Totals
        10          0          0          0          4          0   (incl. Padding)

    ----------------------------------------------------------------------

      Code (inc. data)   RO Data    RW Data    ZI Data      Debug   Library Name

       324          4          0          0          0      19798   arm_cortexM4lf_math.lib
      4382        136         76          0         44       2092   mc_w.l
      1104          0          0          0          0        724   mf_w.l

    ----------------------------------------------------------------------
      5820        140         76          0         48      22614   Library Totals

    ----------------------------------------------------------------------

==============================================================================


      Code (inc. data)   RO Data    RW Data    ZI Data      Debug   

     29120       2778        868        532      52692    1004487   Grand Totals
     29120       2778        868        180      52692    1004487   ELF Image Totals (compressed)
     29120       2778        868        180          0          0   ROM Totals

==============================================================================

    Total RO  Size (Code + RO Data)                29988 (  29.29kB)
    Total RW  Size (RW Data + ZI Data)             53224 (  51.98kB)
    Total ROM Size (Code + RO Data + RW Data)      30168 (  29.46kB)

==============================================================================

